<*GNU-Linker-generated-mapfile*> 
Archive member included to satisfy reference by file (symbol)

C:\Program Files\dSPACE RCPHIL 2020-B\DS1202\Lib/librtversion.a(RtVersion.o)
                              (--whole-archive)
C:\Program Files\dSPACE RCPHIL 2020-B\DS1202\Lib/librtglobals.a(DsEESPort.o)
                              (--whole-archive)
C:\Program Files\dSPACE RCPHIL 2020-B\DS1202\Lib/libm_fastpow.a(w_pow.o)
                              C:\Program Files\dSPACE RCPHIL 2020-B\DS1202\Lib/librt1202.so (pow)
C:\Program Files\dSPACE RCPHIL 2020-B\DS1202\Lib/libm_fastpow.a(e_pow.o)
                              C:\Program Files\dSPACE RCPHIL 2020-B\DS1202\Lib/libm_fastpow.a(w_pow.o) (__ieee754_pow)
C:\Program Files\dSPACE RCPHIL 2020-B\DS1202\Lib/libm_fastpow.a(s_scalbn.o)
                              C:\Program Files\dSPACE RCPHIL 2020-B\DS1202\Lib/libm_fastpow.a(e_pow.o) (scalbn)

As-needed library included to satisfy reference by file (symbol)

libDsRealTimeTestingRP.so.1   rti_sim_engine.o07 (dsrtt_script_service_pre_computation)

Memory Configuration

Name             Origin             Length             Attributes
*default*        0x0000000000000000 0xffffffffffffffff

Linker script and memory map

LOAD C:\ProgramData\dSPACE\A8EFD7E5-F405-47E4-9A8A-DE544031D1F0\Compiler\QNX650_520\target\qnx6/ppcbe/lib/crt1.o
LOAD C:\ProgramData\dSPACE\A8EFD7E5-F405-47E4-9A8A-DE544031D1F0\Compiler\QNX650_520\target\qnx6/ppcbe/lib/crti.o
LOAD c:/programdata/dspace/a8efd7e5-f405-47e4-9a8a-de544031d1f0/compiler/qnx650_520/host/win32/x86/usr/bin/../lib/gcc/powerpc-unknown-nto-qnx6.5.0/5.2.0/crtbegin.o
                0x0000000000000000                _DSPACE_START = 0x0
                0x0000000000000000                _DSPACE_START_ = 0x0
                0x00000000000004b2                DS_TARGET_PLATFORM = 0x4b2
START GROUP
LOAD Ball_and_Plate_MicroLabBox.o07
LOAD Ball_and_Plate_MicroLabBox_data.o07
LOAD Ball_and_Plate_MicroLabBox_trc_ptr.o07
LOAD rt_zcfcn.o07
LOAD rti_sim_engine.o07
LOAD rti_init_c.o07
LOAD rt_sim.o07
LOAD rti_assert.o07
LOAD C:\Program Files\dSPACE RCPHIL 2020-B\DS1202\Lib/librtcan.so
LOAD C:\Program Files\dSPACE RCPHIL 2020-B\DS1202\Lib/librtj1939.so
LOAD C:\Program Files\dSPACE RCPHIL 2020-B\DS1202\Lib/librtser.so
LOAD C:\Program Files\dSPACE RCPHIL 2020-B\DS1202\Lib/librt13xxio.so
LOAD C:\Program Files\dSPACE RCPHIL 2020-B\DS1202\Lib/librt1202.so
LOAD C:\Program Files\dSPACE RCPHIL 2020-B\DS1202\Lib/librtwrap.so
LOAD C:\Program Files\dSPACE RCPHIL 2020-B\DS1202\Lib/librtversion.a
LOAD C:\Program Files\dSPACE RCPHIL 2020-B\DS1202\Lib/librtglobals.a
LOAD C:\Program Files\dSPACE RCPHIL 2020-B\DS1202\Lib/libm_fastpow.a
END GROUP
LOAD C:\Program Files\dSPACE RCPHIL 2020-B\DS1202\Lib/libstdc++.so
LOAD C:\ProgramData\dSPACE\A8EFD7E5-F405-47E4-9A8A-DE544031D1F0\Compiler\QNX650_520\target\qnx6/ppcbe/lib/libm.so
LOAD c:/programdata/dspace/a8efd7e5-f405-47e4-9a8a-de544031d1f0/compiler/qnx650_520/host/win32/x86/usr/bin/../lib/gcc/powerpc-unknown-nto-qnx6.5.0/5.2.0\libgcc.a
LOAD C:\ProgramData\dSPACE\A8EFD7E5-F405-47E4-9A8A-DE544031D1F0\Compiler\QNX650_520\target\qnx6/ppcbe/lib/libc.so
LOAD C:\ProgramData\dSPACE\A8EFD7E5-F405-47E4-9A8A-DE544031D1F0\Compiler\QNX650_520\target\qnx6/ppcbe/lib\libc.a
LOAD c:/programdata/dspace/a8efd7e5-f405-47e4-9a8a-de544031d1f0/compiler/qnx650_520/host/win32/x86/usr/bin/../lib/gcc/powerpc-unknown-nto-qnx6.5.0/5.2.0\libgcc.a
LOAD c:/programdata/dspace/a8efd7e5-f405-47e4-9a8a-de544031d1f0/compiler/qnx650_520/host/win32/x86/usr/bin/../lib/gcc/powerpc-unknown-nto-qnx6.5.0/5.2.0/crtend.o
LOAD C:\ProgramData\dSPACE\A8EFD7E5-F405-47E4-9A8A-DE544031D1F0\Compiler\QNX650_520\target\qnx6/ppcbe/lib/crtn.o
                [!provide]                        PROVIDE (__stack, 0x0)
                [!provide]                        PROVIDE (___stack, 0x0)
                [!provide]                        PROVIDE (__executable_start, 0x48040000)
                0x0000000048040134                . = (0x48040000 + SIZEOF_HEADERS)

.interp         0x0000000048040134       0x14
 *(.interp)
 .interp        0x0000000048040134       0x14 C:\ProgramData\dSPACE\A8EFD7E5-F405-47E4-9A8A-DE544031D1F0\Compiler\QNX650_520\target\qnx6/ppcbe/lib/crt1.o

.note           0x0000000048040150       0x18
 .note          0x0000000048040150       0x18 C:\ProgramData\dSPACE\A8EFD7E5-F405-47E4-9A8A-DE544031D1F0\Compiler\QNX650_520\target\qnx6/ppcbe/lib/crtn.o

.note.gnu.build-id
                0x0000000048040168       0x20
 *(.note.gnu.build-id)
 .note.gnu.build-id
                0x0000000048040168       0x20 C:\ProgramData\dSPACE\A8EFD7E5-F405-47E4-9A8A-DE544031D1F0\Compiler\QNX650_520\target\qnx6/ppcbe/lib/crt1.o

.hash           0x0000000048040188      0x360
 *(.hash)
 .hash          0x0000000048040188      0x360 C:\ProgramData\dSPACE\A8EFD7E5-F405-47E4-9A8A-DE544031D1F0\Compiler\QNX650_520\target\qnx6/ppcbe/lib/crt1.o

.gnu.hash
 *(.gnu.hash)

.dynsym         0x00000000480404e8      0x750
 *(.dynsym)
 .dynsym        0x00000000480404e8      0x750 C:\ProgramData\dSPACE\A8EFD7E5-F405-47E4-9A8A-DE544031D1F0\Compiler\QNX650_520\target\qnx6/ppcbe/lib/crt1.o

.dynstr         0x0000000048040c38      0x98a
 *(.dynstr)
 .dynstr        0x0000000048040c38      0x98a C:\ProgramData\dSPACE\A8EFD7E5-F405-47E4-9A8A-DE544031D1F0\Compiler\QNX650_520\target\qnx6/ppcbe/lib/crt1.o

.gnu.version    0x00000000480415c2        0x0
 *(.gnu.version)
 .gnu.version   0x00000000480415c2        0x0 C:\ProgramData\dSPACE\A8EFD7E5-F405-47E4-9A8A-DE544031D1F0\Compiler\QNX650_520\target\qnx6/ppcbe/lib/crt1.o

.gnu.version_d  0x00000000480415c4        0x0
 *(.gnu.version_d)
 .gnu.version_d
                0x00000000480415c4        0x0 C:\ProgramData\dSPACE\A8EFD7E5-F405-47E4-9A8A-DE544031D1F0\Compiler\QNX650_520\target\qnx6/ppcbe/lib/crt1.o

.gnu.version_r  0x00000000480415c4        0x0
 *(.gnu.version_r)
 .gnu.version_r
                0x00000000480415c4        0x0 C:\ProgramData\dSPACE\A8EFD7E5-F405-47E4-9A8A-DE544031D1F0\Compiler\QNX650_520\target\qnx6/ppcbe/lib/crt1.o

.rel.dyn
 *(.rel.init)
 *(.rel.text .rel.text.* .rel.gnu.linkonce.t.*)
 *(.rel.fini)
 *(.rel.rodata .rel.rodata.* .rel.gnu.linkonce.r.*)
 *(.rel.data.rel.ro* .rel.gnu.linkonce.d.rel.ro.*)
 *(.rel.data .rel.data.* .rel.gnu.linkonce.d.*)
 *(.rel.tdata .rel.tdata.* .rel.gnu.linkonce.td.*)
 *(.rel.tbss .rel.tbss.* .rel.gnu.linkonce.tb.*)
 *(.rel.ctors)
 *(.rel.dtors)
 *(.rel.got)
 *(.rel.sdata .rel.sdata.* .rel.gnu.linkonce.s.*)
 *(.rel.sbss .rel.sbss.* .rel.gnu.linkonce.sb.*)
 *(.rel.sdata2 .rel.sdata2.* .rel.gnu.linkonce.s2.*)
 *(.rel.sbss2 .rel.sbss2.* .rel.gnu.linkonce.sb2.*)
 *(.rel.bss .rel.bss.* .rel.gnu.linkonce.b.*)

.rela.dyn       0x00000000480415c4       0x6c
 *(.rela.init)
 *(.rela.text .rela.text.* .rela.gnu.linkonce.t.*)
 .rela.text     0x00000000480415c4        0x0 C:\ProgramData\dSPACE\A8EFD7E5-F405-47E4-9A8A-DE544031D1F0\Compiler\QNX650_520\target\qnx6/ppcbe/lib/crt1.o
 *(.rela.fini)
 *(.rela.rodata .rela.rodata.* .rela.gnu.linkonce.r.*)
 .rela.rodata   0x00000000480415c4        0x0 C:\ProgramData\dSPACE\A8EFD7E5-F405-47E4-9A8A-DE544031D1F0\Compiler\QNX650_520\target\qnx6/ppcbe/lib/crt1.o
 *(.rela.data .rela.data.* .rela.gnu.linkonce.d.*)
 *(.rela.tdata .rela.tdata.* .rela.gnu.linkonce.td.*)
 *(.rela.tbss .rela.tbss.* .rela.gnu.linkonce.tb.*)
 *(.rela.ctors)
 *(.rela.dtors)
 *(.rela.got)
 .rela.got      0x00000000480415c4       0x48 C:\ProgramData\dSPACE\A8EFD7E5-F405-47E4-9A8A-DE544031D1F0\Compiler\QNX650_520\target\qnx6/ppcbe/lib/crt1.o
 *(.rela.got1)
 *(.rela.got2)
 *(.rela.sdata .rela.sdata.* .rela.gnu.linkonce.s.*)
 *(.rela.sbss .rela.sbss.* .rela.gnu.linkonce.sb.*)
 .rela.sbss     0x000000004804160c        0x0 C:\ProgramData\dSPACE\A8EFD7E5-F405-47E4-9A8A-DE544031D1F0\Compiler\QNX650_520\target\qnx6/ppcbe/lib/crt1.o
 *(.rela.sdata2 .rela.sdata2.* .rela.gnu.linkonce.s2.*)
 *(.rela.sbss2 .rela.sbss2.* .rela.gnu.linkonce.sb2.*)
 *(.rela.bss .rela.bss.* .rela.gnu.linkonce.b.*)
 .rela.bss      0x000000004804160c       0x24 C:\ProgramData\dSPACE\A8EFD7E5-F405-47E4-9A8A-DE544031D1F0\Compiler\QNX650_520\target\qnx6/ppcbe/lib/crt1.o
 .rela.iplt     0x0000000048041630        0x0 C:\ProgramData\dSPACE\A8EFD7E5-F405-47E4-9A8A-DE544031D1F0\Compiler\QNX650_520\target\qnx6/ppcbe/lib/crt1.o

.rel.plt
 *(.rel.plt)

.rela.plt       0x0000000048041630      0x498
 *(.rela.plt)
 .rela.plt      0x0000000048041630      0x498 C:\ProgramData\dSPACE\A8EFD7E5-F405-47E4-9A8A-DE544031D1F0\Compiler\QNX650_520\target\qnx6/ppcbe/lib/crt1.o

.init           0x0000000048041ac8       0x24
 *(.init)
 .init          0x0000000048041ac8        0xc C:\ProgramData\dSPACE\A8EFD7E5-F405-47E4-9A8A-DE544031D1F0\Compiler\QNX650_520\target\qnx6/ppcbe/lib/crti.o
                0x0000000048041ac8                _init
 .init          0x0000000048041ad4        0x4 c:/programdata/dspace/a8efd7e5-f405-47e4-9a8a-de544031d1f0/compiler/qnx650_520/host/win32/x86/usr/bin/../lib/gcc/powerpc-unknown-nto-qnx6.5.0/5.2.0/crtbegin.o
 .init          0x0000000048041ad8        0x4 c:/programdata/dspace/a8efd7e5-f405-47e4-9a8a-de544031d1f0/compiler/qnx650_520/host/win32/x86/usr/bin/../lib/gcc/powerpc-unknown-nto-qnx6.5.0/5.2.0/crtend.o
 .init          0x0000000048041adc       0x10 C:\ProgramData\dSPACE\A8EFD7E5-F405-47E4-9A8A-DE544031D1F0\Compiler\QNX650_520\target\qnx6/ppcbe/lib/crtn.o

.text           0x0000000048041af0     0x47ac
                0x0000000048041af0                _btext = .
 *(.text .stub .text.* .gnu.linkonce.t.*)
 .text          0x0000000048041af0      0x118 C:\ProgramData\dSPACE\A8EFD7E5-F405-47E4-9A8A-DE544031D1F0\Compiler\QNX650_520\target\qnx6/ppcbe/lib/crt1.o
                0x0000000048041af0                _start
 .text          0x0000000048041c08        0x0 C:\ProgramData\dSPACE\A8EFD7E5-F405-47E4-9A8A-DE544031D1F0\Compiler\QNX650_520\target\qnx6/ppcbe/lib/crti.o
 .text          0x0000000048041c08      0x2b0 c:/programdata/dspace/a8efd7e5-f405-47e4-9a8a-de544031d1f0/compiler/qnx650_520/host/win32/x86/usr/bin/../lib/gcc/powerpc-unknown-nto-qnx6.5.0/5.2.0/crtbegin.o
 *fill*         0x0000000048041eb8        0x8 00000000
 .text          0x0000000048041ec0     0x2320 Ball_and_Plate_MicroLabBox.o07
                0x0000000048041ec0                Ball_and__EnabledSubsystem_Init
                0x0000000048041ed0                Ball_a_EnabledSubsystem_Disable
                0x0000000048041ef0                Ball_and_EnabledSubsystem_Start
                0x0000000048041f00                Ball_and_Plate_EnabledSubsystem
                0x0000000048041f70                Ball_and_EnabledSubsystem1_Init
                0x0000000048041f80                Ball__EnabledSubsystem1_Disable
                0x0000000048041f90                Ball_an_EnabledSubsystem1_Start
                0x0000000048041fa0                Ball_and_Plat_EnabledSubsystem1
                0x0000000048042000                Ball_and_Plate_MicroLabBox_output
                0x0000000048043950                Ball_and_Plate_MicroLabBox_derivatives
                0x0000000048043cc0                Ball_and_Plate_MicroLabBox_update
                0x0000000048043e70                Ball_and_Plate_MicroLabBox_initialize
                0x00000000480440f0                Ball_and_Plate_MicroLabBox_terminate
 .text          0x00000000480441e0        0x0 Ball_and_Plate_MicroLabBox_data.o07
 .text          0x00000000480441e0      0x274 Ball_and_Plate_MicroLabBox_trc_ptr.o07
                0x0000000048044420                Ball_and_Plate_MicroLabBox_rti_init_trc_pointers
 *fill*         0x0000000048044454        0xc 00000000
 .text          0x0000000048044460       0xf8 rt_zcfcn.o07
                0x0000000048044460                rt_ZCFcn
 *fill*         0x0000000048044558        0x8 00000000
 .text          0x0000000048044560      0x774 rti_sim_engine.o07
                0x0000000048044c60                rtk_idle_function
                0x0000000048044c70                rti_th_timertask1_trigger_source
                0x0000000048044cc0                initConditions
                0x0000000048044cd0                initVariables
 *fill*         0x0000000048044cd4        0xc 00000000
 .text.startup  0x0000000048044ce0      0x9b0 rti_sim_engine.o07
                0x0000000048044ce0                main
 .text          0x0000000048045690       0x40 rti_init_c.o07
                0x0000000048045690                rti_init
 .text          0x00000000480456d0       0x44 rt_sim.o07
                0x00000000480456d0                rt_SimInitTimingEngine
                0x0000000048045700                rt_SimGetNextSampleHit
                0x0000000048045710                rt_SimUpdateDiscreteTaskSampleHits
 *fill*         0x0000000048045714        0xc 00000000
 .text          0x0000000048045720       0xd4 rti_assert.o07
                0x0000000048045720                rti_assertion_handler
                0x00000000480457b0                rti_assertion_mode_msg
 .text          0x00000000480457f4        0x0 C:\Program Files\dSPACE RCPHIL 2020-B\DS1202\Lib/librtversion.a(RtVersion.o)
 *fill*         0x00000000480457f4        0xc 00000000
 .text          0x0000000048045800        0x4 C:\Program Files\dSPACE RCPHIL 2020-B\DS1202\Lib/librtglobals.a(DsEESPort.o)
                0x0000000048045800                DsEesPort_init()
 .text          0x0000000048045804       0x20 C:\Program Files\dSPACE RCPHIL 2020-B\DS1202\Lib/libm_fastpow.a(w_pow.o)
                0x0000000048045804                pow
 .text          0x0000000048045824      0x85c C:\Program Files\dSPACE RCPHIL 2020-B\DS1202\Lib/libm_fastpow.a(e_pow.o)
                0x0000000048045824                __ieee754_pow
 .text          0x0000000048046080      0x188 C:\Program Files\dSPACE RCPHIL 2020-B\DS1202\Lib/libm_fastpow.a(s_scalbn.o)
                0x0000000048046080                scalbn
 .text          0x0000000048046208       0x94 c:/programdata/dspace/a8efd7e5-f405-47e4-9a8a-de544031d1f0/compiler/qnx650_520/host/win32/x86/usr/bin/../lib/gcc/powerpc-unknown-nto-qnx6.5.0/5.2.0/crtend.o
 .text          0x000000004804629c        0x0 C:\ProgramData\dSPACE\A8EFD7E5-F405-47E4-9A8A-DE544031D1F0\Compiler\QNX650_520\target\qnx6/ppcbe/lib/crtn.o
 *(.gnu.warning)
 *(.glink)
 .glink         0x000000004804629c        0x0 C:\ProgramData\dSPACE\A8EFD7E5-F405-47E4-9A8A-DE544031D1F0\Compiler\QNX650_520\target\qnx6/ppcbe/lib/crt1.o

.fini           0x000000004804629c       0x20
 *(.fini)
 .fini          0x000000004804629c        0xc C:\ProgramData\dSPACE\A8EFD7E5-F405-47E4-9A8A-DE544031D1F0\Compiler\QNX650_520\target\qnx6/ppcbe/lib/crti.o
                0x000000004804629c                _fini
 .fini          0x00000000480462a8        0x4 c:/programdata/dspace/a8efd7e5-f405-47e4-9a8a-de544031d1f0/compiler/qnx650_520/host/win32/x86/usr/bin/../lib/gcc/powerpc-unknown-nto-qnx6.5.0/5.2.0/crtbegin.o
 .fini          0x00000000480462ac       0x10 C:\ProgramData\dSPACE\A8EFD7E5-F405-47E4-9A8A-DE544031D1F0\Compiler\QNX650_520\target\qnx6/ppcbe/lib/crtn.o
                [!provide]                        PROVIDE (__etext, .)
                0x00000000480462bc                PROVIDE (_etext, .)
                [!provide]                        PROVIDE (etext, .)

.rodata         0x00000000480462c0      0x628
 *(.rodata .rodata.* .gnu.linkonce.r.*)
 .rodata        0x00000000480462c0       0x6c Ball_and_Plate_MicroLabBox.o07
                0x0000000048046328                Ball_and_Plate_MicroLabBox_M
 .rodata.cst4   0x000000004804632c       0x14 Ball_and_Plate_MicroLabBox.o07
 .rodata.cst8   0x0000000048046340       0x30 Ball_and_Plate_MicroLabBox.o07
 .rodata.str1.4
                0x0000000048046370        0x5 Ball_and_Plate_MicroLabBox.o07
 *fill*         0x0000000048046375        0x3 
 .rodata        0x0000000048046378       0x13 rt_zcfcn.o07
 .rodata.cst4   0x000000004804638b        0x4 rt_zcfcn.o07
 *fill*         0x000000004804638b        0x1 
 .rodata        0x000000004804638c        0xc rti_sim_engine.o07
                0x000000004804638c                rtiDataSetStorageEnabled
                0x0000000048046390                p_dsts_sum_of_reset_time
                0x0000000048046394                p_msg_last_error_no
 .rodata.cst4   0x0000000048046398        0x4 rti_sim_engine.o07
                                          0x8 (size before relaxing)
 .rodata.cst8   0x000000004804639c        0x8 rti_sim_engine.o07
 .rodata.str1.4
                0x000000004804639c      0x314 rti_sim_engine.o07
 .rodata.cst4   0x00000000480466b0        0x4 rt_sim.o07
                                          0x8 (size before relaxing)
 .rodata.str1.4
                0x00000000480466b4       0x71 rt_sim.o07
 *fill*         0x0000000048046725        0x3 
 .rodata.str1.4
                0x0000000048046728       0x70 rti_assert.o07
                                         0x6d (size before relaxing)
 .rodata        0x0000000048046798       0x30 C:\Program Files\dSPACE RCPHIL 2020-B\DS1202\Lib/libm_fastpow.a(e_pow.o)
 .rodata.cst4   0x00000000480467c8        0x8 C:\Program Files\dSPACE RCPHIL 2020-B\DS1202\Lib/libm_fastpow.a(e_pow.o)
 .rodata.cst8   0x00000000480467d0       0xe8 C:\Program Files\dSPACE RCPHIL 2020-B\DS1202\Lib/libm_fastpow.a(e_pow.o)
 .rodata.cst8   0x00000000480468b8       0x30 C:\Program Files\dSPACE RCPHIL 2020-B\DS1202\Lib/libm_fastpow.a(s_scalbn.o)

.rodata1
 *(.rodata1)

.sdata2         0x00000000480468e8        0x0
                0x0000000000008000                PROVIDE (_SDA2_BASE_, 0x8000)
 *(.sdata2 .sdata2.* .gnu.linkonce.s2.*)
 .sdata2        0x00000000480468e8        0x0 C:\ProgramData\dSPACE\A8EFD7E5-F405-47E4-9A8A-DE544031D1F0\Compiler\QNX650_520\target\qnx6/ppcbe/lib/crt1.o

.sbss2
 *(.sbss2 .sbss2.* .gnu.linkonce.sb2.*)

.eh_frame_hdr   0x00000000480468e8       0x14
 *(.eh_frame_hdr)
 .eh_frame_hdr  0x00000000480468e8       0x14 C:\Program Files\dSPACE RCPHIL 2020-B\DS1202\Lib/librtglobals.a(DsEESPort.o)

.eh_frame       0x00000000480468fc       0x2c
 *(.eh_frame)
 .eh_frame      0x00000000480468fc        0x0 C:\ProgramData\dSPACE\A8EFD7E5-F405-47E4-9A8A-DE544031D1F0\Compiler\QNX650_520\target\qnx6/ppcbe/lib/crt1.o
 .eh_frame      0x00000000480468fc        0x0 c:/programdata/dspace/a8efd7e5-f405-47e4-9a8a-de544031d1f0/compiler/qnx650_520/host/win32/x86/usr/bin/../lib/gcc/powerpc-unknown-nto-qnx6.5.0/5.2.0/crtbegin.o
 .eh_frame      0x00000000480468fc       0x28 C:\Program Files\dSPACE RCPHIL 2020-B\DS1202\Lib/librtglobals.a(DsEESPort.o)
 .eh_frame      0x0000000048046924        0x4 c:/programdata/dspace/a8efd7e5-f405-47e4-9a8a-de544031d1f0/compiler/qnx650_520/host/win32/x86/usr/bin/../lib/gcc/powerpc-unknown-nto-qnx6.5.0/5.2.0/crtend.o

.gcc_except_table
 *(.gcc_except_table .gcc_except_table.*)
                0x0000000048046928                . = (ALIGN (0x1000) - ((0x1000 - .) & 0xfff))
                0x0000000048047928                . = DATA_SEGMENT_ALIGN (0x1000, 0x1000)

.eh_frame
 *(.eh_frame)

.gcc_except_table
 *(.gcc_except_table .gcc_except_table.*)

.tdata
 *(.tdata .tdata.* .gnu.linkonce.td.*)

.tbss
 *(.tbss .tbss.* .gnu.linkonce.tb.*)
 *(.tcommon)

.preinit_array  0x0000000048047928        0x0
                0x0000000048047928                PROVIDE (__preinit_array_start, .)
 *(.preinit_array)
                0x0000000048047928                PROVIDE (__preinit_array_end, .)

.init_array     0x0000000048047928        0x0
                0x0000000048047928                PROVIDE (__init_array_start, .)
 *(SORT(.init_array.*))
 *(.init_array)
                0x0000000048047928                PROVIDE (__init_array_end, .)

.fini_array     0x0000000048047928        0x0
                0x0000000048047928                PROVIDE (__fini_array_start, .)
 *(.fini_array)
 *(SORT(.fini_array.*))
                0x0000000048047928                PROVIDE (__fini_array_end, .)

.ctors          0x0000000048047928        0x8
 *crtbegin.o(.ctors)
 .ctors         0x0000000048047928        0x4 c:/programdata/dspace/a8efd7e5-f405-47e4-9a8a-de544031d1f0/compiler/qnx650_520/host/win32/x86/usr/bin/../lib/gcc/powerpc-unknown-nto-qnx6.5.0/5.2.0/crtbegin.o
 *crtbegin?.o(.ctors)
 *(EXCLUDE_FILE(*crtend?.o *crtend.o) .ctors)
 *(SORT(.ctors.*))
 *(.ctors)
 .ctors         0x000000004804792c        0x4 c:/programdata/dspace/a8efd7e5-f405-47e4-9a8a-de544031d1f0/compiler/qnx650_520/host/win32/x86/usr/bin/../lib/gcc/powerpc-unknown-nto-qnx6.5.0/5.2.0/crtend.o

.dtors          0x0000000048047930        0x8
 *crtbegin.o(.dtors)
 .dtors         0x0000000048047930        0x4 c:/programdata/dspace/a8efd7e5-f405-47e4-9a8a-de544031d1f0/compiler/qnx650_520/host/win32/x86/usr/bin/../lib/gcc/powerpc-unknown-nto-qnx6.5.0/5.2.0/crtbegin.o
 *crtbegin?.o(.dtors)
 *(EXCLUDE_FILE(*crtend?.o *crtend.o) .dtors)
 *(SORT(.dtors.*))
 *(.dtors)
 .dtors         0x0000000048047934        0x4 c:/programdata/dspace/a8efd7e5-f405-47e4-9a8a-de544031d1f0/compiler/qnx650_520/host/win32/x86/usr/bin/../lib/gcc/powerpc-unknown-nto-qnx6.5.0/5.2.0/crtend.o
                0x0000000048047934                __DTOR_END__

.jcr            0x0000000048047938        0x4
 *(.jcr)
 .jcr           0x0000000048047938        0x0 c:/programdata/dspace/a8efd7e5-f405-47e4-9a8a-de544031d1f0/compiler/qnx650_520/host/win32/x86/usr/bin/../lib/gcc/powerpc-unknown-nto-qnx6.5.0/5.2.0/crtbegin.o
 .jcr           0x0000000048047938        0x4 c:/programdata/dspace/a8efd7e5-f405-47e4-9a8a-de544031d1f0/compiler/qnx650_520/host/win32/x86/usr/bin/../lib/gcc/powerpc-unknown-nto-qnx6.5.0/5.2.0/crtend.o

.data.rel.ro
 *(.data.rel.ro.local* .gnu.linkonce.d.rel.ro.local.*)
 *(.data.rel.ro* .gnu.linkonce.d.rel.ro.*)

.fixup
 *(.fixup)

.got1
 *(.got1)

.got2
 *(.got2)

.dynamic        0x000000004804793c      0x100
 *(.dynamic)
 .dynamic       0x000000004804793c      0x100 C:\ProgramData\dSPACE\A8EFD7E5-F405-47E4-9A8A-DE544031D1F0\Compiler\QNX650_520\target\qnx6/ppcbe/lib/crt1.o
                0x000000004804793c                _DYNAMIC

.got
 *(.got)
                0x0000000048047a3c                . = DATA_SEGMENT_RELRO_END (., 0x0)

.plt
 *(.plt)

.data           0x0000000048047a40      0x410
 *(.data .data.* .gnu.linkonce.d.*)
 .data          0x0000000048047a40        0x0 C:\ProgramData\dSPACE\A8EFD7E5-F405-47E4-9A8A-DE544031D1F0\Compiler\QNX650_520\target\qnx6/ppcbe/lib/crt1.o
 .data          0x0000000048047a40        0x0 C:\ProgramData\dSPACE\A8EFD7E5-F405-47E4-9A8A-DE544031D1F0\Compiler\QNX650_520\target\qnx6/ppcbe/lib/crti.o
 .data          0x0000000048047a40        0x0 c:/programdata/dspace/a8efd7e5-f405-47e4-9a8a-de544031d1f0/compiler/qnx650_520/host/win32/x86/usr/bin/../lib/gcc/powerpc-unknown-nto-qnx6.5.0/5.2.0/crtbegin.o
 .data.rel.local
                0x0000000048047a40        0x4 c:/programdata/dspace/a8efd7e5-f405-47e4-9a8a-de544031d1f0/compiler/qnx650_520/host/win32/x86/usr/bin/../lib/gcc/powerpc-unknown-nto-qnx6.5.0/5.2.0/crtbegin.o
                0x0000000048047a40                __dso_handle
 .data          0x0000000048047a44        0x0 Ball_and_Plate_MicroLabBox.o07
 *fill*         0x0000000048047a44        0x4 
 .data          0x0000000048047a48      0x3e8 Ball_and_Plate_MicroLabBox_data.o07
                0x0000000048047a48                Ball_and_Plate_MicroLabBox_P
 .data          0x0000000048047e30        0x0 Ball_and_Plate_MicroLabBox_trc_ptr.o07
 .data          0x0000000048047e30        0x0 rt_zcfcn.o07
 .data          0x0000000048047e30       0x14 rti_sim_engine.o07
                0x0000000048047e30                simState
                0x0000000048047e40                lastSimState
 .data          0x0000000048047e44        0x0 rti_init_c.o07
 .data          0x0000000048047e44        0x0 rt_sim.o07
 .data          0x0000000048047e44        0x0 rti_assert.o07
 .data          0x0000000048047e44        0x0 C:\Program Files\dSPACE RCPHIL 2020-B\DS1202\Lib/librtversion.a(RtVersion.o)
 .data          0x0000000048047e44        0x0 C:\Program Files\dSPACE RCPHIL 2020-B\DS1202\Lib/librtglobals.a(DsEESPort.o)
 .data.rel      0x0000000048047e44        0xc C:\Program Files\dSPACE RCPHIL 2020-B\DS1202\Lib/librtglobals.a(DsEESPort.o)
                0x0000000048047e44                p_xilapi_eesport_errorswitching_uint32_T
                0x0000000048047e48                p_xilapi_eesport_erroractivated_uint32_T
                0x0000000048047e4c                p_xilapi_eesport_activeerrorset_uint32_T
 .data          0x0000000048047e50        0x0 C:\Program Files\dSPACE RCPHIL 2020-B\DS1202\Lib/libm_fastpow.a(w_pow.o)
 .data          0x0000000048047e50        0x0 C:\Program Files\dSPACE RCPHIL 2020-B\DS1202\Lib/libm_fastpow.a(e_pow.o)
 .data          0x0000000048047e50        0x0 C:\Program Files\dSPACE RCPHIL 2020-B\DS1202\Lib/libm_fastpow.a(s_scalbn.o)
 .data          0x0000000048047e50        0x0 c:/programdata/dspace/a8efd7e5-f405-47e4-9a8a-de544031d1f0/compiler/qnx650_520/host/win32/x86/usr/bin/../lib/gcc/powerpc-unknown-nto-qnx6.5.0/5.2.0/crtend.o
 .data          0x0000000048047e50        0x0 C:\ProgramData\dSPACE\A8EFD7E5-F405-47E4-9A8A-DE544031D1F0\Compiler\QNX650_520\target\qnx6/ppcbe/lib/crtn.o

.tm_clone_table
                0x0000000048047e50        0x0
 .tm_clone_table
                0x0000000048047e50        0x0 c:/programdata/dspace/a8efd7e5-f405-47e4-9a8a-de544031d1f0/compiler/qnx650_520/host/win32/x86/usr/bin/../lib/gcc/powerpc-unknown-nto-qnx6.5.0/5.2.0/crtbegin.o
 .tm_clone_table
                0x0000000048047e50        0x0 c:/programdata/dspace/a8efd7e5-f405-47e4-9a8a-de544031d1f0/compiler/qnx650_520/host/win32/x86/usr/bin/../lib/gcc/powerpc-unknown-nto-qnx6.5.0/5.2.0/crtend.o

.data1
 *(.data1)

.got            0x0000000048047e50       0x54
 *(.got)
 .got           0x0000000048047e50       0x54 C:\ProgramData\dSPACE\A8EFD7E5-F405-47E4-9A8A-DE544031D1F0\Compiler\QNX650_520\target\qnx6/ppcbe/lib/crt1.o
                0x0000000048047e98                _GLOBAL_OFFSET_TABLE_

.sdata          0x0000000048047ea4        0x0
                0x0000000000008000                PROVIDE (_SDA_BASE_, 0x8000)
 *(.sdata .sdata.* .gnu.linkonce.s.*)
 .sdata         0x0000000048047ea4        0x0 C:\ProgramData\dSPACE\A8EFD7E5-F405-47E4-9A8A-DE544031D1F0\Compiler\QNX650_520\target\qnx6/ppcbe/lib/crt1.o
                0x0000000048047ea4                _edata = .
                [!provide]                        PROVIDE (edata, .)
                0x0000000048047ea4                __bss_start = .

.sbss           0x0000000048047ea4        0x0
                [!provide]                        PROVIDE (__sbss_start, .)
                [!provide]                        PROVIDE (___sbss_start, .)
 *(.dynsbss)
 .dynsbss       0x0000000048047ea4        0x0 C:\ProgramData\dSPACE\A8EFD7E5-F405-47E4-9A8A-DE544031D1F0\Compiler\QNX650_520\target\qnx6/ppcbe/lib/crt1.o
 *(.sbss .sbss.* .gnu.linkonce.sb.*)
 *(.scommon)
                [!provide]                        PROVIDE (__sbss_end, .)
                [!provide]                        PROVIDE (___sbss_end, .)

.plt            0x0000000048047ea4      0x4e0
 *(.plt)
 .plt           0x0000000048047ea4      0x4e0 C:\ProgramData\dSPACE\A8EFD7E5-F405-47E4-9A8A-DE544031D1F0\Compiler\QNX650_520\target\qnx6/ppcbe/lib/crt1.o
                0x0000000048047eec                DsIoEth_getLinkState
                0x0000000048047ef4                ts_reset
                0x0000000048047efc                __register_frame_info
                0x0000000048047f04                DioCl2EncoderIn_create
                0x0000000048047f0c                msg_error_clear
                0x0000000048047f14                dsrtt_set_current_time
                0x0000000048047f1c                sqrt
                0x0000000048047f24                DsIoEth_recvfrom
                0x0000000048047f2c                DioCl2EncoderIn_read
                0x0000000048047f34                rtk_current_task_absolute_time_ptr_get
                0x0000000048047f3c                DsTimeSync_simstateRun
                0x0000000048047f44                DacCl1AnalogOut_create
                0x0000000048047f4c                DioCl2EncoderIn_setEncPosition
                0x0000000048047f54                DioCl2EncoderIn_stop
                0x0000000048047f5c                rtk_setup_temp_overrun_handling
                0x0000000048047f64                DsIoEth_close
                0x0000000048047f6c                DsIoEth_open
                0x0000000048047f74                DsIoEth_setAddrFilter
                0x0000000048047f7c                DioCl2EncoderIn_setIndexMode
                0x0000000048047f84                DsIoEth_setNetMask
                0x0000000048047f8c                SrtkIntBase_requestTaskMode
                0x0000000048047f94                rtk_reset_tasks
                0x0000000048047f9c                __cxa_finalize
                0x0000000048047fa4                _init_array
                0x0000000048047fac                rtk_set_task_type
                0x0000000048047fb4                DsTimeSync_baserate
                0x0000000048047fbc                rtk_task_name_set
                0x0000000048047fc4                DioCl2EncoderIn_write
                0x0000000048047fcc                DacCl1AnalogOut_apply
                0x0000000048047fd4                dsrtt_script_service_post_computation
                0x0000000048047fdc                rtk_create_task
                0x0000000048047fe4                msg_warning_printf
                0x0000000048047fec                msg_last_error_number
                0x0000000048047ff4                DioCl2EncoderIn_start
                0x0000000048047ffc                dsparam_copy_data_set
                0x0000000048048004                SrtkPreload_preloadRegion
                0x000000004804800c                msg_error_set
                0x0000000048048014                asin
                0x000000004804801c                rtk_enable_services
                0x0000000048048024                SrtkDaq_Init
                0x000000004804802c                rtk_task_task_calls_get
                0x0000000048048034                DsTimeSync_setCurrentTimePtr
                0x000000004804803c                SrtkIntBase_enableIntGlobal
                0x0000000048048044                DsIoEth_getIpAddress
                0x000000004804804c                DacCl1AnalogOut_write
                0x0000000048048054                rtk_overrun_flag_clear
                0x000000004804805c                rtk_bind_interrupt
                0x0000000048048064                DacCl1AnalogOut_stop
                0x000000004804806c                _init_libc
                0x0000000048048074                DioCl2EncoderIn_setGatedMode
                0x000000004804807c                dsrtt_init
                0x0000000048048084                SrtkApp_terminate
                0x000000004804808c                DioCl2EncoderIn_setMaxPosition
                0x0000000048048094                DioCl2EncoderIn_setMinPosition
                0x000000004804809c                msg_info_set
                0x00000000480480a4                DsIoEth_setIpAddress
                0x00000000480480ac                dsrtt_script_service_pre_computation
                0x00000000480480b4                DacCl1AnalogOut_start
                0x00000000480480bc                msg_error_printf
                0x00000000480480c4                DsIoEth_setGatewayAddress
                0x00000000480480cc                DioCl2EncoderIn_setEncPosValidity
                0x00000000480480d4                memset
                0x00000000480480dc                _Sin
                0x00000000480480e4                DioCl2EncoderIn_getEncPosition
                0x00000000480480ec                rtk_leave_idle_mode
                0x00000000480480f4                __wrap_exit
                0x00000000480480fc                __wrap_atexit
                0x0000000048048104                DioCl2EncoderIn_setMeasurementInterval
                0x000000004804810c                DacCl1AnalogOut_setOutputValue
                0x0000000048048114                _fini_array
                0x000000004804811c                SrtkDaq_Background
                0x0000000048048124                _preinit_array
                0x000000004804812c                SrtkApp_init
                0x0000000048048134                SrtkDaq_Service
                0x000000004804813c                rtk_task_task_name_get
                0x0000000048048144                SrtkSim_notifyStateTransition
                0x000000004804814c                DioCl2EncoderIn_apply
                0x0000000048048154                DioCl2EncoderIn_getEncVelocity
                0x000000004804815c                msg_set
                0x0000000048048164                DsIoEth_ntohs
                0x000000004804816c                DsIoEth_getPortState
                0x0000000048048174                rtk_get_subentry
                0x000000004804817c                DsIoEth_htons
                0x0000000048048184                dsrtt_set_step_size
                0x000000004804818c                rtk_enter_idle_mode
                0x0000000048048194                rtk_initialize
                0x000000004804819c                DacCl1AnalogOut_setOutputHighZ
                0x00000000480481a4                DsIoEth_create
                0x00000000480481ac                DsIoEth_getMgmtEvent
                0x00000000480481b4                DioCl2EncoderIn_setEncoderLines
                0x00000000480481bc                SrtkApp_background
                0x00000000480481c4                rtk_default_overrun_fcn
                0x00000000480481cc                vcm_module_register
                0x00000000480481d4                DsTimeSync_simstateStop
                0x00000000480481dc                DsIoEth_setRecvFrameSize
                0x00000000480481e4                SrtkIntBase_disableIntGlobal
                0x00000000480481ec                SrtkSim_registerState
                0x00000000480481f4                __deregister_frame_info

.bss            0x0000000048048388      0x87c
 *(.dynbss)
 .dynbss        0x0000000048048388       0x14 C:\ProgramData\dSPACE\A8EFD7E5-F405-47E4-9A8A-DE544031D1F0\Compiler\QNX650_520\target\qnx6/ppcbe/lib/crt1.o
                0x0000000048048388                errno
                0x0000000048048390                dsts_sum_of_reseted_time
                0x0000000048048398                msg_last_error_no
 *(.bss .bss.* .gnu.linkonce.b.*)
 .bss           0x000000004804839c        0x0 C:\ProgramData\dSPACE\A8EFD7E5-F405-47E4-9A8A-DE544031D1F0\Compiler\QNX650_520\target\qnx6/ppcbe/lib/crt1.o
 .bss           0x000000004804839c        0x0 C:\ProgramData\dSPACE\A8EFD7E5-F405-47E4-9A8A-DE544031D1F0\Compiler\QNX650_520\target\qnx6/ppcbe/lib/crti.o
 .bss           0x000000004804839c       0x20 c:/programdata/dspace/a8efd7e5-f405-47e4-9a8a-de544031d1f0/compiler/qnx650_520/host/win32/x86/usr/bin/../lib/gcc/powerpc-unknown-nto-qnx6.5.0/5.2.0/crtbegin.o
 *fill*         0x00000000480483bc        0x4 
 .bss           0x00000000480483c0      0x750 Ball_and_Plate_MicroLabBox.o07
                0x00000000480483c0                Ball_and_Plate_MicroLabBox_M_
                0x00000000480485c0                Ball_and_Plate_MicroLabBox_B
                0x0000000048048988                Ball_and_Plate_MicroLab_PrevZCX
                0x0000000048048990                Ball_and_Plate_MicroLabBox_DW
                0x0000000048048a10                Ball_and_Plate_MicroLabBox_X
                0x0000000048048aa8                Ball_and_Plate_MicroLabBox_Y
 .bss           0x0000000048048b10        0x0 Ball_and_Plate_MicroLabBox_data.o07
 .bss           0x0000000048048b10       0x88 Ball_and_Plate_MicroLabBox_trc_ptr.o07
                0x0000000048048b10                p_0_Ball_and_Plate_MicroLabBox_real_T_0
                0x0000000048048b14                p_0_Ball_and_Plate_MicroLabBox_uint32_T_1
                0x0000000048048b18                p_0_Ball_and_Plate_MicroLabBox_uint16_T_2
                0x0000000048048b1c                p_0_Ball_and_Plate_MicroLabBox_uint8_T_3
                0x0000000048048b20                p_0_Ball_and_Plate_MicroLabBox_boolean_T_4
                0x0000000048048b24                p_0_Ball_and_Plate_MicroLabBox_real_T_5
                0x0000000048048b28                p_0_Ball_and_Plate_MicroLabBox_real_T_6
                0x0000000048048b2c                p_0_Ball_and_Plate_MicroLabBox_real_T_7
                0x0000000048048b30                p_0_Ball_and_Plate_MicroLabBox_real_T_8
                0x0000000048048b34                p_0_Ball_and_Plate_MicroLabBox_real_T_9
                0x0000000048048b38                p_0_Ball_and_Plate_MicroLabBox_real_T_10
                0x0000000048048b3c                p_1_Ball_and_Plate_MicroLabBox_real_T_0
                0x0000000048048b40                p_1_Ball_and_Plate_MicroLabBox_uint8_T_1
                0x0000000048048b44                p_1_Ball_and_Plate_MicroLabBox_real_T_2
                0x0000000048048b48                p_1_Ball_and_Plate_MicroLabBox_real_T_3
                0x0000000048048b4c                p_1_Ball_and_Plate_MicroLabBox_real_T_4
                0x0000000048048b50                p_1_Ball_and_Plate_MicroLabBox_real_T_5
                0x0000000048048b54                p_1_Ball_and_Plate_MicroLabBox_real_T_6
                0x0000000048048b58                p_1_Ball_and_Plate_MicroLabBox_real_T_7
                0x0000000048048b5c                p_2_Ball_and_Plate_MicroLabBox_real_T_0
                0x0000000048048b60                p_2_Ball_and_Plate_MicroLabBox_uint32_T_1
                0x0000000048048b64                p_2_Ball_and_Plate_MicroLabBox_int_T_2
                0x0000000048048b68                p_2_Ball_and_Plate_MicroLabBox_uint16_T_3
                0x0000000048048b6c                p_2_Ball_and_Plate_MicroLabBox_int8_T_4
                0x0000000048048b70                p_2_Ball_and_Plate_MicroLabBox_boolean_T_5
                0x0000000048048b74                p_2_Ball_and_Plate_MicroLabBox_boolean_T_6
                0x0000000048048b78                p_2_Ball_and_Plate_MicroLabBox_boolean_T_7
                0x0000000048048b7c                p_2_Ball_and_Plate_MicroLabBox_boolean_T_8
                0x0000000048048b80                p_2_Ball_and_Plate_MicroLabBox_boolean_T_9
                0x0000000048048b84                p_2_Ball_and_Plate_MicroLabBox_boolean_T_10
                0x0000000048048b88                p_3_Ball_and_Plate_MicroLabBox_real_T_0
                0x0000000048048b8c                p_5_Ball_and_Plate_MicroLabBox_real_T_0
                0x0000000048048b90                p_5_Ball_and_Plate_MicroLabBox_uint32_T_1
                0x0000000048048b94                p_5_Ball_and_Plate_MicroLabBox_real_T_2
 .bss           0x0000000048048b98        0x0 rt_zcfcn.o07
 .bss           0x0000000048048b98       0x54 rti_sim_engine.o07
                0x0000000048048b98                currentTime
                0x0000000048048b9c                finalTime
                0x0000000048048ba0                modelStepSize
                0x0000000048048ba8                pRTIDacC1AnalogOut_Ch_1
                0x0000000048048bac                pRTIEmcEncoder_Unit_1_DioCl_2_Port_1_Ch1
                0x0000000048048bb0                pRTIDacC1AnalogOut_Ch_2
                0x0000000048048bb4                pRTIEmcEncoder_Unit_2_DioCl_2_Port_1_Ch3
                0x0000000048048bb8                pRTIDacC1AnalogOut_Ch_3
                0x0000000048048bbc                pRTIEmcEncoder_Unit_3_DioCl_2_Port_1_Ch5
                0x0000000048048bc0                taskMode
                0x0000000048048bc4                pRti_TIMERA_STime
                0x0000000048048bc8                pRti_TIMERA_TTime
                0x0000000048048bcc                pRti_TIMERA_TState
                0x0000000048048bd0                pRti_TIMERA_OType
                0x0000000048048bd4                pRti_TIMERA_OMax
                0x0000000048048bd8                pRti_TIMERA_ORpt
                0x0000000048048bdc                pRti_TIMERA_OCnt
                0x0000000048048be0                pRti_TIMERA_TCnt
                0x0000000048048be4                pRti_TIMERA_Prio
                0x0000000048048be8                rtiAssertionMode
 .bss           0x0000000048048bec        0x4 rti_init_c.o07
 .bss           0x0000000048048bf0        0x0 rt_sim.o07
 .bss           0x0000000048048bf0        0x0 rti_assert.o07
 .bss           0x0000000048048bf0        0x0 C:\Program Files\dSPACE RCPHIL 2020-B\DS1202\Lib/librtversion.a(RtVersion.o)
 .bss           0x0000000048048bf0       0x14 C:\Program Files\dSPACE RCPHIL 2020-B\DS1202\Lib/librtglobals.a(DsEESPort.o)
                0x0000000048048bf0                xilapi_eesport_trigger_uint32_T
                0x0000000048048bf4                xilapi_eesport_flags_uint32_T
                0x0000000048048bf8                xilapi_eesport_errorswitching_uint32_T
                0x0000000048048bfc                xilapi_eesport_erroractivated_uint32_T
                0x0000000048048c00                xilapi_eesport_activeerrorset_uint32_T
 .bss           0x0000000048048c04        0x0 C:\Program Files\dSPACE RCPHIL 2020-B\DS1202\Lib/libm_fastpow.a(w_pow.o)
 .bss           0x0000000048048c04        0x0 C:\Program Files\dSPACE RCPHIL 2020-B\DS1202\Lib/libm_fastpow.a(e_pow.o)
 .bss           0x0000000048048c04        0x0 C:\Program Files\dSPACE RCPHIL 2020-B\DS1202\Lib/libm_fastpow.a(s_scalbn.o)
 .bss           0x0000000048048c04        0x0 c:/programdata/dspace/a8efd7e5-f405-47e4-9a8a-de544031d1f0/compiler/qnx650_520/host/win32/x86/usr/bin/../lib/gcc/powerpc-unknown-nto-qnx6.5.0/5.2.0/crtend.o
 .bss           0x0000000048048c04        0x0 C:\ProgramData\dSPACE\A8EFD7E5-F405-47E4-9A8A-DE544031D1F0\Compiler\QNX650_520\target\qnx6/ppcbe/lib/crtn.o
 *(COMMON)
                0x0000000048048c04                . = ALIGN ((. != 0x0)?0x4:0x1)

.iplt           0x0000000048048c10        0x0
 .iplt          0x0000000048048c10        0x0 C:\ProgramData\dSPACE\A8EFD7E5-F405-47E4-9A8A-DE544031D1F0\Compiler\QNX650_520\target\qnx6/ppcbe/lib/crt1.o
                0x0000000048048c10                . = ALIGN (0x4)
                0x0000000048048c10                . = ALIGN (0x4)
                0x0000000048048c10                __end = .
                0x0000000048048c10                _end = .
                [!provide]                        PROVIDE (end, .)
                0x0000000048048c10                . = DATA_SEGMENT_END (.)

.stab
 *(.stab)

.stabstr
 *(.stabstr)

.stab.excl
 *(.stab.excl)

.stab.exclstr
 *(.stab.exclstr)

.stab.index
 *(.stab.index)

.stab.indexstr
 *(.stab.indexstr)

.comment        0x0000000000000000       0x47
 *(.comment)
 .comment       0x0000000000000000       0x11 c:/programdata/dspace/a8efd7e5-f405-47e4-9a8a-de544031d1f0/compiler/qnx650_520/host/win32/x86/usr/bin/../lib/gcc/powerpc-unknown-nto-qnx6.5.0/5.2.0/crtbegin.o
                                         0x12 (size before relaxing)
 .comment       0x0000000000000011       0x12 Ball_and_Plate_MicroLabBox.o07
 .comment       0x0000000000000011       0x12 Ball_and_Plate_MicroLabBox_data.o07
 .comment       0x0000000000000011       0x12 Ball_and_Plate_MicroLabBox_trc_ptr.o07
 .comment       0x0000000000000011       0x12 rt_zcfcn.o07
 .comment       0x0000000000000011       0x12 rti_sim_engine.o07
 .comment       0x0000000000000011       0x12 rti_init_c.o07
 .comment       0x0000000000000011       0x12 rt_sim.o07
 .comment       0x0000000000000011       0x12 rti_assert.o07
 .comment       0x0000000000000011       0x12 C:\Program Files\dSPACE RCPHIL 2020-B\DS1202\Lib/librtversion.a(RtVersion.o)
 .comment       0x0000000000000011       0x12 C:\Program Files\dSPACE RCPHIL 2020-B\DS1202\Lib/librtglobals.a(DsEESPort.o)
 .comment       0x0000000000000011       0x12 C:\Program Files\dSPACE RCPHIL 2020-B\DS1202\Lib/libm_fastpow.a(w_pow.o)
 .comment       0x0000000000000023       0x12 C:\Program Files\dSPACE RCPHIL 2020-B\DS1202\Lib/libm_fastpow.a(e_pow.o)
 .comment       0x0000000000000035       0x12 C:\Program Files\dSPACE RCPHIL 2020-B\DS1202\Lib/libm_fastpow.a(s_scalbn.o)
 .comment       0x0000000000000047       0x12 c:/programdata/dspace/a8efd7e5-f405-47e4-9a8a-de544031d1f0/compiler/qnx650_520/host/win32/x86/usr/bin/../lib/gcc/powerpc-unknown-nto-qnx6.5.0/5.2.0/crtend.o

.PPC.EMB.apuinfo
                0x0000000000000000       0x18
 .PPC.EMB.apuinfo
                0x0000000000000000       0x18 Ball_and_Plate_MicroLabBox.o07
 .PPC.EMB.apuinfo
                0x0000000000000018       0x18 rt_zcfcn.o07
 .PPC.EMB.apuinfo
                0x0000000000000030       0x18 rti_sim_engine.o07

.debug
 *(.debug)

.line
 *(.line)

.debug_srcinfo
 *(.debug_srcinfo)

.debug_sfnames
 *(.debug_sfnames)

.debug_aranges
 *(.debug_aranges)

.debug_pubnames
 *(.debug_pubnames)

.debug_info
 *(.debug_info .gnu.linkonce.wi.*)

.debug_abbrev
 *(.debug_abbrev)

.debug_line
 *(.debug_line)

.debug_frame
 *(.debug_frame)

.debug_str
 *(.debug_str)

.debug_loc
 *(.debug_loc)

.debug_macinfo
 *(.debug_macinfo)

.debug_weaknames
 *(.debug_weaknames)

.debug_funcnames
 *(.debug_funcnames)

.debug_typenames
 *(.debug_typenames)

.debug_varnames
 *(.debug_varnames)

.debug_pubtypes
 *(.debug_pubtypes)

.debug_ranges
 *(.debug_ranges)

.gnu.attributes
                0x0000000000000000       0x14
 *(.gnu.attributes)
 .gnu.attributes
                0x0000000000000000       0x10 Ball_and_Plate_MicroLabBox.o07
 .gnu.attributes
                0x0000000000000010       0x10 rt_zcfcn.o07
 .gnu.attributes
                0x0000000000000020       0x10 rti_sim_engine.o07
 .gnu.attributes
                0x0000000000000030       0x10 rt_sim.o07
 .gnu.attributes
                0x0000000000000040       0x10 rti_assert.o07
 .gnu.attributes
                0x0000000000000050       0x14 C:\Program Files\dSPACE RCPHIL 2020-B\DS1202\Lib/libm_fastpow.a(w_pow.o)
 .gnu.attributes
                0x0000000000000064       0x14 C:\Program Files\dSPACE RCPHIL 2020-B\DS1202\Lib/libm_fastpow.a(e_pow.o)
 .gnu.attributes
                0x0000000000000078       0x14 C:\Program Files\dSPACE RCPHIL 2020-B\DS1202\Lib/libm_fastpow.a(s_scalbn.o)

/DISCARD/
 *(.note.GNU-stack)
 *(.gnu_debuglink)
OUTPUT(Ball_and_Plate_MicroLabBox.ppc elf32-powerpc)
