Archive member included to satisfy reference by file (symbol)

C:\Program Files\dSPACE RCPHIL 2020-B\DS1202\Lib/librtversion.a(RtVersion.o)
                              (--whole-archive)
C:\Program Files\dSPACE RCPHIL 2020-B\DS1202\Lib/librtglobals.a(DsEESPort.o)
                              (--whole-archive)
C:\Program Files\dSPACE RCPHIL 2020-B\DS1202\Lib/libm_fastpow.a(w_pow.o)
                              Ball_and_Plate_MicroLabBox_student.o07 (pow)
C:\Program Files\dSPACE RCPHIL 2020-B\DS1202\Lib/libm_fastpow.a(e_pow.o)
                              C:\Program Files\dSPACE RCPHIL 2020-B\DS1202\Lib/libm_fastpow.a(w_pow.o) (__ieee754_pow)
C:\Program Files\dSPACE RCPHIL 2020-B\DS1202\Lib/libm_fastpow.a(s_scalbn.o)
                              C:\Program Files\dSPACE RCPHIL 2020-B\DS1202\Lib/libm_fastpow.a(e_pow.o) (scalbn)

As-needed library included to satisfy reference by file (symbol)

libDsRealTimeTestingRP.so.1   rti_sim_engine.o07 (dsrtt_script_service_pre_computation)

Memory Configuration

Name             Origin             Length             Attributes
*default*        0x0000000000000000 0xffffffffffffffff

Linker script and memory map

LOAD C:\ProgramData\dSPACE\A8EFD7E5-F405-47E4-9A8A-DE544031D1F0\Compiler\QNX650_520\target\qnx6/ppcbe/lib/crt1.o
LOAD C:\ProgramData\dSPACE\A8EFD7E5-F405-47E4-9A8A-DE544031D1F0\Compiler\QNX650_520\target\qnx6/ppcbe/lib/crti.o
LOAD c:/programdata/dspace/a8efd7e5-f405-47e4-9a8a-de544031d1f0/compiler/qnx650_520/host/win32/x86/usr/bin/../lib/gcc/powerpc-unknown-nto-qnx6.5.0/5.2.0/crtbegin.o
                0x0000000000000000                _DSPACE_START = 0x0
                0x0000000000000000                _DSPACE_START_ = 0x0
                0x00000000000004b2                DS_TARGET_PLATFORM = 0x4b2
START GROUP
LOAD Ball_and_Plate_MicroLabBox_student.o07
LOAD rt_matrx.o07
LOAD rt_printf.o07
LOAD Ball_and_Plate_MicroLabBox_student_data.o07
LOAD Ball_and_Plate_MicroLabBox_student_trc_ptr.o07
LOAD rtGetInf.o07
LOAD rtGetNaN.o07
LOAD rt_nonfinite.o07
LOAD rt_zcfcn.o07
LOAD dleadlag.o07
LOAD dlowpass1.o07
LOAD rti_sim_engine.o07
LOAD rti_init_c.o07
LOAD rt_sim.o07
LOAD rti_assert.o07
LOAD C:\Program Files\dSPACE RCPHIL 2020-B\DS1202\Lib/librtcan.so
LOAD C:\Program Files\dSPACE RCPHIL 2020-B\DS1202\Lib/librtj1939.so
LOAD C:\Program Files\dSPACE RCPHIL 2020-B\DS1202\Lib/librtser.so
LOAD C:\Program Files\dSPACE RCPHIL 2020-B\DS1202\Lib/librt13xxio.so
LOAD C:\Program Files\dSPACE RCPHIL 2020-B\DS1202\Lib/librt1202.so
LOAD C:\Program Files\dSPACE RCPHIL 2020-B\DS1202\Lib/librtwrap.so
LOAD C:\Program Files\dSPACE RCPHIL 2020-B\DS1202\Lib/librtversion.a
LOAD C:\Program Files\dSPACE RCPHIL 2020-B\DS1202\Lib/librtglobals.a
LOAD C:\Program Files\dSPACE RCPHIL 2020-B\DS1202\Lib/libm_fastpow.a
END GROUP
LOAD C:\Program Files\dSPACE RCPHIL 2020-B\DS1202\Lib/libstdc++.so
LOAD C:\ProgramData\dSPACE\A8EFD7E5-F405-47E4-9A8A-DE544031D1F0\Compiler\QNX650_520\target\qnx6/ppcbe/lib/libm.so
LOAD c:/programdata/dspace/a8efd7e5-f405-47e4-9a8a-de544031d1f0/compiler/qnx650_520/host/win32/x86/usr/bin/../lib/gcc/powerpc-unknown-nto-qnx6.5.0/5.2.0\libgcc.a
LOAD C:\ProgramData\dSPACE\A8EFD7E5-F405-47E4-9A8A-DE544031D1F0\Compiler\QNX650_520\target\qnx6/ppcbe/lib/libc.so
LOAD C:\ProgramData\dSPACE\A8EFD7E5-F405-47E4-9A8A-DE544031D1F0\Compiler\QNX650_520\target\qnx6/ppcbe/lib\libc.a
LOAD c:/programdata/dspace/a8efd7e5-f405-47e4-9a8a-de544031d1f0/compiler/qnx650_520/host/win32/x86/usr/bin/../lib/gcc/powerpc-unknown-nto-qnx6.5.0/5.2.0\libgcc.a
LOAD c:/programdata/dspace/a8efd7e5-f405-47e4-9a8a-de544031d1f0/compiler/qnx650_520/host/win32/x86/usr/bin/../lib/gcc/powerpc-unknown-nto-qnx6.5.0/5.2.0/crtend.o
LOAD C:\ProgramData\dSPACE\A8EFD7E5-F405-47E4-9A8A-DE544031D1F0\Compiler\QNX650_520\target\qnx6/ppcbe/lib/crtn.o
                [!provide]                        PROVIDE (__stack, 0x0)
                [!provide]                        PROVIDE (___stack, 0x0)
                [!provide]                        PROVIDE (__executable_start, 0x48040000)
                0x0000000048040134                . = (0x48040000 + SIZEOF_HEADERS)

.interp         0x0000000048040134       0x14
 *(.interp)
 .interp        0x0000000048040134       0x14 C:\ProgramData\dSPACE\A8EFD7E5-F405-47E4-9A8A-DE544031D1F0\Compiler\QNX650_520\target\qnx6/ppcbe/lib/crt1.o

.note           0x0000000048040150       0x18
 .note          0x0000000048040150       0x18 C:\ProgramData\dSPACE\A8EFD7E5-F405-47E4-9A8A-DE544031D1F0\Compiler\QNX650_520\target\qnx6/ppcbe/lib/crtn.o

.note.gnu.build-id
                0x0000000048040168       0x20
 *(.note.gnu.build-id)
 .note.gnu.build-id
                0x0000000048040168       0x20 C:\ProgramData\dSPACE\A8EFD7E5-F405-47E4-9A8A-DE544031D1F0\Compiler\QNX650_520\target\qnx6/ppcbe/lib/crt1.o

.hash           0x0000000048040188      0x384
 *(.hash)
 .hash          0x0000000048040188      0x384 C:\ProgramData\dSPACE\A8EFD7E5-F405-47E4-9A8A-DE544031D1F0\Compiler\QNX650_520\target\qnx6/ppcbe/lib/crt1.o

.gnu.hash
 *(.gnu.hash)

.dynsym         0x000000004804050c      0x7e0
 *(.dynsym)
 .dynsym        0x000000004804050c      0x7e0 C:\ProgramData\dSPACE\A8EFD7E5-F405-47E4-9A8A-DE544031D1F0\Compiler\QNX650_520\target\qnx6/ppcbe/lib/crt1.o

.dynstr         0x0000000048040cec      0x9ee
 *(.dynstr)
 .dynstr        0x0000000048040cec      0x9ee C:\ProgramData\dSPACE\A8EFD7E5-F405-47E4-9A8A-DE544031D1F0\Compiler\QNX650_520\target\qnx6/ppcbe/lib/crt1.o

.gnu.version    0x00000000480416da        0x0
 *(.gnu.version)
 .gnu.version   0x00000000480416da        0x0 C:\ProgramData\dSPACE\A8EFD7E5-F405-47E4-9A8A-DE544031D1F0\Compiler\QNX650_520\target\qnx6/ppcbe/lib/crt1.o

.gnu.version_d  0x00000000480416dc        0x0
 *(.gnu.version_d)
 .gnu.version_d
                0x00000000480416dc        0x0 C:\ProgramData\dSPACE\A8EFD7E5-F405-47E4-9A8A-DE544031D1F0\Compiler\QNX650_520\target\qnx6/ppcbe/lib/crt1.o

.gnu.version_r  0x00000000480416dc        0x0
 *(.gnu.version_r)
 .gnu.version_r
                0x00000000480416dc        0x0 C:\ProgramData\dSPACE\A8EFD7E5-F405-47E4-9A8A-DE544031D1F0\Compiler\QNX650_520\target\qnx6/ppcbe/lib/crt1.o

.rel.dyn
 *(.rel.init)
 *(.rel.text .rel.text.* .rel.gnu.linkonce.t.*)
 *(.rel.fini)
 *(.rel.rodata .rel.rodata.* .rel.gnu.linkonce.r.*)
 *(.rel.data.rel.ro* .rel.gnu.linkonce.d.rel.ro.*)
 *(.rel.data .rel.data.* .rel.gnu.linkonce.d.*)
 *(.rel.tdata .rel.tdata.* .rel.gnu.linkonce.td.*)
 *(.rel.tbss .rel.tbss.* .rel.gnu.linkonce.tb.*)
 *(.rel.ctors)
 *(.rel.dtors)
 *(.rel.got)
 *(.rel.sdata .rel.sdata.* .rel.gnu.linkonce.s.*)
 *(.rel.sbss .rel.sbss.* .rel.gnu.linkonce.sb.*)
 *(.rel.sdata2 .rel.sdata2.* .rel.gnu.linkonce.s2.*)
 *(.rel.sbss2 .rel.sbss2.* .rel.gnu.linkonce.sb2.*)
 *(.rel.bss .rel.bss.* .rel.gnu.linkonce.b.*)

.rela.dyn       0x00000000480416dc       0x6c
 *(.rela.init)
 *(.rela.text .rela.text.* .rela.gnu.linkonce.t.*)
 .rela.text     0x00000000480416dc        0x0 C:\ProgramData\dSPACE\A8EFD7E5-F405-47E4-9A8A-DE544031D1F0\Compiler\QNX650_520\target\qnx6/ppcbe/lib/crt1.o
 *(.rela.fini)
 *(.rela.rodata .rela.rodata.* .rela.gnu.linkonce.r.*)
 .rela.rodata   0x00000000480416dc        0x0 C:\ProgramData\dSPACE\A8EFD7E5-F405-47E4-9A8A-DE544031D1F0\Compiler\QNX650_520\target\qnx6/ppcbe/lib/crt1.o
 *(.rela.data .rela.data.* .rela.gnu.linkonce.d.*)
 *(.rela.tdata .rela.tdata.* .rela.gnu.linkonce.td.*)
 *(.rela.tbss .rela.tbss.* .rela.gnu.linkonce.tb.*)
 *(.rela.ctors)
 *(.rela.dtors)
 *(.rela.got)
 .rela.got      0x00000000480416dc       0x48 C:\ProgramData\dSPACE\A8EFD7E5-F405-47E4-9A8A-DE544031D1F0\Compiler\QNX650_520\target\qnx6/ppcbe/lib/crt1.o
 *(.rela.got1)
 *(.rela.got2)
 *(.rela.sdata .rela.sdata.* .rela.gnu.linkonce.s.*)
 *(.rela.sbss .rela.sbss.* .rela.gnu.linkonce.sb.*)
 .rela.sbss     0x0000000048041724        0x0 C:\ProgramData\dSPACE\A8EFD7E5-F405-47E4-9A8A-DE544031D1F0\Compiler\QNX650_520\target\qnx6/ppcbe/lib/crt1.o
 *(.rela.sdata2 .rela.sdata2.* .rela.gnu.linkonce.s2.*)
 *(.rela.sbss2 .rela.sbss2.* .rela.gnu.linkonce.sb2.*)
 *(.rela.bss .rela.bss.* .rela.gnu.linkonce.b.*)
 .rela.bss      0x0000000048041724       0x24 C:\ProgramData\dSPACE\A8EFD7E5-F405-47E4-9A8A-DE544031D1F0\Compiler\QNX650_520\target\qnx6/ppcbe/lib/crt1.o
 .rela.iplt     0x0000000048041748        0x0 C:\ProgramData\dSPACE\A8EFD7E5-F405-47E4-9A8A-DE544031D1F0\Compiler\QNX650_520\target\qnx6/ppcbe/lib/crt1.o

.rel.plt
 *(.rel.plt)

.rela.plt       0x0000000048041748      0x504
 *(.rela.plt)
 .rela.plt      0x0000000048041748      0x504 C:\ProgramData\dSPACE\A8EFD7E5-F405-47E4-9A8A-DE544031D1F0\Compiler\QNX650_520\target\qnx6/ppcbe/lib/crt1.o

.init           0x0000000048041c4c       0x24
 *(.init)
 .init          0x0000000048041c4c        0xc C:\ProgramData\dSPACE\A8EFD7E5-F405-47E4-9A8A-DE544031D1F0\Compiler\QNX650_520\target\qnx6/ppcbe/lib/crti.o
                0x0000000048041c4c                _init
 .init          0x0000000048041c58        0x4 c:/programdata/dspace/a8efd7e5-f405-47e4-9a8a-de544031d1f0/compiler/qnx650_520/host/win32/x86/usr/bin/../lib/gcc/powerpc-unknown-nto-qnx6.5.0/5.2.0/crtbegin.o
 .init          0x0000000048041c5c        0x4 c:/programdata/dspace/a8efd7e5-f405-47e4-9a8a-de544031d1f0/compiler/qnx650_520/host/win32/x86/usr/bin/../lib/gcc/powerpc-unknown-nto-qnx6.5.0/5.2.0/crtend.o
 .init          0x0000000048041c60       0x10 C:\ProgramData\dSPACE\A8EFD7E5-F405-47E4-9A8A-DE544031D1F0\Compiler\QNX650_520\target\qnx6/ppcbe/lib/crtn.o

.text           0x0000000048041c70     0x953c
                0x0000000048041c70                _btext = .
 *(.text .stub .text.* .gnu.linkonce.t.*)
 .text          0x0000000048041c70      0x118 C:\ProgramData\dSPACE\A8EFD7E5-F405-47E4-9A8A-DE544031D1F0\Compiler\QNX650_520\target\qnx6/ppcbe/lib/crt1.o
                0x0000000048041c70                _start
 .text          0x0000000048041d88        0x0 C:\ProgramData\dSPACE\A8EFD7E5-F405-47E4-9A8A-DE544031D1F0\Compiler\QNX650_520\target\qnx6/ppcbe/lib/crti.o
 .text          0x0000000048041d88      0x2b0 c:/programdata/dspace/a8efd7e5-f405-47e4-9a8a-de544031d1f0/compiler/qnx650_520/host/win32/x86/usr/bin/../lib/gcc/powerpc-unknown-nto-qnx6.5.0/5.2.0/crtbegin.o
 *fill*         0x0000000048042038        0x8 00000000
 .text          0x0000000048042040     0x6024 Ball_and_Plate_MicroLabBox_student.o07
                0x0000000048042150                Ball_and_Pl_MATLABFunction_Init
                0x0000000048042170                Ball_and_Plate_M_MATLABFunction
                0x0000000048042230                Ball_and_Plate__MATLABFunction2
                0x0000000048042280                rt_powd_snf
                0x0000000048042430                Ball_and_P_MATLABFunction1_Init
                0x0000000048042470                Ball_and_Plate__MATLABFunction1
                0x0000000048042b00                Ball_and__MATLABFunction_o_Init
                0x0000000048042b20                Ball_and_Plate_MATLABFunction_e
                0x0000000048042bc0                Ball_and__EnabledSubsystem_Init
                0x0000000048042bd0                Ball_a_EnabledSubsystem_Disable
                0x0000000048042bf0                Ball_and_EnabledSubsystem_Start
                0x0000000048042c00                Ball_and_Plate_EnabledSubsystem
                0x0000000048042c70                Ball_and_EnabledSubsystem1_Init
                0x0000000048042c80                Ball__EnabledSubsystem1_Disable
                0x0000000048042c90                Ball_an_EnabledSubsystem1_Start
                0x0000000048042ca0                Ball_and_Plat_EnabledSubsystem1
                0x0000000048042d00                Ball_and_Plate_MicroLabBox_student_output
                0x0000000048045430                Ball_and_Plate_MicroLabBox_student_derivatives
                0x00000000480454c0                Ball_and_Plate_MicroLabBox_student_update
                0x0000000048045900                Ball_and_Plate_MicroLabBox_student_initialize
                0x0000000048047e70                Ball_and_Plate_MicroLabBox_student_terminate
 *fill*         0x0000000048048064        0xc 00000000
 .text          0x0000000048048070      0x68c rt_matrx.o07
                0x0000000048048070                rt_mxCreateCharMatrixFromStrings
                0x0000000048048280                rt_mxCreateString
                0x0000000048048350                rt_mxCreateDoubleMatrix
                0x0000000048048410                rt_mxCreateNumericArray
                0x0000000048048450                rt_mxDuplicateArray
                0x0000000048048540                rt_mxGetDimensions
                0x00000000480485f0                rt_mxGetEps
                0x0000000048048600                rt_mxGetString
 *fill*         0x00000000480486fc        0x4 00000000
 .text          0x0000000048048700       0xc8 rt_printf.o07
                0x0000000048048700                rtPrintfNoOp
 .text          0x00000000480487c8        0x0 Ball_and_Plate_MicroLabBox_student_data.o07
 .text          0x00000000480487c8      0x3d4 Ball_and_Plate_MicroLabBox_student_trc_ptr.o07
                0x0000000048048b68                Ball_and_Plate_MicroLabBox_student_rti_init_trc_pointers
 *fill*         0x0000000048048b9c        0x4 00000000
 .text          0x0000000048048ba0       0x5c rtGetInf.o07
                0x0000000048048ba0                rtGetInf
                0x0000000048048bc0                rtGetInfF
                0x0000000048048bd0                rtGetMinusInf
                0x0000000048048bf0                rtGetMinusInfF
 *fill*         0x0000000048048bfc        0x4 00000000
 .text          0x0000000048048c00       0x3c rtGetNaN.o07
                0x0000000048048c00                rtGetNaN
                0x0000000048048c30                rtGetNaNF
 *fill*         0x0000000048048c3c        0x4 00000000
 .text          0x0000000048048c40      0x158 rt_nonfinite.o07
                0x0000000048048c40                rt_InitInfAndNaN
                0x0000000048048ca0                rtIsInf
                0x0000000048048cd0                rtIsInfF
                0x0000000048048d00                rtIsNaN
                0x0000000048048d50                rtIsNaNF
 *fill*         0x0000000048048d98        0x8 00000000
 .text          0x0000000048048da0       0xf8 rt_zcfcn.o07
                0x0000000048048da0                rt_ZCFcn
 *fill*         0x0000000048048e98        0x8 00000000
 .text          0x0000000048048ea0      0x2e0 dleadlag.o07
                0x0000000048049140                dleadlag
 .text          0x0000000048049180      0x280 dlowpass1.o07
                0x00000000480493c0                dlowpass1
 .text          0x0000000048049400      0x774 rti_sim_engine.o07
                0x0000000048049b00                rtk_idle_function
                0x0000000048049b10                rti_th_timertask1_trigger_source
                0x0000000048049b60                initConditions
                0x0000000048049b70                initVariables
 *fill*         0x0000000048049b74        0xc 00000000
 .text.startup  0x0000000048049b80      0xa20 rti_sim_engine.o07
                0x0000000048049b80                main
 .text          0x000000004804a5a0       0x40 rti_init_c.o07
                0x000000004804a5a0                rti_init
 .text          0x000000004804a5e0       0x44 rt_sim.o07
                0x000000004804a5e0                rt_SimInitTimingEngine
                0x000000004804a610                rt_SimGetNextSampleHit
                0x000000004804a620                rt_SimUpdateDiscreteTaskSampleHits
 *fill*         0x000000004804a624        0xc 00000000
 .text          0x000000004804a630       0xd4 rti_assert.o07
                0x000000004804a630                rti_assertion_handler
                0x000000004804a6c0                rti_assertion_mode_msg
 .text          0x000000004804a704        0x0 C:\Program Files\dSPACE RCPHIL 2020-B\DS1202\Lib/librtversion.a(RtVersion.o)
 *fill*         0x000000004804a704        0xc 00000000
 .text          0x000000004804a710        0x4 C:\Program Files\dSPACE RCPHIL 2020-B\DS1202\Lib/librtglobals.a(DsEESPort.o)
                0x000000004804a710                DsEesPort_init()
 .text          0x000000004804a714       0x20 C:\Program Files\dSPACE RCPHIL 2020-B\DS1202\Lib/libm_fastpow.a(w_pow.o)
                0x000000004804a714                pow
 .text          0x000000004804a734      0x85c C:\Program Files\dSPACE RCPHIL 2020-B\DS1202\Lib/libm_fastpow.a(e_pow.o)
                0x000000004804a734                __ieee754_pow
 .text          0x000000004804af90      0x188 C:\Program Files\dSPACE RCPHIL 2020-B\DS1202\Lib/libm_fastpow.a(s_scalbn.o)
                0x000000004804af90                scalbn
 .text          0x000000004804b118       0x94 c:/programdata/dspace/a8efd7e5-f405-47e4-9a8a-de544031d1f0/compiler/qnx650_520/host/win32/x86/usr/bin/../lib/gcc/powerpc-unknown-nto-qnx6.5.0/5.2.0/crtend.o
 .text          0x000000004804b1ac        0x0 C:\ProgramData\dSPACE\A8EFD7E5-F405-47E4-9A8A-DE544031D1F0\Compiler\QNX650_520\target\qnx6/ppcbe/lib/crtn.o
 *(.gnu.warning)
 *(.glink)
 .glink         0x000000004804b1ac        0x0 C:\ProgramData\dSPACE\A8EFD7E5-F405-47E4-9A8A-DE544031D1F0\Compiler\QNX650_520\target\qnx6/ppcbe/lib/crt1.o

.fini           0x000000004804b1ac       0x20
 *(.fini)
 .fini          0x000000004804b1ac        0xc C:\ProgramData\dSPACE\A8EFD7E5-F405-47E4-9A8A-DE544031D1F0\Compiler\QNX650_520\target\qnx6/ppcbe/lib/crti.o
                0x000000004804b1ac                _fini
 .fini          0x000000004804b1b8        0x4 c:/programdata/dspace/a8efd7e5-f405-47e4-9a8a-de544031d1f0/compiler/qnx650_520/host/win32/x86/usr/bin/../lib/gcc/powerpc-unknown-nto-qnx6.5.0/5.2.0/crtbegin.o
 .fini          0x000000004804b1bc       0x10 C:\ProgramData\dSPACE\A8EFD7E5-F405-47E4-9A8A-DE544031D1F0\Compiler\QNX650_520\target\qnx6/ppcbe/lib/crtn.o
                [!provide]                        PROVIDE (__etext, .)
                0x000000004804b1cc                PROVIDE (_etext, .)
                [!provide]                        PROVIDE (etext, .)

.rodata         0x000000004804b1d0    0x81dc8
 *(.rodata .rodata.* .gnu.linkonce.r.*)
 .rodata        0x000000004804b1d0    0x8134c Ball_and_Plate_MicroLabBox_student.o07
                0x00000000480cc518                Ball_and_Plate_MicroLabBox_student_M
 .rodata.cst4   0x00000000480cc51c       0x48 Ball_and_Plate_MicroLabBox_student.o07
 *fill*         0x00000000480cc564        0x4 
 .rodata.cst8   0x00000000480cc568       0xd8 Ball_and_Plate_MicroLabBox_student.o07
 .rodata.str1.4
                0x00000000480cc640      0x382 Ball_and_Plate_MicroLabBox_student.o07
                                        0x392 (size before relaxing)
 *fill*         0x00000000480cc9c2        0x2 
 .rodata.cst4   0x00000000480cc9c4       0x1c rt_matrx.o07
 .rodata.str1.4
                0x00000000480cc9e0        0xf rt_printf.o07
 *fill*         0x00000000480cc9ef        0x1 
 .rodata.cst4   0x00000000480cc9f0        0x8 rtGetInf.o07
 .rodata.cst4   0x00000000480cc9f8        0x4 rtGetNaN.o07
 .rodata        0x00000000480cc9fc       0x13 rt_zcfcn.o07
 .rodata.cst4   0x00000000480cca0f        0x4 rt_zcfcn.o07
 .rodata.cst4   0x00000000480cca0f        0xc dleadlag.o07
 *fill*         0x00000000480cca0f        0x1 
 .rodata.cst8   0x00000000480cca10       0x10 dleadlag.o07
                                         0x18 (size before relaxing)
 .rodata.cst4   0x00000000480cca20        0xc dlowpass1.o07
 .rodata.cst8   0x00000000480cca20       0x18 dlowpass1.o07
 .rodata        0x00000000480cca20        0xc rti_sim_engine.o07
                0x00000000480cca20                rtiDataSetStorageEnabled
                0x00000000480cca24                p_dsts_sum_of_reset_time
                0x00000000480cca28                p_msg_last_error_no
 .rodata.cst4   0x00000000480cca2c        0x4 rti_sim_engine.o07
                                          0x8 (size before relaxing)
 .rodata.cst8   0x00000000480cca30        0x8 rti_sim_engine.o07
 .rodata.str1.4
                0x00000000480cca30      0x330 rti_sim_engine.o07
 .rodata.cst4   0x00000000480ccd60        0x4 rt_sim.o07
                                          0x8 (size before relaxing)
 .rodata.str1.4
                0x00000000480ccd64       0x71 rt_sim.o07
 *fill*         0x00000000480ccdd5        0x3 
 .rodata.str1.4
                0x00000000480ccdd8       0x70 rti_assert.o07
                                         0x6d (size before relaxing)
 .rodata        0x00000000480cce48       0x30 C:\Program Files\dSPACE RCPHIL 2020-B\DS1202\Lib/libm_fastpow.a(e_pow.o)
 .rodata.cst4   0x00000000480cce78        0x8 C:\Program Files\dSPACE RCPHIL 2020-B\DS1202\Lib/libm_fastpow.a(e_pow.o)
 .rodata.cst8   0x00000000480cce80       0xe8 C:\Program Files\dSPACE RCPHIL 2020-B\DS1202\Lib/libm_fastpow.a(e_pow.o)
 .rodata.cst8   0x00000000480ccf68       0x30 C:\Program Files\dSPACE RCPHIL 2020-B\DS1202\Lib/libm_fastpow.a(s_scalbn.o)

.rodata1
 *(.rodata1)

.sdata2         0x00000000480ccf98        0x0
                0x0000000000008000                PROVIDE (_SDA2_BASE_, 0x8000)
 *(.sdata2 .sdata2.* .gnu.linkonce.s2.*)
 .sdata2        0x00000000480ccf98        0x0 C:\ProgramData\dSPACE\A8EFD7E5-F405-47E4-9A8A-DE544031D1F0\Compiler\QNX650_520\target\qnx6/ppcbe/lib/crt1.o

.sbss2
 *(.sbss2 .sbss2.* .gnu.linkonce.sb2.*)

.eh_frame_hdr   0x00000000480ccf98       0x14
 *(.eh_frame_hdr)
 .eh_frame_hdr  0x00000000480ccf98       0x14 C:\Program Files\dSPACE RCPHIL 2020-B\DS1202\Lib/librtglobals.a(DsEESPort.o)

.eh_frame       0x00000000480ccfac       0x2c
 *(.eh_frame)
 .eh_frame      0x00000000480ccfac        0x0 C:\ProgramData\dSPACE\A8EFD7E5-F405-47E4-9A8A-DE544031D1F0\Compiler\QNX650_520\target\qnx6/ppcbe/lib/crt1.o
 .eh_frame      0x00000000480ccfac        0x0 c:/programdata/dspace/a8efd7e5-f405-47e4-9a8a-de544031d1f0/compiler/qnx650_520/host/win32/x86/usr/bin/../lib/gcc/powerpc-unknown-nto-qnx6.5.0/5.2.0/crtbegin.o
 .eh_frame      0x00000000480ccfac       0x28 C:\Program Files\dSPACE RCPHIL 2020-B\DS1202\Lib/librtglobals.a(DsEESPort.o)
 .eh_frame      0x00000000480ccfd4        0x4 c:/programdata/dspace/a8efd7e5-f405-47e4-9a8a-de544031d1f0/compiler/qnx650_520/host/win32/x86/usr/bin/../lib/gcc/powerpc-unknown-nto-qnx6.5.0/5.2.0/crtend.o

.gcc_except_table
 *(.gcc_except_table .gcc_except_table.*)
                0x00000000480ccfd8                . = (ALIGN (0x1000) - ((0x1000 - .) & 0xfff))
                0x00000000480cd000                . = DATA_SEGMENT_ALIGN (0x1000, 0x1000)

.eh_frame
 *(.eh_frame)

.gcc_except_table
 *(.gcc_except_table .gcc_except_table.*)

.tdata
 *(.tdata .tdata.* .gnu.linkonce.td.*)

.tbss
 *(.tbss .tbss.* .gnu.linkonce.tb.*)
 *(.tcommon)

.preinit_array  0x00000000480cd000        0x0
                0x00000000480cd000                PROVIDE (__preinit_array_start, .)
 *(.preinit_array)
                0x00000000480cd000                PROVIDE (__preinit_array_end, .)

.init_array     0x00000000480cd000        0x0
                0x00000000480cd000                PROVIDE (__init_array_start, .)
 *(SORT(.init_array.*))
 *(.init_array)
                0x00000000480cd000                PROVIDE (__init_array_end, .)

.fini_array     0x00000000480cd000        0x0
                0x00000000480cd000                PROVIDE (__fini_array_start, .)
 *(.fini_array)
 *(SORT(.fini_array.*))
                0x00000000480cd000                PROVIDE (__fini_array_end, .)

.ctors          0x00000000480cd000        0x8
 *crtbegin.o(.ctors)
 .ctors         0x00000000480cd000        0x4 c:/programdata/dspace/a8efd7e5-f405-47e4-9a8a-de544031d1f0/compiler/qnx650_520/host/win32/x86/usr/bin/../lib/gcc/powerpc-unknown-nto-qnx6.5.0/5.2.0/crtbegin.o
 *crtbegin?.o(.ctors)
 *(EXCLUDE_FILE(*crtend?.o *crtend.o) .ctors)
 *(SORT(.ctors.*))
 *(.ctors)
 .ctors         0x00000000480cd004        0x4 c:/programdata/dspace/a8efd7e5-f405-47e4-9a8a-de544031d1f0/compiler/qnx650_520/host/win32/x86/usr/bin/../lib/gcc/powerpc-unknown-nto-qnx6.5.0/5.2.0/crtend.o

.dtors          0x00000000480cd008        0x8
 *crtbegin.o(.dtors)
 .dtors         0x00000000480cd008        0x4 c:/programdata/dspace/a8efd7e5-f405-47e4-9a8a-de544031d1f0/compiler/qnx650_520/host/win32/x86/usr/bin/../lib/gcc/powerpc-unknown-nto-qnx6.5.0/5.2.0/crtbegin.o
 *crtbegin?.o(.dtors)
 *(EXCLUDE_FILE(*crtend?.o *crtend.o) .dtors)
 *(SORT(.dtors.*))
 *(.dtors)
 .dtors         0x00000000480cd00c        0x4 c:/programdata/dspace/a8efd7e5-f405-47e4-9a8a-de544031d1f0/compiler/qnx650_520/host/win32/x86/usr/bin/../lib/gcc/powerpc-unknown-nto-qnx6.5.0/5.2.0/crtend.o
                0x00000000480cd00c                __DTOR_END__

.jcr            0x00000000480cd010        0x4
 *(.jcr)
 .jcr           0x00000000480cd010        0x0 c:/programdata/dspace/a8efd7e5-f405-47e4-9a8a-de544031d1f0/compiler/qnx650_520/host/win32/x86/usr/bin/../lib/gcc/powerpc-unknown-nto-qnx6.5.0/5.2.0/crtbegin.o
 .jcr           0x00000000480cd010        0x4 c:/programdata/dspace/a8efd7e5-f405-47e4-9a8a-de544031d1f0/compiler/qnx650_520/host/win32/x86/usr/bin/../lib/gcc/powerpc-unknown-nto-qnx6.5.0/5.2.0/crtend.o

.data.rel.ro
 *(.data.rel.ro.local* .gnu.linkonce.d.rel.ro.local.*)
 *(.data.rel.ro* .gnu.linkonce.d.rel.ro.*)

.fixup
 *(.fixup)

.got1
 *(.got1)

.got2
 *(.got2)

.dynamic        0x00000000480cd014      0x100
 *(.dynamic)
 .dynamic       0x00000000480cd014      0x100 C:\ProgramData\dSPACE\A8EFD7E5-F405-47E4-9A8A-DE544031D1F0\Compiler\QNX650_520\target\qnx6/ppcbe/lib/crt1.o
                0x00000000480cd014                _DYNAMIC

.got
 *(.got)
                0x00000000480cd114                . = DATA_SEGMENT_RELRO_END (., 0x0)

.plt
 *(.plt)

.data           0x00000000480cd118   0x49a3a0
 *(.data .data.* .gnu.linkonce.d.*)
 .data          0x00000000480cd118        0x0 C:\ProgramData\dSPACE\A8EFD7E5-F405-47E4-9A8A-DE544031D1F0\Compiler\QNX650_520\target\qnx6/ppcbe/lib/crt1.o
 .data          0x00000000480cd118        0x0 C:\ProgramData\dSPACE\A8EFD7E5-F405-47E4-9A8A-DE544031D1F0\Compiler\QNX650_520\target\qnx6/ppcbe/lib/crti.o
 .data          0x00000000480cd118        0x0 c:/programdata/dspace/a8efd7e5-f405-47e4-9a8a-de544031d1f0/compiler/qnx650_520/host/win32/x86/usr/bin/../lib/gcc/powerpc-unknown-nto-qnx6.5.0/5.2.0/crtbegin.o
 .data.rel.local
                0x00000000480cd118        0x4 c:/programdata/dspace/a8efd7e5-f405-47e4-9a8a-de544031d1f0/compiler/qnx650_520/host/win32/x86/usr/bin/../lib/gcc/powerpc-unknown-nto-qnx6.5.0/5.2.0/crtbegin.o
                0x00000000480cd118                __dso_handle
 .data          0x00000000480cd11c        0x0 Ball_and_Plate_MicroLabBox_student.o07
 .data          0x00000000480cd11c        0x0 rt_matrx.o07
 .data          0x00000000480cd11c        0x0 rt_printf.o07
 *fill*         0x00000000480cd11c        0x4 
 .data          0x00000000480cd120   0x49a378 Ball_and_Plate_MicroLabBox_student_data.o07
                0x00000000480cd120                Ball_and_Plate_MicroLabBox_student_P
 .data          0x0000000048567498        0x0 Ball_and_Plate_MicroLabBox_student_trc_ptr.o07
 .data          0x0000000048567498        0x0 rtGetInf.o07
 .data          0x0000000048567498        0x0 rtGetNaN.o07
 .data          0x0000000048567498        0x0 rt_nonfinite.o07
 .data          0x0000000048567498        0x0 rt_zcfcn.o07
 .data          0x0000000048567498        0x0 dleadlag.o07
 .data          0x0000000048567498        0x0 dlowpass1.o07
 .data          0x0000000048567498       0x14 rti_sim_engine.o07
                0x0000000048567498                simState
                0x00000000485674a8                lastSimState
 .data          0x00000000485674ac        0x0 rti_init_c.o07
 .data          0x00000000485674ac        0x0 rt_sim.o07
 .data          0x00000000485674ac        0x0 rti_assert.o07
 .data          0x00000000485674ac        0x0 C:\Program Files\dSPACE RCPHIL 2020-B\DS1202\Lib/librtversion.a(RtVersion.o)
 .data          0x00000000485674ac        0x0 C:\Program Files\dSPACE RCPHIL 2020-B\DS1202\Lib/librtglobals.a(DsEESPort.o)
 .data.rel      0x00000000485674ac        0xc C:\Program Files\dSPACE RCPHIL 2020-B\DS1202\Lib/librtglobals.a(DsEESPort.o)
                0x00000000485674ac                p_xilapi_eesport_errorswitching_uint32_T
                0x00000000485674b0                p_xilapi_eesport_erroractivated_uint32_T
                0x00000000485674b4                p_xilapi_eesport_activeerrorset_uint32_T
 .data          0x00000000485674b8        0x0 C:\Program Files\dSPACE RCPHIL 2020-B\DS1202\Lib/libm_fastpow.a(w_pow.o)
 .data          0x00000000485674b8        0x0 C:\Program Files\dSPACE RCPHIL 2020-B\DS1202\Lib/libm_fastpow.a(e_pow.o)
 .data          0x00000000485674b8        0x0 C:\Program Files\dSPACE RCPHIL 2020-B\DS1202\Lib/libm_fastpow.a(s_scalbn.o)
 .data          0x00000000485674b8        0x0 c:/programdata/dspace/a8efd7e5-f405-47e4-9a8a-de544031d1f0/compiler/qnx650_520/host/win32/x86/usr/bin/../lib/gcc/powerpc-unknown-nto-qnx6.5.0/5.2.0/crtend.o
 .data          0x00000000485674b8        0x0 C:\ProgramData\dSPACE\A8EFD7E5-F405-47E4-9A8A-DE544031D1F0\Compiler\QNX650_520\target\qnx6/ppcbe/lib/crtn.o

.tm_clone_table
                0x00000000485674b8        0x0
 .tm_clone_table
                0x00000000485674b8        0x0 c:/programdata/dspace/a8efd7e5-f405-47e4-9a8a-de544031d1f0/compiler/qnx650_520/host/win32/x86/usr/bin/../lib/gcc/powerpc-unknown-nto-qnx6.5.0/5.2.0/crtbegin.o
 .tm_clone_table
                0x00000000485674b8        0x0 c:/programdata/dspace/a8efd7e5-f405-47e4-9a8a-de544031d1f0/compiler/qnx650_520/host/win32/x86/usr/bin/../lib/gcc/powerpc-unknown-nto-qnx6.5.0/5.2.0/crtend.o

.data1
 *(.data1)

.got            0x00000000485674b8       0x54
 *(.got)
 .got           0x00000000485674b8       0x54 C:\ProgramData\dSPACE\A8EFD7E5-F405-47E4-9A8A-DE544031D1F0\Compiler\QNX650_520\target\qnx6/ppcbe/lib/crt1.o
                0x0000000048567500                _GLOBAL_OFFSET_TABLE_

.sdata          0x000000004856750c        0x0
                0x0000000000008000                PROVIDE (_SDA_BASE_, 0x8000)
 *(.sdata .sdata.* .gnu.linkonce.s.*)
 .sdata         0x000000004856750c        0x0 C:\ProgramData\dSPACE\A8EFD7E5-F405-47E4-9A8A-DE544031D1F0\Compiler\QNX650_520\target\qnx6/ppcbe/lib/crt1.o
                0x000000004856750c                _edata = .
                [!provide]                        PROVIDE (edata, .)
                0x000000004856750c                __bss_start = .

.sbss           0x000000004856750c        0x0
                [!provide]                        PROVIDE (__sbss_start, .)
                [!provide]                        PROVIDE (___sbss_start, .)
 *(.dynsbss)
 .dynsbss       0x000000004856750c        0x0 C:\ProgramData\dSPACE\A8EFD7E5-F405-47E4-9A8A-DE544031D1F0\Compiler\QNX650_520\target\qnx6/ppcbe/lib/crt1.o
 *(.sbss .sbss.* .gnu.linkonce.sb.*)
 *(.scommon)
                [!provide]                        PROVIDE (__sbss_end, .)
                [!provide]                        PROVIDE (___sbss_end, .)

.plt            0x000000004856750c      0x54c
 *(.plt)
 .plt           0x000000004856750c      0x54c C:\ProgramData\dSPACE\A8EFD7E5-F405-47E4-9A8A-DE544031D1F0\Compiler\QNX650_520\target\qnx6/ppcbe/lib/crt1.o
                0x0000000048567554                DsIoEth_getLinkState
                0x000000004856755c                ts_reset
                0x0000000048567564                __register_frame_info
                0x000000004856756c                DioCl2EncoderIn_create
                0x0000000048567574                msg_error_clear
                0x000000004856757c                dsrtt_set_current_time
                0x0000000048567584                sqrt
                0x000000004856758c                DsIoEth_recvfrom
                0x0000000048567594                calloc
                0x000000004856759c                DioCl2EncoderIn_read
                0x00000000485675a4                rtk_current_task_absolute_time_ptr_get
                0x00000000485675ac                DsTimeSync_simstateRun
                0x00000000485675b4                DacCl1AnalogOut_create
                0x00000000485675bc                DioCl2EncoderIn_setEncPosition
                0x00000000485675c4                DioCl2EncoderIn_stop
                0x00000000485675cc                floor
                0x00000000485675d4                memcpy
                0x00000000485675dc                rtk_setup_temp_overrun_handling
                0x00000000485675e4                DsIoEth_close
                0x00000000485675ec                DsIoEth_open
                0x00000000485675f4                DsIoEth_setAddrFilter
                0x00000000485675fc                DioCl2EncoderIn_setIndexMode
                0x0000000048567604                DsIoEth_setNetMask
                0x000000004856760c                SrtkIntBase_requestTaskMode
                0x0000000048567614                rtk_reset_tasks
                0x000000004856761c                __cxa_finalize
                0x0000000048567624                malloc
                0x000000004856762c                _init_array
                0x0000000048567634                rtk_set_task_type
                0x000000004856763c                DsTimeSync_baserate
                0x0000000048567644                rtk_task_name_set
                0x000000004856764c                tan
                0x0000000048567654                DioCl2EncoderIn_write
                0x000000004856765c                DacCl1AnalogOut_apply
                0x0000000048567664                strlen
                0x000000004856766c                dsrtt_script_service_post_computation
                0x0000000048567674                rtk_create_task
                0x000000004856767c                msg_warning_printf
                0x0000000048567684                msg_last_error_number
                0x000000004856768c                DioCl2EncoderIn_start
                0x0000000048567694                dsparam_copy_data_set
                0x000000004856769c                SrtkPreload_preloadRegion
                0x00000000485676a4                msg_error_set
                0x00000000485676ac                asin
                0x00000000485676b4                rtk_enable_services
                0x00000000485676bc                SrtkDaq_Init
                0x00000000485676c4                rtk_task_task_calls_get
                0x00000000485676cc                DsTimeSync_setCurrentTimePtr
                0x00000000485676d4                SrtkIntBase_enableIntGlobal
                0x00000000485676dc                vsprintf
                0x00000000485676e4                DsIoEth_getIpAddress
                0x00000000485676ec                DacCl1AnalogOut_write
                0x00000000485676f4                rtk_overrun_flag_clear
                0x00000000485676fc                rtk_bind_interrupt
                0x0000000048567704                DacCl1AnalogOut_stop
                0x000000004856770c                _init_libc
                0x0000000048567714                DioCl2EncoderIn_setGatedMode
                0x000000004856771c                dsrtt_init
                0x0000000048567724                SrtkApp_terminate
                0x000000004856772c                DioCl2EncoderIn_setMaxPosition
                0x0000000048567734                DioCl2EncoderIn_setMinPosition
                0x000000004856773c                msg_info_set
                0x0000000048567744                DsIoEth_setIpAddress
                0x000000004856774c                dsrtt_script_service_pre_computation
                0x0000000048567754                DacCl1AnalogOut_start
                0x000000004856775c                msg_error_printf
                0x0000000048567764                DsIoEth_setGatewayAddress
                0x000000004856776c                DioCl2EncoderIn_setEncPosValidity
                0x0000000048567774                memset
                0x000000004856777c                _Sin
                0x0000000048567784                DioCl2EncoderIn_getEncPosition
                0x000000004856778c                rtk_leave_idle_mode
                0x0000000048567794                DsIoEth_getRecvFramesDropped
                0x000000004856779c                __wrap_exit
                0x00000000485677a4                __wrap_atexit
                0x00000000485677ac                DioCl2EncoderIn_setMeasurementInterval
                0x00000000485677b4                DacCl1AnalogOut_setOutputValue
                0x00000000485677bc                _fini_array
                0x00000000485677c4                SrtkDaq_Background
                0x00000000485677cc                _preinit_array
                0x00000000485677d4                SrtkApp_init
                0x00000000485677dc                SrtkDaq_Service
                0x00000000485677e4                rtk_task_task_name_get
                0x00000000485677ec                SrtkSim_notifyStateTransition
                0x00000000485677f4                DioCl2EncoderIn_apply
                0x00000000485677fc                DioCl2EncoderIn_getEncVelocity
                0x0000000048567804                msg_info_printf
                0x000000004856780c                msg_set
                0x0000000048567814                DsIoEth_ntohs
                0x000000004856781c                DsIoEth_getPortState
                0x0000000048567824                rtk_get_subentry
                0x000000004856782c                DsIoEth_htons
                0x0000000048567834                dsrtt_set_step_size
                0x000000004856783c                rtk_enter_idle_mode
                0x0000000048567844                rtk_initialize
                0x000000004856784c                DacCl1AnalogOut_setOutputHighZ
                0x0000000048567854                DsIoEth_create
                0x000000004856785c                DsIoEth_getMgmtEvent
                0x0000000048567864                DioCl2EncoderIn_setEncoderLines
                0x000000004856786c                SrtkApp_background
                0x0000000048567874                rtk_default_overrun_fcn
                0x000000004856787c                vcm_module_register
                0x0000000048567884                DsTimeSync_simstateStop
                0x000000004856788c                DsIoEth_setRecvFrameSize
                0x0000000048567894                SrtkIntBase_disableIntGlobal
                0x000000004856789c                SrtkSim_registerState
                0x00000000485678a4                __deregister_frame_info

.bss            0x0000000048567a58     0xa824
 *(.dynbss)
 .dynbss        0x0000000048567a58       0x14 C:\ProgramData\dSPACE\A8EFD7E5-F405-47E4-9A8A-DE544031D1F0\Compiler\QNX650_520\target\qnx6/ppcbe/lib/crt1.o
                0x0000000048567a58                errno
                0x0000000048567a60                dsts_sum_of_reseted_time
                0x0000000048567a68                msg_last_error_no
 *(.bss .bss.* .gnu.linkonce.b.*)
 .bss           0x0000000048567a6c        0x0 C:\ProgramData\dSPACE\A8EFD7E5-F405-47E4-9A8A-DE544031D1F0\Compiler\QNX650_520\target\qnx6/ppcbe/lib/crt1.o
 .bss           0x0000000048567a6c        0x0 C:\ProgramData\dSPACE\A8EFD7E5-F405-47E4-9A8A-DE544031D1F0\Compiler\QNX650_520\target\qnx6/ppcbe/lib/crti.o
 .bss           0x0000000048567a6c       0x20 c:/programdata/dspace/a8efd7e5-f405-47e4-9a8a-de544031d1f0/compiler/qnx650_520/host/win32/x86/usr/bin/../lib/gcc/powerpc-unknown-nto-qnx6.5.0/5.2.0/crtbegin.o
 *fill*         0x0000000048567a8c        0x4 
 .bss           0x0000000048567a90     0xa268 Ball_and_Plate_MicroLabBox_student.o07
                0x0000000048567a90                Ball_and_Plate_MicroLabBox_student_M_
                0x000000004856b5d8                Ball_and_Plate_MicroLabBox_student_B
                0x0000000048571920                Ball_and_Plate_MicroLabBox_student_Y
                0x0000000048571958                Ball_and_Plate_MicroLabBox_student_DW
                0x0000000048571cd8                Ball_and_Plate_MicroLabBox_student_PrevZCX
                0x0000000048571ce0                Ball_and_Plate_MicroLabBox_student_X
 .bss           0x0000000048571cf8        0x8 rt_matrx.o07
 .bss           0x0000000048571d00      0x400 rt_printf.o07
 .bss           0x0000000048572100        0x0 Ball_and_Plate_MicroLabBox_student_data.o07
 .bss           0x0000000048572100       0xe0 Ball_and_Plate_MicroLabBox_student_trc_ptr.o07
                0x0000000048572100                p_0_Ball_and_Plate_MicroLabBox_student_real_T_0
                0x0000000048572104                p_0_Ball_and_Plate_MicroLabBox_student_uint32_T_1
                0x0000000048572108                p_0_Ball_and_Plate_MicroLabBox_student_uint16_T_2
                0x000000004857210c                p_0_Ball_and_Plate_MicroLabBox_student_uint8_T_3
                0x0000000048572110                p_0_Ball_and_Plate_MicroLabBox_student_boolean_T_4
                0x0000000048572114                p_0_Ball_and_Plate_MicroLabBox_student_real_T_5
                0x0000000048572118                p_0_Ball_and_Plate_MicroLabBox_student_real_T_6
                0x000000004857211c                p_0_Ball_and_Plate_MicroLabBox_student_real_T_7
                0x0000000048572120                p_0_Ball_and_Plate_MicroLabBox_student_real_T_8
                0x0000000048572124                p_0_Ball_and_Plate_MicroLabBox_student_real_T_9
                0x0000000048572128                p_0_Ball_and_Plate_MicroLabBox_student_real_T_10
                0x000000004857212c                p_0_Ball_and_Plate_MicroLabBox_student_real_T_11
                0x0000000048572130                p_0_Ball_and_Plate_MicroLabBox_student_real_T_12
                0x0000000048572134                p_0_Ball_and_Plate_MicroLabBox_student_real_T_13
                0x0000000048572138                p_0_Ball_and_Plate_MicroLabBox_student_real_T_14
                0x000000004857213c                p_0_Ball_and_Plate_MicroLabBox_student_real_T_15
                0x0000000048572140                p_0_Ball_and_Plate_MicroLabBox_student_real_T_16
                0x0000000048572144                p_0_Ball_and_Plate_MicroLabBox_student_real_T_17
                0x0000000048572148                p_0_Ball_and_Plate_MicroLabBox_student_real_T_18
                0x000000004857214c                p_0_Ball_and_Plate_MicroLabBox_student_real_T_19
                0x0000000048572150                p_0_Ball_and_Plate_MicroLabBox_student_real_T_20
                0x0000000048572154                p_0_Ball_and_Plate_MicroLabBox_student_real_T_21
                0x0000000048572158                p_0_Ball_and_Plate_MicroLabBox_student_real_T_22
                0x000000004857215c                p_0_Ball_and_Plate_MicroLabBox_student_real_T_23
                0x0000000048572160                p_1_Ball_and_Plate_MicroLabBox_student_real_T_0
                0x0000000048572164                p_1_Ball_and_Plate_MicroLabBox_student_real_T_1
                0x0000000048572168                p_1_Ball_and_Plate_MicroLabBox_student_real_T_2
                0x000000004857216c                p_1_Ball_and_Plate_MicroLabBox_student_real_T_3
                0x0000000048572170                p_1_Ball_and_Plate_MicroLabBox_student_real_T_4
                0x0000000048572174                p_1_Ball_and_Plate_MicroLabBox_student_real_T_5
                0x0000000048572178                p_1_Ball_and_Plate_MicroLabBox_student_real_T_6
                0x000000004857217c                p_2_Ball_and_Plate_MicroLabBox_student_real_T_0
                0x0000000048572180                p_2_Ball_and_Plate_MicroLabBox_student_int8_T_1
                0x0000000048572184                p_2_Ball_and_Plate_MicroLabBox_student_boolean_T_2
                0x0000000048572188                p_2_Ball_and_Plate_MicroLabBox_student_boolean_T_3
                0x000000004857218c                p_2_Ball_and_Plate_MicroLabBox_student_real_T_4
                0x0000000048572190                p_2_Ball_and_Plate_MicroLabBox_student_real_T_5
                0x0000000048572194                p_2_Ball_and_Plate_MicroLabBox_student_real_T_6
                0x0000000048572198                p_2_Ball_and_Plate_MicroLabBox_student_boolean_T_7
                0x000000004857219c                p_2_Ball_and_Plate_MicroLabBox_student_real_T_8
                0x00000000485721a0                p_2_Ball_and_Plate_MicroLabBox_student_boolean_T_9
                0x00000000485721a4                p_2_Ball_and_Plate_MicroLabBox_student_boolean_T_10
                0x00000000485721a8                p_2_Ball_and_Plate_MicroLabBox_student_real_T_11
                0x00000000485721ac                p_2_Ball_and_Plate_MicroLabBox_student_real_T_12
                0x00000000485721b0                p_2_Ball_and_Plate_MicroLabBox_student_boolean_T_13
                0x00000000485721b4                p_2_Ball_and_Plate_MicroLabBox_student_real_T_14
                0x00000000485721b8                p_2_Ball_and_Plate_MicroLabBox_student_boolean_T_15
                0x00000000485721bc                p_2_Ball_and_Plate_MicroLabBox_student_boolean_T_16
                0x00000000485721c0                p_2_Ball_and_Plate_MicroLabBox_student_real_T_17
                0x00000000485721c4                p_2_Ball_and_Plate_MicroLabBox_student_real_T_18
                0x00000000485721c8                p_2_Ball_and_Plate_MicroLabBox_student_boolean_T_19
                0x00000000485721cc                p_2_Ball_and_Plate_MicroLabBox_student_real_T_20
                0x00000000485721d0                p_3_Ball_and_Plate_MicroLabBox_student_real_T_0
                0x00000000485721d4                p_5_Ball_and_Plate_MicroLabBox_student_real_T_0
                0x00000000485721d8                p_5_Ball_and_Plate_MicroLabBox_student_uint32_T_1
                0x00000000485721dc                p_5_Ball_and_Plate_MicroLabBox_student_real_T_2
 .bss           0x00000000485721e0        0x0 rtGetInf.o07
 .bss           0x00000000485721e0        0x0 rtGetNaN.o07
 .bss           0x00000000485721e0       0x2c rt_nonfinite.o07
                0x00000000485721e0                rtNaN
                0x00000000485721e8                rtNaNF
                0x00000000485721f0                rtInf
                0x00000000485721f8                rtInfF
                0x0000000048572200                rtMinusInf
                0x0000000048572208                rtMinusInfF
 .bss           0x000000004857220c        0x0 rt_zcfcn.o07
 .bss           0x000000004857220c        0x0 dleadlag.o07
 .bss           0x000000004857220c        0x0 dlowpass1.o07
 *fill*         0x000000004857220c        0x4 
 .bss           0x0000000048572210       0x54 rti_sim_engine.o07
                0x0000000048572210                currentTime
                0x0000000048572214                finalTime
                0x0000000048572218                modelStepSize
                0x0000000048572220                pRTIDacC1AnalogOut_Ch_1
                0x0000000048572224                pRTIEmcEncoder_Unit_1_DioCl_2_Port_1_Ch1
                0x0000000048572228                pRTIDacC1AnalogOut_Ch_2
                0x000000004857222c                pRTIEmcEncoder_Unit_2_DioCl_2_Port_1_Ch3
                0x0000000048572230                pRTIDacC1AnalogOut_Ch_3
                0x0000000048572234                pRTIEmcEncoder_Unit_3_DioCl_2_Port_1_Ch5
                0x0000000048572238                taskMode
                0x000000004857223c                pRti_TIMERA_STime
                0x0000000048572240                pRti_TIMERA_TTime
                0x0000000048572244                pRti_TIMERA_TState
                0x0000000048572248                pRti_TIMERA_OType
                0x000000004857224c                pRti_TIMERA_OMax
                0x0000000048572250                pRti_TIMERA_ORpt
                0x0000000048572254                pRti_TIMERA_OCnt
                0x0000000048572258                pRti_TIMERA_TCnt
                0x000000004857225c                pRti_TIMERA_Prio
                0x0000000048572260                rtiAssertionMode
 .bss           0x0000000048572264        0x4 rti_init_c.o07
 .bss           0x0000000048572268        0x0 rt_sim.o07
 .bss           0x0000000048572268        0x0 rti_assert.o07
 .bss           0x0000000048572268        0x0 C:\Program Files\dSPACE RCPHIL 2020-B\DS1202\Lib/librtversion.a(RtVersion.o)
 .bss           0x0000000048572268       0x14 C:\Program Files\dSPACE RCPHIL 2020-B\DS1202\Lib/librtglobals.a(DsEESPort.o)
                0x0000000048572268                xilapi_eesport_trigger_uint32_T
                0x000000004857226c                xilapi_eesport_flags_uint32_T
                0x0000000048572270                xilapi_eesport_errorswitching_uint32_T
                0x0000000048572274                xilapi_eesport_erroractivated_uint32_T
                0x0000000048572278                xilapi_eesport_activeerrorset_uint32_T
 .bss           0x000000004857227c        0x0 C:\Program Files\dSPACE RCPHIL 2020-B\DS1202\Lib/libm_fastpow.a(w_pow.o)
 .bss           0x000000004857227c        0x0 C:\Program Files\dSPACE RCPHIL 2020-B\DS1202\Lib/libm_fastpow.a(e_pow.o)
 .bss           0x000000004857227c        0x0 C:\Program Files\dSPACE RCPHIL 2020-B\DS1202\Lib/libm_fastpow.a(s_scalbn.o)
 .bss           0x000000004857227c        0x0 c:/programdata/dspace/a8efd7e5-f405-47e4-9a8a-de544031d1f0/compiler/qnx650_520/host/win32/x86/usr/bin/../lib/gcc/powerpc-unknown-nto-qnx6.5.0/5.2.0/crtend.o
 .bss           0x000000004857227c        0x0 C:\ProgramData\dSPACE\A8EFD7E5-F405-47E4-9A8A-DE544031D1F0\Compiler\QNX650_520\target\qnx6/ppcbe/lib/crtn.o
 *(COMMON)
                0x000000004857227c                . = ALIGN ((. != 0x0)?0x4:0x1)

.iplt           0x0000000048572280        0x0
 .iplt          0x0000000048572280        0x0 C:\ProgramData\dSPACE\A8EFD7E5-F405-47E4-9A8A-DE544031D1F0\Compiler\QNX650_520\target\qnx6/ppcbe/lib/crt1.o
                0x0000000048572280                . = ALIGN (0x4)
                0x0000000048572280                . = ALIGN (0x4)
                0x0000000048572280                __end = .
                0x0000000048572280                _end = .
                [!provide]                        PROVIDE (end, .)
                0x0000000048572280                . = DATA_SEGMENT_END (.)

.stab
 *(.stab)

.stabstr
 *(.stabstr)

.stab.excl
 *(.stab.excl)

.stab.exclstr
 *(.stab.exclstr)

.stab.index
 *(.stab.index)

.stab.indexstr
 *(.stab.indexstr)

.comment        0x0000000000000000       0x47
 *(.comment)
 .comment       0x0000000000000000       0x11 c:/programdata/dspace/a8efd7e5-f405-47e4-9a8a-de544031d1f0/compiler/qnx650_520/host/win32/x86/usr/bin/../lib/gcc/powerpc-unknown-nto-qnx6.5.0/5.2.0/crtbegin.o
                                         0x12 (size before relaxing)
 .comment       0x0000000000000011       0x12 Ball_and_Plate_MicroLabBox_student.o07
 .comment       0x0000000000000011       0x12 rt_matrx.o07
 .comment       0x0000000000000011       0x12 rt_printf.o07
 .comment       0x0000000000000011       0x12 Ball_and_Plate_MicroLabBox_student_data.o07
 .comment       0x0000000000000011       0x12 Ball_and_Plate_MicroLabBox_student_trc_ptr.o07
 .comment       0x0000000000000011       0x12 rtGetInf.o07
 .comment       0x0000000000000011       0x12 rtGetNaN.o07
 .comment       0x0000000000000011       0x12 rt_nonfinite.o07
 .comment       0x0000000000000011       0x12 rt_zcfcn.o07
 .comment       0x0000000000000011       0x12 dleadlag.o07
 .comment       0x0000000000000011       0x12 dlowpass1.o07
 .comment       0x0000000000000011       0x12 rti_sim_engine.o07
 .comment       0x0000000000000011       0x12 rti_init_c.o07
 .comment       0x0000000000000011       0x12 rt_sim.o07
 .comment       0x0000000000000011       0x12 rti_assert.o07
 .comment       0x0000000000000011       0x12 C:\Program Files\dSPACE RCPHIL 2020-B\DS1202\Lib/librtversion.a(RtVersion.o)
 .comment       0x0000000000000011       0x12 C:\Program Files\dSPACE RCPHIL 2020-B\DS1202\Lib/librtglobals.a(DsEESPort.o)
 .comment       0x0000000000000011       0x12 C:\Program Files\dSPACE RCPHIL 2020-B\DS1202\Lib/libm_fastpow.a(w_pow.o)
 .comment       0x0000000000000023       0x12 C:\Program Files\dSPACE RCPHIL 2020-B\DS1202\Lib/libm_fastpow.a(e_pow.o)
 .comment       0x0000000000000035       0x12 C:\Program Files\dSPACE RCPHIL 2020-B\DS1202\Lib/libm_fastpow.a(s_scalbn.o)
 .comment       0x0000000000000047       0x12 c:/programdata/dspace/a8efd7e5-f405-47e4-9a8a-de544031d1f0/compiler/qnx650_520/host/win32/x86/usr/bin/../lib/gcc/powerpc-unknown-nto-qnx6.5.0/5.2.0/crtend.o

.PPC.EMB.apuinfo
                0x0000000000000000       0x18
 .PPC.EMB.apuinfo
                0x0000000000000000       0x18 Ball_and_Plate_MicroLabBox_student.o07
 .PPC.EMB.apuinfo
                0x0000000000000018       0x18 rt_matrx.o07
 .PPC.EMB.apuinfo
                0x0000000000000030       0x18 rt_nonfinite.o07
 .PPC.EMB.apuinfo
                0x0000000000000048       0x18 rt_zcfcn.o07
 .PPC.EMB.apuinfo
                0x0000000000000060       0x18 rti_sim_engine.o07

.debug
 *(.debug)

.line
 *(.line)

.debug_srcinfo
 *(.debug_srcinfo)

.debug_sfnames
 *(.debug_sfnames)

.debug_aranges
 *(.debug_aranges)

.debug_pubnames
 *(.debug_pubnames)

.debug_info
 *(.debug_info .gnu.linkonce.wi.*)

.debug_abbrev
 *(.debug_abbrev)

.debug_line
 *(.debug_line)

.debug_frame
 *(.debug_frame)

.debug_str
 *(.debug_str)

.debug_loc
 *(.debug_loc)

.debug_macinfo
 *(.debug_macinfo)

.debug_weaknames
 *(.debug_weaknames)

.debug_funcnames
 *(.debug_funcnames)

.debug_typenames
 *(.debug_typenames)

.debug_varnames
 *(.debug_varnames)

.debug_pubtypes
 *(.debug_pubtypes)

.debug_ranges
 *(.debug_ranges)

.gnu.attributes
                0x0000000000000000       0x14
 *(.gnu.attributes)
 .gnu.attributes
                0x0000000000000000       0x10 Ball_and_Plate_MicroLabBox_student.o07
 .gnu.attributes
                0x0000000000000010       0x10 rt_matrx.o07
 .gnu.attributes
                0x0000000000000020       0x10 rt_printf.o07
 .gnu.attributes
                0x0000000000000030       0x10 rtGetInf.o07
 .gnu.attributes
                0x0000000000000040       0x10 rtGetNaN.o07
 .gnu.attributes
                0x0000000000000050       0x10 rt_nonfinite.o07
 .gnu.attributes
                0x0000000000000060       0x10 rt_zcfcn.o07
 .gnu.attributes
                0x0000000000000070       0x10 dleadlag.o07
 .gnu.attributes
                0x0000000000000080       0x10 dlowpass1.o07
 .gnu.attributes
                0x0000000000000090       0x10 rti_sim_engine.o07
 .gnu.attributes
                0x00000000000000a0       0x10 rt_sim.o07
 .gnu.attributes
                0x00000000000000b0       0x10 rti_assert.o07
 .gnu.attributes
                0x00000000000000c0       0x14 C:\Program Files\dSPACE RCPHIL 2020-B\DS1202\Lib/libm_fastpow.a(w_pow.o)
 .gnu.attributes
                0x00000000000000d4       0x14 C:\Program Files\dSPACE RCPHIL 2020-B\DS1202\Lib/libm_fastpow.a(e_pow.o)
 .gnu.attributes
                0x00000000000000e8       0x14 C:\Program Files\dSPACE RCPHIL 2020-B\DS1202\Lib/libm_fastpow.a(s_scalbn.o)

/DISCARD/
 *(.note.GNU-stack)
 *(.gnu_debuglink)
OUTPUT(Ball_and_Plate_MicroLabBox_student.ppc elf32-powerpc)
