<*GNU-Linker-generated-mapfile*> 
Archive member included to satisfy reference by file (symbol)

C:\Program Files\dSPACE RCPHIL 2020-B\DS1202\Lib/librtversion.a(RtVersion.o)
                              (--whole-archive)
C:\Program Files\dSPACE RCPHIL 2020-B\DS1202\Lib/librtglobals.a(DsEESPort.o)
                              (--whole-archive)
C:\Program Files\dSPACE RCPHIL 2020-B\DS1202\Lib/libm_fastpow.a(w_pow.o)
                              Ball_and_Plate_MicroLabBox_student.o07 (pow)
C:\Program Files\dSPACE RCPHIL 2020-B\DS1202\Lib/libm_fastpow.a(e_pow.o)
                              C:\Program Files\dSPACE RCPHIL 2020-B\DS1202\Lib/libm_fastpow.a(w_pow.o) (__ieee754_pow)
C:\Program Files\dSPACE RCPHIL 2020-B\DS1202\Lib/libm_fastpow.a(s_scalbn.o)
                              C:\Program Files\dSPACE RCPHIL 2020-B\DS1202\Lib/libm_fastpow.a(e_pow.o) (scalbn)

As-needed library included to satisfy reference by file (symbol)

libDsRealTimeTestingRP.so.1   rti_sim_engine.o07 (dsrtt_script_service_pre_computation)

Memory Configuration

Name             Origin             Length             Attributes
*default*        0x0000000000000000 0xffffffffffffffff

Linker script and memory map

LOAD C:\ProgramData\dSPACE\A8EFD7E5-F405-47E4-9A8A-DE544031D1F0\Compiler\QNX650_520\target\qnx6/ppcbe/lib/crt1.o
LOAD C:\ProgramData\dSPACE\A8EFD7E5-F405-47E4-9A8A-DE544031D1F0\Compiler\QNX650_520\target\qnx6/ppcbe/lib/crti.o
LOAD c:/programdata/dspace/a8efd7e5-f405-47e4-9a8a-de544031d1f0/compiler/qnx650_520/host/win32/x86/usr/bin/../lib/gcc/powerpc-unknown-nto-qnx6.5.0/5.2.0/crtbegin.o
                0x0000000000000000                _DSPACE_START = 0x0
                0x0000000000000000                _DSPACE_START_ = 0x0
                0x00000000000004b2                DS_TARGET_PLATFORM = 0x4b2
START GROUP
LOAD Ball_and_Plate_MicroLabBox_student.o07
LOAD rt_matrx.o07
LOAD rt_printf.o07
LOAD Ball_and_Plate_MicroLabBox_student_data.o07
LOAD Ball_and_Plate_MicroLabBox_student_trc_ptr.o07
LOAD rtGetInf.o07
LOAD rtGetNaN.o07
LOAD rt_nonfinite.o07
LOAD rt_zcfcn.o07
LOAD dleadlag.o07
LOAD dlowpass1.o07
LOAD rti_sim_engine.o07
LOAD rti_init_c.o07
LOAD rt_sim.o07
LOAD rti_assert.o07
LOAD C:\Program Files\dSPACE RCPHIL 2020-B\DS1202\Lib/librtcan.so
LOAD C:\Program Files\dSPACE RCPHIL 2020-B\DS1202\Lib/librtj1939.so
LOAD C:\Program Files\dSPACE RCPHIL 2020-B\DS1202\Lib/librtser.so
LOAD C:\Program Files\dSPACE RCPHIL 2020-B\DS1202\Lib/librt13xxio.so
LOAD C:\Program Files\dSPACE RCPHIL 2020-B\DS1202\Lib/librt1202.so
LOAD C:\Program Files\dSPACE RCPHIL 2020-B\DS1202\Lib/librtwrap.so
LOAD C:\Program Files\dSPACE RCPHIL 2020-B\DS1202\Lib/librtversion.a
LOAD C:\Program Files\dSPACE RCPHIL 2020-B\DS1202\Lib/librtglobals.a
LOAD C:\Program Files\dSPACE RCPHIL 2020-B\DS1202\Lib/libm_fastpow.a
END GROUP
LOAD C:\Program Files\dSPACE RCPHIL 2020-B\DS1202\Lib/libstdc++.so
LOAD C:\ProgramData\dSPACE\A8EFD7E5-F405-47E4-9A8A-DE544031D1F0\Compiler\QNX650_520\target\qnx6/ppcbe/lib/libm.so
LOAD c:/programdata/dspace/a8efd7e5-f405-47e4-9a8a-de544031d1f0/compiler/qnx650_520/host/win32/x86/usr/bin/../lib/gcc/powerpc-unknown-nto-qnx6.5.0/5.2.0\libgcc.a
LOAD C:\ProgramData\dSPACE\A8EFD7E5-F405-47E4-9A8A-DE544031D1F0\Compiler\QNX650_520\target\qnx6/ppcbe/lib/libc.so
LOAD C:\ProgramData\dSPACE\A8EFD7E5-F405-47E4-9A8A-DE544031D1F0\Compiler\QNX650_520\target\qnx6/ppcbe/lib\libc.a
LOAD c:/programdata/dspace/a8efd7e5-f405-47e4-9a8a-de544031d1f0/compiler/qnx650_520/host/win32/x86/usr/bin/../lib/gcc/powerpc-unknown-nto-qnx6.5.0/5.2.0\libgcc.a
LOAD c:/programdata/dspace/a8efd7e5-f405-47e4-9a8a-de544031d1f0/compiler/qnx650_520/host/win32/x86/usr/bin/../lib/gcc/powerpc-unknown-nto-qnx6.5.0/5.2.0/crtend.o
LOAD C:\ProgramData\dSPACE\A8EFD7E5-F405-47E4-9A8A-DE544031D1F0\Compiler\QNX650_520\target\qnx6/ppcbe/lib/crtn.o
                [!provide]                        PROVIDE (__stack, 0x0)
                [!provide]                        PROVIDE (___stack, 0x0)
                [!provide]                        PROVIDE (__executable_start, 0x48040000)
                0x0000000048040134                . = (0x48040000 + SIZEOF_HEADERS)

.interp         0x0000000048040134       0x14
 *(.interp)
 .interp        0x0000000048040134       0x14 C:\ProgramData\dSPACE\A8EFD7E5-F405-47E4-9A8A-DE544031D1F0\Compiler\QNX650_520\target\qnx6/ppcbe/lib/crt1.o

.note           0x0000000048040150       0x18
 .note          0x0000000048040150       0x18 C:\ProgramData\dSPACE\A8EFD7E5-F405-47E4-9A8A-DE544031D1F0\Compiler\QNX650_520\target\qnx6/ppcbe/lib/crtn.o

.note.gnu.build-id
                0x0000000048040168       0x20
 *(.note.gnu.build-id)
 .note.gnu.build-id
                0x0000000048040168       0x20 C:\ProgramData\dSPACE\A8EFD7E5-F405-47E4-9A8A-DE544031D1F0\Compiler\QNX650_520\target\qnx6/ppcbe/lib/crt1.o

.hash           0x0000000048040188      0x388
 *(.hash)
 .hash          0x0000000048040188      0x388 C:\ProgramData\dSPACE\A8EFD7E5-F405-47E4-9A8A-DE544031D1F0\Compiler\QNX650_520\target\qnx6/ppcbe/lib/crt1.o

.gnu.hash
 *(.gnu.hash)

.dynsym         0x0000000048040510      0x7f0
 *(.dynsym)
 .dynsym        0x0000000048040510      0x7f0 C:\ProgramData\dSPACE\A8EFD7E5-F405-47E4-9A8A-DE544031D1F0\Compiler\QNX650_520\target\qnx6/ppcbe/lib/crt1.o

.dynstr         0x0000000048040d00      0x9f3
 *(.dynstr)
 .dynstr        0x0000000048040d00      0x9f3 C:\ProgramData\dSPACE\A8EFD7E5-F405-47E4-9A8A-DE544031D1F0\Compiler\QNX650_520\target\qnx6/ppcbe/lib/crt1.o

.gnu.version    0x00000000480416f4        0x0
 *(.gnu.version)
 .gnu.version   0x00000000480416f4        0x0 C:\ProgramData\dSPACE\A8EFD7E5-F405-47E4-9A8A-DE544031D1F0\Compiler\QNX650_520\target\qnx6/ppcbe/lib/crt1.o

.gnu.version_d  0x00000000480416f4        0x0
 *(.gnu.version_d)
 .gnu.version_d
                0x00000000480416f4        0x0 C:\ProgramData\dSPACE\A8EFD7E5-F405-47E4-9A8A-DE544031D1F0\Compiler\QNX650_520\target\qnx6/ppcbe/lib/crt1.o

.gnu.version_r  0x00000000480416f4        0x0
 *(.gnu.version_r)
 .gnu.version_r
                0x00000000480416f4        0x0 C:\ProgramData\dSPACE\A8EFD7E5-F405-47E4-9A8A-DE544031D1F0\Compiler\QNX650_520\target\qnx6/ppcbe/lib/crt1.o

.rel.dyn
 *(.rel.init)
 *(.rel.text .rel.text.* .rel.gnu.linkonce.t.*)
 *(.rel.fini)
 *(.rel.rodata .rel.rodata.* .rel.gnu.linkonce.r.*)
 *(.rel.data.rel.ro* .rel.gnu.linkonce.d.rel.ro.*)
 *(.rel.data .rel.data.* .rel.gnu.linkonce.d.*)
 *(.rel.tdata .rel.tdata.* .rel.gnu.linkonce.td.*)
 *(.rel.tbss .rel.tbss.* .rel.gnu.linkonce.tb.*)
 *(.rel.ctors)
 *(.rel.dtors)
 *(.rel.got)
 *(.rel.sdata .rel.sdata.* .rel.gnu.linkonce.s.*)
 *(.rel.sbss .rel.sbss.* .rel.gnu.linkonce.sb.*)
 *(.rel.sdata2 .rel.sdata2.* .rel.gnu.linkonce.s2.*)
 *(.rel.sbss2 .rel.sbss2.* .rel.gnu.linkonce.sb2.*)
 *(.rel.bss .rel.bss.* .rel.gnu.linkonce.b.*)

.rela.dyn       0x00000000480416f4       0x6c
 *(.rela.init)
 *(.rela.text .rela.text.* .rela.gnu.linkonce.t.*)
 .rela.text     0x00000000480416f4        0x0 C:\ProgramData\dSPACE\A8EFD7E5-F405-47E4-9A8A-DE544031D1F0\Compiler\QNX650_520\target\qnx6/ppcbe/lib/crt1.o
 *(.rela.fini)
 *(.rela.rodata .rela.rodata.* .rela.gnu.linkonce.r.*)
 .rela.rodata   0x00000000480416f4        0x0 C:\ProgramData\dSPACE\A8EFD7E5-F405-47E4-9A8A-DE544031D1F0\Compiler\QNX650_520\target\qnx6/ppcbe/lib/crt1.o
 *(.rela.data .rela.data.* .rela.gnu.linkonce.d.*)
 *(.rela.tdata .rela.tdata.* .rela.gnu.linkonce.td.*)
 *(.rela.tbss .rela.tbss.* .rela.gnu.linkonce.tb.*)
 *(.rela.ctors)
 *(.rela.dtors)
 *(.rela.got)
 .rela.got      0x00000000480416f4       0x48 C:\ProgramData\dSPACE\A8EFD7E5-F405-47E4-9A8A-DE544031D1F0\Compiler\QNX650_520\target\qnx6/ppcbe/lib/crt1.o
 *(.rela.got1)
 *(.rela.got2)
 *(.rela.sdata .rela.sdata.* .rela.gnu.linkonce.s.*)
 *(.rela.sbss .rela.sbss.* .rela.gnu.linkonce.sb.*)
 .rela.sbss     0x000000004804173c        0x0 C:\ProgramData\dSPACE\A8EFD7E5-F405-47E4-9A8A-DE544031D1F0\Compiler\QNX650_520\target\qnx6/ppcbe/lib/crt1.o
 *(.rela.sdata2 .rela.sdata2.* .rela.gnu.linkonce.s2.*)
 *(.rela.sbss2 .rela.sbss2.* .rela.gnu.linkonce.sb2.*)
 *(.rela.bss .rela.bss.* .rela.gnu.linkonce.b.*)
 .rela.bss      0x000000004804173c       0x24 C:\ProgramData\dSPACE\A8EFD7E5-F405-47E4-9A8A-DE544031D1F0\Compiler\QNX650_520\target\qnx6/ppcbe/lib/crt1.o
 .rela.iplt     0x0000000048041760        0x0 C:\ProgramData\dSPACE\A8EFD7E5-F405-47E4-9A8A-DE544031D1F0\Compiler\QNX650_520\target\qnx6/ppcbe/lib/crt1.o

.rel.plt
 *(.rel.plt)

.rela.plt       0x0000000048041760      0x510
 *(.rela.plt)
 .rela.plt      0x0000000048041760      0x510 C:\ProgramData\dSPACE\A8EFD7E5-F405-47E4-9A8A-DE544031D1F0\Compiler\QNX650_520\target\qnx6/ppcbe/lib/crt1.o

.init           0x0000000048041c70       0x24
 *(.init)
 .init          0x0000000048041c70        0xc C:\ProgramData\dSPACE\A8EFD7E5-F405-47E4-9A8A-DE544031D1F0\Compiler\QNX650_520\target\qnx6/ppcbe/lib/crti.o
                0x0000000048041c70                _init
 .init          0x0000000048041c7c        0x4 c:/programdata/dspace/a8efd7e5-f405-47e4-9a8a-de544031d1f0/compiler/qnx650_520/host/win32/x86/usr/bin/../lib/gcc/powerpc-unknown-nto-qnx6.5.0/5.2.0/crtbegin.o
 .init          0x0000000048041c80        0x4 c:/programdata/dspace/a8efd7e5-f405-47e4-9a8a-de544031d1f0/compiler/qnx650_520/host/win32/x86/usr/bin/../lib/gcc/powerpc-unknown-nto-qnx6.5.0/5.2.0/crtend.o
 .init          0x0000000048041c84       0x10 C:\ProgramData\dSPACE\A8EFD7E5-F405-47E4-9A8A-DE544031D1F0\Compiler\QNX650_520\target\qnx6/ppcbe/lib/crtn.o

.text           0x0000000048041ca0     0x92fc
                0x0000000048041ca0                _btext = .
 *(.text .stub .text.* .gnu.linkonce.t.*)
 .text          0x0000000048041ca0      0x118 C:\ProgramData\dSPACE\A8EFD7E5-F405-47E4-9A8A-DE544031D1F0\Compiler\QNX650_520\target\qnx6/ppcbe/lib/crt1.o
                0x0000000048041ca0                _start
 .text          0x0000000048041db8        0x0 C:\ProgramData\dSPACE\A8EFD7E5-F405-47E4-9A8A-DE544031D1F0\Compiler\QNX650_520\target\qnx6/ppcbe/lib/crti.o
 .text          0x0000000048041db8      0x2b0 c:/programdata/dspace/a8efd7e5-f405-47e4-9a8a-de544031d1f0/compiler/qnx650_520/host/win32/x86/usr/bin/../lib/gcc/powerpc-unknown-nto-qnx6.5.0/5.2.0/crtbegin.o
 *fill*         0x0000000048042068        0x8 00000000
 .text          0x0000000048042070     0x5de4 Ball_and_Plate_MicroLabBox_student.o07
                0x0000000048042180                Ball_and_Pl_MATLABFunction_Init
                0x00000000480421a0                Ball_and_Plate_M_MATLABFunction
                0x0000000048042260                Ball_and_Plate__MATLABFunction2
                0x00000000480422b0                rt_powd_snf
                0x0000000048042460                Ball_and_P_MATLABFunction1_Init
                0x00000000480424a0                Ball_and_Plate__MATLABFunction1
                0x0000000048042b30                Ball_and__MATLABFunction_o_Init
                0x0000000048042b50                Ball_and_Plate_MATLABFunction_e
                0x0000000048042bf0                Ball_and__EnabledSubsystem_Init
                0x0000000048042c00                Ball_a_EnabledSubsystem_Disable
                0x0000000048042c20                Ball_and_EnabledSubsystem_Start
                0x0000000048042c30                Ball_and_Plate_EnabledSubsystem
                0x0000000048042ca0                Ball_and_EnabledSubsystem1_Init
                0x0000000048042cb0                Ball__EnabledSubsystem1_Disable
                0x0000000048042cc0                Ball_an_EnabledSubsystem1_Start
                0x0000000048042cd0                Ball_and_Plat_EnabledSubsystem1
                0x0000000048042d30                Ball_and_Plate_MicroLabBox_student_output
                0x0000000048045270                Ball_and_Plate_MicroLabBox_student_derivatives
                0x0000000048045300                Ball_and_Plate_MicroLabBox_student_update
                0x0000000048045750                Ball_and_Plate_MicroLabBox_student_initialize
                0x0000000048047c60                Ball_and_Plate_MicroLabBox_student_terminate
 *fill*         0x0000000048047e54        0xc 00000000
 .text          0x0000000048047e60      0x68c rt_matrx.o07
                0x0000000048047e60                rt_mxCreateCharMatrixFromStrings
                0x0000000048048070                rt_mxCreateString
                0x0000000048048140                rt_mxCreateDoubleMatrix
                0x0000000048048200                rt_mxCreateNumericArray
                0x0000000048048240                rt_mxDuplicateArray
                0x0000000048048330                rt_mxGetDimensions
                0x00000000480483e0                rt_mxGetEps
                0x00000000480483f0                rt_mxGetString
 *fill*         0x00000000480484ec        0x4 00000000
 .text          0x00000000480484f0       0xc8 rt_printf.o07
                0x00000000480484f0                rtPrintfNoOp
 .text          0x00000000480485b8        0x0 Ball_and_Plate_MicroLabBox_student_data.o07
 .text          0x00000000480485b8      0x3d4 Ball_and_Plate_MicroLabBox_student_trc_ptr.o07
                0x0000000048048958                Ball_and_Plate_MicroLabBox_student_rti_init_trc_pointers
 *fill*         0x000000004804898c        0x4 00000000
 .text          0x0000000048048990       0x5c rtGetInf.o07
                0x0000000048048990                rtGetInf
                0x00000000480489b0                rtGetInfF
                0x00000000480489c0                rtGetMinusInf
                0x00000000480489e0                rtGetMinusInfF
 *fill*         0x00000000480489ec        0x4 00000000
 .text          0x00000000480489f0       0x3c rtGetNaN.o07
                0x00000000480489f0                rtGetNaN
                0x0000000048048a20                rtGetNaNF
 *fill*         0x0000000048048a2c        0x4 00000000
 .text          0x0000000048048a30      0x158 rt_nonfinite.o07
                0x0000000048048a30                rt_InitInfAndNaN
                0x0000000048048a90                rtIsInf
                0x0000000048048ac0                rtIsInfF
                0x0000000048048af0                rtIsNaN
                0x0000000048048b40                rtIsNaNF
 *fill*         0x0000000048048b88        0x8 00000000
 .text          0x0000000048048b90       0xf8 rt_zcfcn.o07
                0x0000000048048b90                rt_ZCFcn
 *fill*         0x0000000048048c88        0x8 00000000
 .text          0x0000000048048c90      0x2e0 dleadlag.o07
                0x0000000048048f30                dleadlag
 .text          0x0000000048048f70      0x280 dlowpass1.o07
                0x00000000480491b0                dlowpass1
 .text          0x00000000480491f0      0x774 rti_sim_engine.o07
                0x00000000480498f0                rtk_idle_function
                0x0000000048049900                rti_th_timertask1_trigger_source
                0x0000000048049950                initConditions
                0x0000000048049960                initVariables
 *fill*         0x0000000048049964        0xc 00000000
 .text.startup  0x0000000048049970      0xa20 rti_sim_engine.o07
                0x0000000048049970                main
 .text          0x000000004804a390       0x40 rti_init_c.o07
                0x000000004804a390                rti_init
 .text          0x000000004804a3d0       0x44 rt_sim.o07
                0x000000004804a3d0                rt_SimInitTimingEngine
                0x000000004804a400                rt_SimGetNextSampleHit
                0x000000004804a410                rt_SimUpdateDiscreteTaskSampleHits
 *fill*         0x000000004804a414        0xc 00000000
 .text          0x000000004804a420       0xd4 rti_assert.o07
                0x000000004804a420                rti_assertion_handler
                0x000000004804a4b0                rti_assertion_mode_msg
 .text          0x000000004804a4f4        0x0 C:\Program Files\dSPACE RCPHIL 2020-B\DS1202\Lib/librtversion.a(RtVersion.o)
 *fill*         0x000000004804a4f4        0xc 00000000
 .text          0x000000004804a500        0x4 C:\Program Files\dSPACE RCPHIL 2020-B\DS1202\Lib/librtglobals.a(DsEESPort.o)
                0x000000004804a500                DsEesPort_init()
 .text          0x000000004804a504       0x20 C:\Program Files\dSPACE RCPHIL 2020-B\DS1202\Lib/libm_fastpow.a(w_pow.o)
                0x000000004804a504                pow
 .text          0x000000004804a524      0x85c C:\Program Files\dSPACE RCPHIL 2020-B\DS1202\Lib/libm_fastpow.a(e_pow.o)
                0x000000004804a524                __ieee754_pow
 .text          0x000000004804ad80      0x188 C:\Program Files\dSPACE RCPHIL 2020-B\DS1202\Lib/libm_fastpow.a(s_scalbn.o)
                0x000000004804ad80                scalbn
 .text          0x000000004804af08       0x94 c:/programdata/dspace/a8efd7e5-f405-47e4-9a8a-de544031d1f0/compiler/qnx650_520/host/win32/x86/usr/bin/../lib/gcc/powerpc-unknown-nto-qnx6.5.0/5.2.0/crtend.o
 .text          0x000000004804af9c        0x0 C:\ProgramData\dSPACE\A8EFD7E5-F405-47E4-9A8A-DE544031D1F0\Compiler\QNX650_520\target\qnx6/ppcbe/lib/crtn.o
 *(.gnu.warning)
 *(.glink)
 .glink         0x000000004804af9c        0x0 C:\ProgramData\dSPACE\A8EFD7E5-F405-47E4-9A8A-DE544031D1F0\Compiler\QNX650_520\target\qnx6/ppcbe/lib/crt1.o

.fini           0x000000004804af9c       0x20
 *(.fini)
 .fini          0x000000004804af9c        0xc C:\ProgramData\dSPACE\A8EFD7E5-F405-47E4-9A8A-DE544031D1F0\Compiler\QNX650_520\target\qnx6/ppcbe/lib/crti.o
                0x000000004804af9c                _fini
 .fini          0x000000004804afa8        0x4 c:/programdata/dspace/a8efd7e5-f405-47e4-9a8a-de544031d1f0/compiler/qnx650_520/host/win32/x86/usr/bin/../lib/gcc/powerpc-unknown-nto-qnx6.5.0/5.2.0/crtbegin.o
 .fini          0x000000004804afac       0x10 C:\ProgramData\dSPACE\A8EFD7E5-F405-47E4-9A8A-DE544031D1F0\Compiler\QNX650_520\target\qnx6/ppcbe/lib/crtn.o
                [!provide]                        PROVIDE (__etext, .)
                0x000000004804afbc                PROVIDE (_etext, .)
                [!provide]                        PROVIDE (etext, .)

.rodata         0x000000004804afc0      0xb40
 *(.rodata .rodata.* .gnu.linkonce.r.*)
 .rodata        0x000000004804afc0      0x10c Ball_and_Plate_MicroLabBox_student.o07
                0x000000004804b0c8                Ball_and_Plate_MicroLabBox_student_M
 .rodata.cst4   0x000000004804b0cc       0x44 Ball_and_Plate_MicroLabBox_student.o07
 .rodata.cst8   0x000000004804b110       0xb0 Ball_and_Plate_MicroLabBox_student.o07
 .rodata.str1.4
                0x000000004804b1c0      0x382 Ball_and_Plate_MicroLabBox_student.o07
                                        0x392 (size before relaxing)
 *fill*         0x000000004804b542        0x2 
 .rodata.cst4   0x000000004804b544        0x4 rt_matrx.o07
                                         0x1c (size before relaxing)
 .rodata.str1.4
                0x000000004804b548        0xf rt_printf.o07
 *fill*         0x000000004804b557        0x1 
 .rodata.cst4   0x000000004804b558        0x8 rtGetInf.o07
 .rodata.cst4   0x000000004804b560        0x4 rtGetNaN.o07
 .rodata        0x000000004804b564       0x13 rt_zcfcn.o07
 .rodata.cst4   0x000000004804b577        0x4 rt_zcfcn.o07
 .rodata.cst4   0x000000004804b577        0xc dleadlag.o07
 *fill*         0x000000004804b577        0x1 
 .rodata.cst8   0x000000004804b578       0x10 dleadlag.o07
                                         0x18 (size before relaxing)
 .rodata.cst4   0x000000004804b588        0xc dlowpass1.o07
 .rodata.cst8   0x000000004804b588       0x18 dlowpass1.o07
 .rodata        0x000000004804b588        0xc rti_sim_engine.o07
                0x000000004804b588                rtiDataSetStorageEnabled
                0x000000004804b58c                p_dsts_sum_of_reset_time
                0x000000004804b590                p_msg_last_error_no
 .rodata.cst4   0x000000004804b594        0x4 rti_sim_engine.o07
                                          0x8 (size before relaxing)
 .rodata.cst8   0x000000004804b598        0x8 rti_sim_engine.o07
 .rodata.str1.4
                0x000000004804b598      0x330 rti_sim_engine.o07
 .rodata.cst4   0x000000004804b8c8        0x8 rt_sim.o07
 .rodata.str1.4
                0x000000004804b8c8       0x71 rt_sim.o07
 *fill*         0x000000004804b939        0x3 
 .rodata.str1.4
                0x000000004804b93c       0x70 rti_assert.o07
                                         0x6d (size before relaxing)
 *fill*         0x000000004804b9ac        0x4 
 .rodata        0x000000004804b9b0       0x30 C:\Program Files\dSPACE RCPHIL 2020-B\DS1202\Lib/libm_fastpow.a(e_pow.o)
 .rodata.cst4   0x000000004804b9e0        0x8 C:\Program Files\dSPACE RCPHIL 2020-B\DS1202\Lib/libm_fastpow.a(e_pow.o)
 .rodata.cst8   0x000000004804b9e8       0xe8 C:\Program Files\dSPACE RCPHIL 2020-B\DS1202\Lib/libm_fastpow.a(e_pow.o)
 .rodata.cst8   0x000000004804bad0       0x30 C:\Program Files\dSPACE RCPHIL 2020-B\DS1202\Lib/libm_fastpow.a(s_scalbn.o)

.rodata1
 *(.rodata1)

.sdata2         0x000000004804bb00        0x0
                0x0000000000008000                PROVIDE (_SDA2_BASE_, 0x8000)
 *(.sdata2 .sdata2.* .gnu.linkonce.s2.*)
 .sdata2        0x000000004804bb00        0x0 C:\ProgramData\dSPACE\A8EFD7E5-F405-47E4-9A8A-DE544031D1F0\Compiler\QNX650_520\target\qnx6/ppcbe/lib/crt1.o

.sbss2
 *(.sbss2 .sbss2.* .gnu.linkonce.sb2.*)

.eh_frame_hdr   0x000000004804bb00       0x14
 *(.eh_frame_hdr)
 .eh_frame_hdr  0x000000004804bb00       0x14 C:\Program Files\dSPACE RCPHIL 2020-B\DS1202\Lib/librtglobals.a(DsEESPort.o)

.eh_frame       0x000000004804bb14       0x2c
 *(.eh_frame)
 .eh_frame      0x000000004804bb14        0x0 C:\ProgramData\dSPACE\A8EFD7E5-F405-47E4-9A8A-DE544031D1F0\Compiler\QNX650_520\target\qnx6/ppcbe/lib/crt1.o
 .eh_frame      0x000000004804bb14        0x0 c:/programdata/dspace/a8efd7e5-f405-47e4-9a8a-de544031d1f0/compiler/qnx650_520/host/win32/x86/usr/bin/../lib/gcc/powerpc-unknown-nto-qnx6.5.0/5.2.0/crtbegin.o
 .eh_frame      0x000000004804bb14       0x28 C:\Program Files\dSPACE RCPHIL 2020-B\DS1202\Lib/librtglobals.a(DsEESPort.o)
 .eh_frame      0x000000004804bb3c        0x4 c:/programdata/dspace/a8efd7e5-f405-47e4-9a8a-de544031d1f0/compiler/qnx650_520/host/win32/x86/usr/bin/../lib/gcc/powerpc-unknown-nto-qnx6.5.0/5.2.0/crtend.o

.gcc_except_table
 *(.gcc_except_table .gcc_except_table.*)
                0x000000004804bb40                . = (ALIGN (0x1000) - ((0x1000 - .) & 0xfff))
                0x000000004804c000                . = DATA_SEGMENT_ALIGN (0x1000, 0x1000)

.eh_frame
 *(.eh_frame)

.gcc_except_table
 *(.gcc_except_table .gcc_except_table.*)

.tdata
 *(.tdata .tdata.* .gnu.linkonce.td.*)

.tbss
 *(.tbss .tbss.* .gnu.linkonce.tb.*)
 *(.tcommon)

.preinit_array  0x000000004804c000        0x0
                0x000000004804c000                PROVIDE (__preinit_array_start, .)
 *(.preinit_array)
                0x000000004804c000                PROVIDE (__preinit_array_end, .)

.init_array     0x000000004804c000        0x0
                0x000000004804c000                PROVIDE (__init_array_start, .)
 *(SORT(.init_array.*))
 *(.init_array)
                0x000000004804c000                PROVIDE (__init_array_end, .)

.fini_array     0x000000004804c000        0x0
                0x000000004804c000                PROVIDE (__fini_array_start, .)
 *(.fini_array)
 *(SORT(.fini_array.*))
                0x000000004804c000                PROVIDE (__fini_array_end, .)

.ctors          0x000000004804c000        0x8
 *crtbegin.o(.ctors)
 .ctors         0x000000004804c000        0x4 c:/programdata/dspace/a8efd7e5-f405-47e4-9a8a-de544031d1f0/compiler/qnx650_520/host/win32/x86/usr/bin/../lib/gcc/powerpc-unknown-nto-qnx6.5.0/5.2.0/crtbegin.o
 *crtbegin?.o(.ctors)
 *(EXCLUDE_FILE(*crtend?.o *crtend.o) .ctors)
 *(SORT(.ctors.*))
 *(.ctors)
 .ctors         0x000000004804c004        0x4 c:/programdata/dspace/a8efd7e5-f405-47e4-9a8a-de544031d1f0/compiler/qnx650_520/host/win32/x86/usr/bin/../lib/gcc/powerpc-unknown-nto-qnx6.5.0/5.2.0/crtend.o

.dtors          0x000000004804c008        0x8
 *crtbegin.o(.dtors)
 .dtors         0x000000004804c008        0x4 c:/programdata/dspace/a8efd7e5-f405-47e4-9a8a-de544031d1f0/compiler/qnx650_520/host/win32/x86/usr/bin/../lib/gcc/powerpc-unknown-nto-qnx6.5.0/5.2.0/crtbegin.o
 *crtbegin?.o(.dtors)
 *(EXCLUDE_FILE(*crtend?.o *crtend.o) .dtors)
 *(SORT(.dtors.*))
 *(.dtors)
 .dtors         0x000000004804c00c        0x4 c:/programdata/dspace/a8efd7e5-f405-47e4-9a8a-de544031d1f0/compiler/qnx650_520/host/win32/x86/usr/bin/../lib/gcc/powerpc-unknown-nto-qnx6.5.0/5.2.0/crtend.o
                0x000000004804c00c                __DTOR_END__

.jcr            0x000000004804c010        0x4
 *(.jcr)
 .jcr           0x000000004804c010        0x0 c:/programdata/dspace/a8efd7e5-f405-47e4-9a8a-de544031d1f0/compiler/qnx650_520/host/win32/x86/usr/bin/../lib/gcc/powerpc-unknown-nto-qnx6.5.0/5.2.0/crtbegin.o
 .jcr           0x000000004804c010        0x4 c:/programdata/dspace/a8efd7e5-f405-47e4-9a8a-de544031d1f0/compiler/qnx650_520/host/win32/x86/usr/bin/../lib/gcc/powerpc-unknown-nto-qnx6.5.0/5.2.0/crtend.o

.data.rel.ro
 *(.data.rel.ro.local* .gnu.linkonce.d.rel.ro.local.*)
 *(.data.rel.ro* .gnu.linkonce.d.rel.ro.*)

.fixup
 *(.fixup)

.got1
 *(.got1)

.got2
 *(.got2)

.dynamic        0x000000004804c014      0x100
 *(.dynamic)
 .dynamic       0x000000004804c014      0x100 C:\ProgramData\dSPACE\A8EFD7E5-F405-47E4-9A8A-DE544031D1F0\Compiler\QNX650_520\target\qnx6/ppcbe/lib/crt1.o
                0x000000004804c014                _DYNAMIC

.got
 *(.got)
                0x000000004804c114                . = DATA_SEGMENT_RELRO_END (., 0x0)

.plt
 *(.plt)

.data           0x000000004804c118   0x49a420
 *(.data .data.* .gnu.linkonce.d.*)
 .data          0x000000004804c118        0x0 C:\ProgramData\dSPACE\A8EFD7E5-F405-47E4-9A8A-DE544031D1F0\Compiler\QNX650_520\target\qnx6/ppcbe/lib/crt1.o
 .data          0x000000004804c118        0x0 C:\ProgramData\dSPACE\A8EFD7E5-F405-47E4-9A8A-DE544031D1F0\Compiler\QNX650_520\target\qnx6/ppcbe/lib/crti.o
 .data          0x000000004804c118        0x0 c:/programdata/dspace/a8efd7e5-f405-47e4-9a8a-de544031d1f0/compiler/qnx650_520/host/win32/x86/usr/bin/../lib/gcc/powerpc-unknown-nto-qnx6.5.0/5.2.0/crtbegin.o
 .data.rel.local
                0x000000004804c118        0x4 c:/programdata/dspace/a8efd7e5-f405-47e4-9a8a-de544031d1f0/compiler/qnx650_520/host/win32/x86/usr/bin/../lib/gcc/powerpc-unknown-nto-qnx6.5.0/5.2.0/crtbegin.o
                0x000000004804c118                __dso_handle
 .data          0x000000004804c11c        0x0 Ball_and_Plate_MicroLabBox_student.o07
 .data          0x000000004804c11c        0x0 rt_matrx.o07
 .data          0x000000004804c11c        0x0 rt_printf.o07
 *fill*         0x000000004804c11c        0x4 
 .data          0x000000004804c120   0x49a3f8 Ball_and_Plate_MicroLabBox_student_data.o07
                0x000000004804c120                Ball_and_Plate_MicroLabBox_student_P
 .data          0x00000000484e6518        0x0 Ball_and_Plate_MicroLabBox_student_trc_ptr.o07
 .data          0x00000000484e6518        0x0 rtGetInf.o07
 .data          0x00000000484e6518        0x0 rtGetNaN.o07
 .data          0x00000000484e6518        0x0 rt_nonfinite.o07
 .data          0x00000000484e6518        0x0 rt_zcfcn.o07
 .data          0x00000000484e6518        0x0 dleadlag.o07
 .data          0x00000000484e6518        0x0 dlowpass1.o07
 .data          0x00000000484e6518       0x14 rti_sim_engine.o07
                0x00000000484e6518                simState
                0x00000000484e6528                lastSimState
 .data          0x00000000484e652c        0x0 rti_init_c.o07
 .data          0x00000000484e652c        0x0 rt_sim.o07
 .data          0x00000000484e652c        0x0 rti_assert.o07
 .data          0x00000000484e652c        0x0 C:\Program Files\dSPACE RCPHIL 2020-B\DS1202\Lib/librtversion.a(RtVersion.o)
 .data          0x00000000484e652c        0x0 C:\Program Files\dSPACE RCPHIL 2020-B\DS1202\Lib/librtglobals.a(DsEESPort.o)
 .data.rel      0x00000000484e652c        0xc C:\Program Files\dSPACE RCPHIL 2020-B\DS1202\Lib/librtglobals.a(DsEESPort.o)
                0x00000000484e652c                p_xilapi_eesport_errorswitching_uint32_T
                0x00000000484e6530                p_xilapi_eesport_erroractivated_uint32_T
                0x00000000484e6534                p_xilapi_eesport_activeerrorset_uint32_T
 .data          0x00000000484e6538        0x0 C:\Program Files\dSPACE RCPHIL 2020-B\DS1202\Lib/libm_fastpow.a(w_pow.o)
 .data          0x00000000484e6538        0x0 C:\Program Files\dSPACE RCPHIL 2020-B\DS1202\Lib/libm_fastpow.a(e_pow.o)
 .data          0x00000000484e6538        0x0 C:\Program Files\dSPACE RCPHIL 2020-B\DS1202\Lib/libm_fastpow.a(s_scalbn.o)
 .data          0x00000000484e6538        0x0 c:/programdata/dspace/a8efd7e5-f405-47e4-9a8a-de544031d1f0/compiler/qnx650_520/host/win32/x86/usr/bin/../lib/gcc/powerpc-unknown-nto-qnx6.5.0/5.2.0/crtend.o
 .data          0x00000000484e6538        0x0 C:\ProgramData\dSPACE\A8EFD7E5-F405-47E4-9A8A-DE544031D1F0\Compiler\QNX650_520\target\qnx6/ppcbe/lib/crtn.o

.tm_clone_table
                0x00000000484e6538        0x0
 .tm_clone_table
                0x00000000484e6538        0x0 c:/programdata/dspace/a8efd7e5-f405-47e4-9a8a-de544031d1f0/compiler/qnx650_520/host/win32/x86/usr/bin/../lib/gcc/powerpc-unknown-nto-qnx6.5.0/5.2.0/crtbegin.o
 .tm_clone_table
                0x00000000484e6538        0x0 c:/programdata/dspace/a8efd7e5-f405-47e4-9a8a-de544031d1f0/compiler/qnx650_520/host/win32/x86/usr/bin/../lib/gcc/powerpc-unknown-nto-qnx6.5.0/5.2.0/crtend.o

.data1
 *(.data1)

.got            0x00000000484e6538       0x54
 *(.got)
 .got           0x00000000484e6538       0x54 C:\ProgramData\dSPACE\A8EFD7E5-F405-47E4-9A8A-DE544031D1F0\Compiler\QNX650_520\target\qnx6/ppcbe/lib/crt1.o
                0x00000000484e6580                _GLOBAL_OFFSET_TABLE_

.sdata          0x00000000484e658c        0x0
                0x0000000000008000                PROVIDE (_SDA_BASE_, 0x8000)
 *(.sdata .sdata.* .gnu.linkonce.s.*)
 .sdata         0x00000000484e658c        0x0 C:\ProgramData\dSPACE\A8EFD7E5-F405-47E4-9A8A-DE544031D1F0\Compiler\QNX650_520\target\qnx6/ppcbe/lib/crt1.o
                0x00000000484e658c                _edata = .
                [!provide]                        PROVIDE (edata, .)
                0x00000000484e658c                __bss_start = .

.sbss           0x00000000484e658c        0x0
                [!provide]                        PROVIDE (__sbss_start, .)
                [!provide]                        PROVIDE (___sbss_start, .)
 *(.dynsbss)
 .dynsbss       0x00000000484e658c        0x0 C:\ProgramData\dSPACE\A8EFD7E5-F405-47E4-9A8A-DE544031D1F0\Compiler\QNX650_520\target\qnx6/ppcbe/lib/crt1.o
 *(.sbss .sbss.* .gnu.linkonce.sb.*)
 *(.scommon)
                [!provide]                        PROVIDE (__sbss_end, .)
                [!provide]                        PROVIDE (___sbss_end, .)

.plt            0x00000000484e658c      0x558
 *(.plt)
 .plt           0x00000000484e658c      0x558 C:\ProgramData\dSPACE\A8EFD7E5-F405-47E4-9A8A-DE544031D1F0\Compiler\QNX650_520\target\qnx6/ppcbe/lib/crt1.o
                0x00000000484e65d4                DsIoEth_getLinkState
                0x00000000484e65dc                ts_reset
                0x00000000484e65e4                __register_frame_info
                0x00000000484e65ec                DioCl2EncoderIn_create
                0x00000000484e65f4                msg_error_clear
                0x00000000484e65fc                dsrtt_set_current_time
                0x00000000484e6604                sqrt
                0x00000000484e660c                DsIoEth_recvfrom
                0x00000000484e6614                calloc
                0x00000000484e661c                DioCl2EncoderIn_read
                0x00000000484e6624                rtk_current_task_absolute_time_ptr_get
                0x00000000484e662c                DsTimeSync_simstateRun
                0x00000000484e6634                DacCl1AnalogOut_create
                0x00000000484e663c                DioCl2EncoderIn_setEncPosition
                0x00000000484e6644                DioCl2EncoderIn_stop
                0x00000000484e664c                floor
                0x00000000484e6654                memcpy
                0x00000000484e665c                rtk_setup_temp_overrun_handling
                0x00000000484e6664                DsIoEth_close
                0x00000000484e666c                DsIoEth_open
                0x00000000484e6674                DsIoEth_setAddrFilter
                0x00000000484e667c                DioCl2EncoderIn_setIndexMode
                0x00000000484e6684                DsIoEth_setNetMask
                0x00000000484e668c                SrtkIntBase_requestTaskMode
                0x00000000484e6694                rtk_reset_tasks
                0x00000000484e669c                __cxa_finalize
                0x00000000484e66a4                malloc
                0x00000000484e66ac                _init_array
                0x00000000484e66b4                rtk_set_task_type
                0x00000000484e66bc                DsTimeSync_baserate
                0x00000000484e66c4                rtk_task_name_set
                0x00000000484e66cc                tan
                0x00000000484e66d4                DioCl2EncoderIn_write
                0x00000000484e66dc                DacCl1AnalogOut_apply
                0x00000000484e66e4                strlen
                0x00000000484e66ec                dsrtt_script_service_post_computation
                0x00000000484e66f4                rtk_create_task
                0x00000000484e66fc                msg_warning_printf
                0x00000000484e6704                msg_last_error_number
                0x00000000484e670c                DioCl2EncoderIn_start
                0x00000000484e6714                dsparam_copy_data_set
                0x00000000484e671c                SrtkPreload_preloadRegion
                0x00000000484e6724                msg_error_set
                0x00000000484e672c                asin
                0x00000000484e6734                rtk_enable_services
                0x00000000484e673c                SrtkDaq_Init
                0x00000000484e6744                rtk_task_task_calls_get
                0x00000000484e674c                DsTimeSync_setCurrentTimePtr
                0x00000000484e6754                SrtkIntBase_enableIntGlobal
                0x00000000484e675c                vsprintf
                0x00000000484e6764                DsIoEth_getIpAddress
                0x00000000484e676c                DacCl1AnalogOut_write
                0x00000000484e6774                rtk_overrun_flag_clear
                0x00000000484e677c                rtk_bind_interrupt
                0x00000000484e6784                DacCl1AnalogOut_stop
                0x00000000484e678c                _init_libc
                0x00000000484e6794                DioCl2EncoderIn_setGatedMode
                0x00000000484e679c                dsrtt_init
                0x00000000484e67a4                SrtkApp_terminate
                0x00000000484e67ac                DioCl2EncoderIn_setMaxPosition
                0x00000000484e67b4                DioCl2EncoderIn_setMinPosition
                0x00000000484e67bc                msg_info_set
                0x00000000484e67c4                DsIoEth_setIpAddress
                0x00000000484e67cc                dsrtt_script_service_pre_computation
                0x00000000484e67d4                DacCl1AnalogOut_start
                0x00000000484e67dc                msg_error_printf
                0x00000000484e67e4                DsIoEth_setGatewayAddress
                0x00000000484e67ec                DioCl2EncoderIn_setEncPosValidity
                0x00000000484e67f4                memset
                0x00000000484e67fc                _Sin
                0x00000000484e6804                DioCl2EncoderIn_getEncPosition
                0x00000000484e680c                rtk_leave_idle_mode
                0x00000000484e6814                fmod
                0x00000000484e681c                DsIoEth_getRecvFramesDropped
                0x00000000484e6824                __wrap_exit
                0x00000000484e682c                __wrap_atexit
                0x00000000484e6834                DioCl2EncoderIn_setMeasurementInterval
                0x00000000484e683c                DacCl1AnalogOut_setOutputValue
                0x00000000484e6844                _fini_array
                0x00000000484e684c                SrtkDaq_Background
                0x00000000484e6854                _preinit_array
                0x00000000484e685c                SrtkApp_init
                0x00000000484e6864                SrtkDaq_Service
                0x00000000484e686c                rtk_task_task_name_get
                0x00000000484e6874                SrtkSim_notifyStateTransition
                0x00000000484e687c                DioCl2EncoderIn_apply
                0x00000000484e6884                DioCl2EncoderIn_getEncVelocity
                0x00000000484e688c                msg_info_printf
                0x00000000484e6894                msg_set
                0x00000000484e689c                DsIoEth_ntohs
                0x00000000484e68a4                DsIoEth_getPortState
                0x00000000484e68ac                rtk_get_subentry
                0x00000000484e68b4                DsIoEth_htons
                0x00000000484e68bc                dsrtt_set_step_size
                0x00000000484e68c4                rtk_enter_idle_mode
                0x00000000484e68cc                rtk_initialize
                0x00000000484e68d4                DacCl1AnalogOut_setOutputHighZ
                0x00000000484e68dc                DsIoEth_create
                0x00000000484e68e4                DsIoEth_getMgmtEvent
                0x00000000484e68ec                DioCl2EncoderIn_setEncoderLines
                0x00000000484e68f4                SrtkApp_background
                0x00000000484e68fc                rtk_default_overrun_fcn
                0x00000000484e6904                vcm_module_register
                0x00000000484e690c                DsTimeSync_simstateStop
                0x00000000484e6914                DsIoEth_setRecvFrameSize
                0x00000000484e691c                SrtkIntBase_disableIntGlobal
                0x00000000484e6924                SrtkSim_registerState
                0x00000000484e692c                __deregister_frame_info

.bss            0x00000000484e6ae8     0x4a1c
 *(.dynbss)
 .dynbss        0x00000000484e6ae8       0x14 C:\ProgramData\dSPACE\A8EFD7E5-F405-47E4-9A8A-DE544031D1F0\Compiler\QNX650_520\target\qnx6/ppcbe/lib/crt1.o
                0x00000000484e6ae8                errno
                0x00000000484e6af0                dsts_sum_of_reseted_time
                0x00000000484e6af8                msg_last_error_no
 *(.bss .bss.* .gnu.linkonce.b.*)
 .bss           0x00000000484e6afc        0x0 C:\ProgramData\dSPACE\A8EFD7E5-F405-47E4-9A8A-DE544031D1F0\Compiler\QNX650_520\target\qnx6/ppcbe/lib/crt1.o
 .bss           0x00000000484e6afc        0x0 C:\ProgramData\dSPACE\A8EFD7E5-F405-47E4-9A8A-DE544031D1F0\Compiler\QNX650_520\target\qnx6/ppcbe/lib/crti.o
 .bss           0x00000000484e6afc       0x20 c:/programdata/dspace/a8efd7e5-f405-47e4-9a8a-de544031d1f0/compiler/qnx650_520/host/win32/x86/usr/bin/../lib/gcc/powerpc-unknown-nto-qnx6.5.0/5.2.0/crtbegin.o
 *fill*         0x00000000484e6b1c        0x4 
 .bss           0x00000000484e6b20     0x4460 Ball_and_Plate_MicroLabBox_student.o07
                0x00000000484e6b20                Ball_and_Plate_MicroLabBox_student_M_
                0x00000000484ea668                Ball_and_Plate_MicroLabBox_student_B
                0x00000000484eabb8                Ball_and_Plate_MicroLabBox_student_Y
                0x00000000484eabf0                Ball_and_Plate_MicroLabBox_student_DW
                0x00000000484eaf60                Ball_and_Plate_MicroLabBox_student_PrevZCX
                0x00000000484eaf68                Ball_and_Plate_MicroLabBox_student_X
 .bss           0x00000000484eaf80        0x8 rt_matrx.o07
 .bss           0x00000000484eaf88      0x400 rt_printf.o07
 .bss           0x00000000484eb388        0x0 Ball_and_Plate_MicroLabBox_student_data.o07
 .bss           0x00000000484eb388       0xe0 Ball_and_Plate_MicroLabBox_student_trc_ptr.o07
                0x00000000484eb388                p_0_Ball_and_Plate_MicroLabBox_student_real_T_0
                0x00000000484eb38c                p_0_Ball_and_Plate_MicroLabBox_student_uint32_T_1
                0x00000000484eb390                p_0_Ball_and_Plate_MicroLabBox_student_uint16_T_2
                0x00000000484eb394                p_0_Ball_and_Plate_MicroLabBox_student_uint8_T_3
                0x00000000484eb398                p_0_Ball_and_Plate_MicroLabBox_student_boolean_T_4
                0x00000000484eb39c                p_0_Ball_and_Plate_MicroLabBox_student_real_T_5
                0x00000000484eb3a0                p_0_Ball_and_Plate_MicroLabBox_student_real_T_6
                0x00000000484eb3a4                p_0_Ball_and_Plate_MicroLabBox_student_real_T_7
                0x00000000484eb3a8                p_0_Ball_and_Plate_MicroLabBox_student_real_T_8
                0x00000000484eb3ac                p_0_Ball_and_Plate_MicroLabBox_student_real_T_9
                0x00000000484eb3b0                p_0_Ball_and_Plate_MicroLabBox_student_real_T_10
                0x00000000484eb3b4                p_0_Ball_and_Plate_MicroLabBox_student_real_T_11
                0x00000000484eb3b8                p_0_Ball_and_Plate_MicroLabBox_student_real_T_12
                0x00000000484eb3bc                p_0_Ball_and_Plate_MicroLabBox_student_real_T_13
                0x00000000484eb3c0                p_0_Ball_and_Plate_MicroLabBox_student_real_T_14
                0x00000000484eb3c4                p_0_Ball_and_Plate_MicroLabBox_student_real_T_15
                0x00000000484eb3c8                p_0_Ball_and_Plate_MicroLabBox_student_real_T_16
                0x00000000484eb3cc                p_0_Ball_and_Plate_MicroLabBox_student_real_T_17
                0x00000000484eb3d0                p_0_Ball_and_Plate_MicroLabBox_student_real_T_18
                0x00000000484eb3d4                p_0_Ball_and_Plate_MicroLabBox_student_real_T_19
                0x00000000484eb3d8                p_0_Ball_and_Plate_MicroLabBox_student_real_T_20
                0x00000000484eb3dc                p_0_Ball_and_Plate_MicroLabBox_student_real_T_21
                0x00000000484eb3e0                p_0_Ball_and_Plate_MicroLabBox_student_real_T_22
                0x00000000484eb3e4                p_0_Ball_and_Plate_MicroLabBox_student_real_T_23
                0x00000000484eb3e8                p_1_Ball_and_Plate_MicroLabBox_student_real_T_0
                0x00000000484eb3ec                p_1_Ball_and_Plate_MicroLabBox_student_real_T_1
                0x00000000484eb3f0                p_1_Ball_and_Plate_MicroLabBox_student_real_T_2
                0x00000000484eb3f4                p_1_Ball_and_Plate_MicroLabBox_student_real_T_3
                0x00000000484eb3f8                p_1_Ball_and_Plate_MicroLabBox_student_real_T_4
                0x00000000484eb3fc                p_1_Ball_and_Plate_MicroLabBox_student_real_T_5
                0x00000000484eb400                p_1_Ball_and_Plate_MicroLabBox_student_real_T_6
                0x00000000484eb404                p_2_Ball_and_Plate_MicroLabBox_student_real_T_0
                0x00000000484eb408                p_2_Ball_and_Plate_MicroLabBox_student_int8_T_1
                0x00000000484eb40c                p_2_Ball_and_Plate_MicroLabBox_student_boolean_T_2
                0x00000000484eb410                p_2_Ball_and_Plate_MicroLabBox_student_boolean_T_3
                0x00000000484eb414                p_2_Ball_and_Plate_MicroLabBox_student_real_T_4
                0x00000000484eb418                p_2_Ball_and_Plate_MicroLabBox_student_real_T_5
                0x00000000484eb41c                p_2_Ball_and_Plate_MicroLabBox_student_real_T_6
                0x00000000484eb420                p_2_Ball_and_Plate_MicroLabBox_student_boolean_T_7
                0x00000000484eb424                p_2_Ball_and_Plate_MicroLabBox_student_real_T_8
                0x00000000484eb428                p_2_Ball_and_Plate_MicroLabBox_student_boolean_T_9
                0x00000000484eb42c                p_2_Ball_and_Plate_MicroLabBox_student_boolean_T_10
                0x00000000484eb430                p_2_Ball_and_Plate_MicroLabBox_student_real_T_11
                0x00000000484eb434                p_2_Ball_and_Plate_MicroLabBox_student_real_T_12
                0x00000000484eb438                p_2_Ball_and_Plate_MicroLabBox_student_boolean_T_13
                0x00000000484eb43c                p_2_Ball_and_Plate_MicroLabBox_student_real_T_14
                0x00000000484eb440                p_2_Ball_and_Plate_MicroLabBox_student_boolean_T_15
                0x00000000484eb444                p_2_Ball_and_Plate_MicroLabBox_student_boolean_T_16
                0x00000000484eb448                p_2_Ball_and_Plate_MicroLabBox_student_real_T_17
                0x00000000484eb44c                p_2_Ball_and_Plate_MicroLabBox_student_real_T_18
                0x00000000484eb450                p_2_Ball_and_Plate_MicroLabBox_student_boolean_T_19
                0x00000000484eb454                p_2_Ball_and_Plate_MicroLabBox_student_real_T_20
                0x00000000484eb458                p_3_Ball_and_Plate_MicroLabBox_student_real_T_0
                0x00000000484eb45c                p_5_Ball_and_Plate_MicroLabBox_student_real_T_0
                0x00000000484eb460                p_5_Ball_and_Plate_MicroLabBox_student_uint32_T_1
                0x00000000484eb464                p_5_Ball_and_Plate_MicroLabBox_student_real_T_2
 .bss           0x00000000484eb468        0x0 rtGetInf.o07
 .bss           0x00000000484eb468        0x0 rtGetNaN.o07
 .bss           0x00000000484eb468       0x2c rt_nonfinite.o07
                0x00000000484eb468                rtNaN
                0x00000000484eb470                rtNaNF
                0x00000000484eb478                rtInf
                0x00000000484eb480                rtInfF
                0x00000000484eb488                rtMinusInf
                0x00000000484eb490                rtMinusInfF
 .bss           0x00000000484eb494        0x0 rt_zcfcn.o07
 .bss           0x00000000484eb494        0x0 dleadlag.o07
 .bss           0x00000000484eb494        0x0 dlowpass1.o07
 *fill*         0x00000000484eb494        0x4 
 .bss           0x00000000484eb498       0x54 rti_sim_engine.o07
                0x00000000484eb498                currentTime
                0x00000000484eb49c                finalTime
                0x00000000484eb4a0                modelStepSize
                0x00000000484eb4a8                pRTIDacC1AnalogOut_Ch_1
                0x00000000484eb4ac                pRTIEmcEncoder_Unit_1_DioCl_2_Port_1_Ch1
                0x00000000484eb4b0                pRTIDacC1AnalogOut_Ch_2
                0x00000000484eb4b4                pRTIEmcEncoder_Unit_2_DioCl_2_Port_1_Ch3
                0x00000000484eb4b8                pRTIDacC1AnalogOut_Ch_3
                0x00000000484eb4bc                pRTIEmcEncoder_Unit_3_DioCl_2_Port_1_Ch5
                0x00000000484eb4c0                taskMode
                0x00000000484eb4c4                pRti_TIMERA_STime
                0x00000000484eb4c8                pRti_TIMERA_TTime
                0x00000000484eb4cc                pRti_TIMERA_TState
                0x00000000484eb4d0                pRti_TIMERA_OType
                0x00000000484eb4d4                pRti_TIMERA_OMax
                0x00000000484eb4d8                pRti_TIMERA_ORpt
                0x00000000484eb4dc                pRti_TIMERA_OCnt
                0x00000000484eb4e0                pRti_TIMERA_TCnt
                0x00000000484eb4e4                pRti_TIMERA_Prio
                0x00000000484eb4e8                rtiAssertionMode
 .bss           0x00000000484eb4ec        0x4 rti_init_c.o07
 .bss           0x00000000484eb4f0        0x0 rt_sim.o07
 .bss           0x00000000484eb4f0        0x0 rti_assert.o07
 .bss           0x00000000484eb4f0        0x0 C:\Program Files\dSPACE RCPHIL 2020-B\DS1202\Lib/librtversion.a(RtVersion.o)
 .bss           0x00000000484eb4f0       0x14 C:\Program Files\dSPACE RCPHIL 2020-B\DS1202\Lib/librtglobals.a(DsEESPort.o)
                0x00000000484eb4f0                xilapi_eesport_trigger_uint32_T
                0x00000000484eb4f4                xilapi_eesport_flags_uint32_T
                0x00000000484eb4f8                xilapi_eesport_errorswitching_uint32_T
                0x00000000484eb4fc                xilapi_eesport_erroractivated_uint32_T
                0x00000000484eb500                xilapi_eesport_activeerrorset_uint32_T
 .bss           0x00000000484eb504        0x0 C:\Program Files\dSPACE RCPHIL 2020-B\DS1202\Lib/libm_fastpow.a(w_pow.o)
 .bss           0x00000000484eb504        0x0 C:\Program Files\dSPACE RCPHIL 2020-B\DS1202\Lib/libm_fastpow.a(e_pow.o)
 .bss           0x00000000484eb504        0x0 C:\Program Files\dSPACE RCPHIL 2020-B\DS1202\Lib/libm_fastpow.a(s_scalbn.o)
 .bss           0x00000000484eb504        0x0 c:/programdata/dspace/a8efd7e5-f405-47e4-9a8a-de544031d1f0/compiler/qnx650_520/host/win32/x86/usr/bin/../lib/gcc/powerpc-unknown-nto-qnx6.5.0/5.2.0/crtend.o
 .bss           0x00000000484eb504        0x0 C:\ProgramData\dSPACE\A8EFD7E5-F405-47E4-9A8A-DE544031D1F0\Compiler\QNX650_520\target\qnx6/ppcbe/lib/crtn.o
 *(COMMON)
                0x00000000484eb504                . = ALIGN ((. != 0x0)?0x4:0x1)

.iplt           0x00000000484eb510        0x0
 .iplt          0x00000000484eb510        0x0 C:\ProgramData\dSPACE\A8EFD7E5-F405-47E4-9A8A-DE544031D1F0\Compiler\QNX650_520\target\qnx6/ppcbe/lib/crt1.o
                0x00000000484eb510                . = ALIGN (0x4)
                0x00000000484eb510                . = ALIGN (0x4)
                0x00000000484eb510                __end = .
                0x00000000484eb510                _end = .
                [!provide]                        PROVIDE (end, .)
                0x00000000484eb510                . = DATA_SEGMENT_END (.)

.stab
 *(.stab)

.stabstr
 *(.stabstr)

.stab.excl
 *(.stab.excl)

.stab.exclstr
 *(.stab.exclstr)

.stab.index
 *(.stab.index)

.stab.indexstr
 *(.stab.indexstr)

.comment        0x0000000000000000       0x47
 *(.comment)
 .comment       0x0000000000000000       0x11 c:/programdata/dspace/a8efd7e5-f405-47e4-9a8a-de544031d1f0/compiler/qnx650_520/host/win32/x86/usr/bin/../lib/gcc/powerpc-unknown-nto-qnx6.5.0/5.2.0/crtbegin.o
                                         0x12 (size before relaxing)
 .comment       0x0000000000000011       0x12 Ball_and_Plate_MicroLabBox_student.o07
 .comment       0x0000000000000011       0x12 rt_matrx.o07
 .comment       0x0000000000000011       0x12 rt_printf.o07
 .comment       0x0000000000000011       0x12 Ball_and_Plate_MicroLabBox_student_data.o07
 .comment       0x0000000000000011       0x12 Ball_and_Plate_MicroLabBox_student_trc_ptr.o07
 .comment       0x0000000000000011       0x12 rtGetInf.o07
 .comment       0x0000000000000011       0x12 rtGetNaN.o07
 .comment       0x0000000000000011       0x12 rt_nonfinite.o07
 .comment       0x0000000000000011       0x12 rt_zcfcn.o07
 .comment       0x0000000000000011       0x12 dleadlag.o07
 .comment       0x0000000000000011       0x12 dlowpass1.o07
 .comment       0x0000000000000011       0x12 rti_sim_engine.o07
 .comment       0x0000000000000011       0x12 rti_init_c.o07
 .comment       0x0000000000000011       0x12 rt_sim.o07
 .comment       0x0000000000000011       0x12 rti_assert.o07
 .comment       0x0000000000000011       0x12 C:\Program Files\dSPACE RCPHIL 2020-B\DS1202\Lib/librtversion.a(RtVersion.o)
 .comment       0x0000000000000011       0x12 C:\Program Files\dSPACE RCPHIL 2020-B\DS1202\Lib/librtglobals.a(DsEESPort.o)
 .comment       0x0000000000000011       0x12 C:\Program Files\dSPACE RCPHIL 2020-B\DS1202\Lib/libm_fastpow.a(w_pow.o)
 .comment       0x0000000000000023       0x12 C:\Program Files\dSPACE RCPHIL 2020-B\DS1202\Lib/libm_fastpow.a(e_pow.o)
 .comment       0x0000000000000035       0x12 C:\Program Files\dSPACE RCPHIL 2020-B\DS1202\Lib/libm_fastpow.a(s_scalbn.o)
 .comment       0x0000000000000047       0x12 c:/programdata/dspace/a8efd7e5-f405-47e4-9a8a-de544031d1f0/compiler/qnx650_520/host/win32/x86/usr/bin/../lib/gcc/powerpc-unknown-nto-qnx6.5.0/5.2.0/crtend.o

.PPC.EMB.apuinfo
                0x0000000000000000       0x18
 .PPC.EMB.apuinfo
                0x0000000000000000       0x18 Ball_and_Plate_MicroLabBox_student.o07
 .PPC.EMB.apuinfo
                0x0000000000000018       0x18 rt_matrx.o07
 .PPC.EMB.apuinfo
                0x0000000000000030       0x18 rt_nonfinite.o07
 .PPC.EMB.apuinfo
                0x0000000000000048       0x18 rt_zcfcn.o07
 .PPC.EMB.apuinfo
                0x0000000000000060       0x18 rti_sim_engine.o07

.debug
 *(.debug)

.line
 *(.line)

.debug_srcinfo
 *(.debug_srcinfo)

.debug_sfnames
 *(.debug_sfnames)

.debug_aranges
 *(.debug_aranges)

.debug_pubnames
 *(.debug_pubnames)

.debug_info
 *(.debug_info .gnu.linkonce.wi.*)

.debug_abbrev
 *(.debug_abbrev)

.debug_line
 *(.debug_line)

.debug_frame
 *(.debug_frame)

.debug_str
 *(.debug_str)

.debug_loc
 *(.debug_loc)

.debug_macinfo
 *(.debug_macinfo)

.debug_weaknames
 *(.debug_weaknames)

.debug_funcnames
 *(.debug_funcnames)

.debug_typenames
 *(.debug_typenames)

.debug_varnames
 *(.debug_varnames)

.debug_pubtypes
 *(.debug_pubtypes)

.debug_ranges
 *(.debug_ranges)

.gnu.attributes
                0x0000000000000000       0x14
 *(.gnu.attributes)
 .gnu.attributes
                0x0000000000000000       0x10 Ball_and_Plate_MicroLabBox_student.o07
 .gnu.attributes
                0x0000000000000010       0x10 rt_matrx.o07
 .gnu.attributes
                0x0000000000000020       0x10 rt_printf.o07
 .gnu.attributes
                0x0000000000000030       0x10 rtGetInf.o07
 .gnu.attributes
                0x0000000000000040       0x10 rtGetNaN.o07
 .gnu.attributes
                0x0000000000000050       0x10 rt_nonfinite.o07
 .gnu.attributes
                0x0000000000000060       0x10 rt_zcfcn.o07
 .gnu.attributes
                0x0000000000000070       0x10 dleadlag.o07
 .gnu.attributes
                0x0000000000000080       0x10 dlowpass1.o07
 .gnu.attributes
                0x0000000000000090       0x10 rti_sim_engine.o07
 .gnu.attributes
                0x00000000000000a0       0x10 rt_sim.o07
 .gnu.attributes
                0x00000000000000b0       0x10 rti_assert.o07
 .gnu.attributes
                0x00000000000000c0       0x14 C:\Program Files\dSPACE RCPHIL 2020-B\DS1202\Lib/libm_fastpow.a(w_pow.o)
 .gnu.attributes
                0x00000000000000d4       0x14 C:\Program Files\dSPACE RCPHIL 2020-B\DS1202\Lib/libm_fastpow.a(e_pow.o)
 .gnu.attributes
                0x00000000000000e8       0x14 C:\Program Files\dSPACE RCPHIL 2020-B\DS1202\Lib/libm_fastpow.a(s_scalbn.o)

/DISCARD/
 *(.note.GNU-stack)
 *(.gnu_debuglink)
OUTPUT(Ball_and_Plate_MicroLabBox_student.ppc elf32-powerpc)
