<*GNU-Linker-generated-mapfile*> 
Archive member included to satisfy reference by file (symbol)

C:\Program Files\dSPACE RCPHIL 2020-B\DS1202\Lib/librtversion.a(RtVersion.o)
                              (--whole-archive)
C:\Program Files\dSPACE RCPHIL 2020-B\DS1202\Lib/librtglobals.a(DsEESPort.o)
                              (--whole-archive)
C:\Program Files\dSPACE RCPHIL 2020-B\DS1202\Lib/libm_fastpow.a(w_pow.o)
                              Ball_and_Plate_MicroLabBox_student.o07 (pow)
C:\Program Files\dSPACE RCPHIL 2020-B\DS1202\Lib/libm_fastpow.a(e_pow.o)
                              C:\Program Files\dSPACE RCPHIL 2020-B\DS1202\Lib/libm_fastpow.a(w_pow.o) (__ieee754_pow)
C:\Program Files\dSPACE RCPHIL 2020-B\DS1202\Lib/libm_fastpow.a(s_scalbn.o)
                              C:\Program Files\dSPACE RCPHIL 2020-B\DS1202\Lib/libm_fastpow.a(e_pow.o) (scalbn)

As-needed library included to satisfy reference by file (symbol)

libDsRealTimeTestingRP.so.1   rti_sim_engine.o07 (dsrtt_script_service_pre_computation)

Memory Configuration

Name             Origin             Length             Attributes
*default*        0x0000000000000000 0xffffffffffffffff

Linker script and memory map

LOAD C:\ProgramData\dSPACE\A8EFD7E5-F405-47E4-9A8A-DE544031D1F0\Compiler\QNX650_520\target\qnx6/ppcbe/lib/crt1.o
LOAD C:\ProgramData\dSPACE\A8EFD7E5-F405-47E4-9A8A-DE544031D1F0\Compiler\QNX650_520\target\qnx6/ppcbe/lib/crti.o
LOAD c:/programdata/dspace/a8efd7e5-f405-47e4-9a8a-de544031d1f0/compiler/qnx650_520/host/win32/x86/usr/bin/../lib/gcc/powerpc-unknown-nto-qnx6.5.0/5.2.0/crtbegin.o
                0x0000000000000000                _DSPACE_START = 0x0
                0x0000000000000000                _DSPACE_START_ = 0x0
                0x00000000000004b2                DS_TARGET_PLATFORM = 0x4b2
START GROUP
LOAD Ball_and_Plate_MicroLabBox_student.o07
LOAD rt_matrx.o07
LOAD rt_printf.o07
LOAD Ball_and_Plate_MicroLabBox_student_data.o07
LOAD Ball_and_Plate_MicroLabBox_student_trc_ptr.o07
LOAD rtGetInf.o07
LOAD rtGetNaN.o07
LOAD rt_nonfinite.o07
LOAD rt_zcfcn.o07
LOAD dleadlag.o07
LOAD dlowpass1.o07
LOAD rti_sim_engine.o07
LOAD rti_init_c.o07
LOAD rt_sim.o07
LOAD rti_assert.o07
LOAD C:\Program Files\dSPACE RCPHIL 2020-B\DS1202\Lib/librtcan.so
LOAD C:\Program Files\dSPACE RCPHIL 2020-B\DS1202\Lib/librtj1939.so
LOAD C:\Program Files\dSPACE RCPHIL 2020-B\DS1202\Lib/librtser.so
LOAD C:\Program Files\dSPACE RCPHIL 2020-B\DS1202\Lib/librt13xxio.so
LOAD C:\Program Files\dSPACE RCPHIL 2020-B\DS1202\Lib/librt1202.so
LOAD C:\Program Files\dSPACE RCPHIL 2020-B\DS1202\Lib/librtwrap.so
LOAD C:\Program Files\dSPACE RCPHIL 2020-B\DS1202\Lib/librtversion.a
LOAD C:\Program Files\dSPACE RCPHIL 2020-B\DS1202\Lib/librtglobals.a
LOAD C:\Program Files\dSPACE RCPHIL 2020-B\DS1202\Lib/libm_fastpow.a
END GROUP
LOAD C:\Program Files\dSPACE RCPHIL 2020-B\DS1202\Lib/libstdc++.so
LOAD C:\ProgramData\dSPACE\A8EFD7E5-F405-47E4-9A8A-DE544031D1F0\Compiler\QNX650_520\target\qnx6/ppcbe/lib/libm.so
LOAD c:/programdata/dspace/a8efd7e5-f405-47e4-9a8a-de544031d1f0/compiler/qnx650_520/host/win32/x86/usr/bin/../lib/gcc/powerpc-unknown-nto-qnx6.5.0/5.2.0\libgcc.a
LOAD C:\ProgramData\dSPACE\A8EFD7E5-F405-47E4-9A8A-DE544031D1F0\Compiler\QNX650_520\target\qnx6/ppcbe/lib/libc.so
LOAD C:\ProgramData\dSPACE\A8EFD7E5-F405-47E4-9A8A-DE544031D1F0\Compiler\QNX650_520\target\qnx6/ppcbe/lib\libc.a
LOAD c:/programdata/dspace/a8efd7e5-f405-47e4-9a8a-de544031d1f0/compiler/qnx650_520/host/win32/x86/usr/bin/../lib/gcc/powerpc-unknown-nto-qnx6.5.0/5.2.0\libgcc.a
LOAD c:/programdata/dspace/a8efd7e5-f405-47e4-9a8a-de544031d1f0/compiler/qnx650_520/host/win32/x86/usr/bin/../lib/gcc/powerpc-unknown-nto-qnx6.5.0/5.2.0/crtend.o
LOAD C:\ProgramData\dSPACE\A8EFD7E5-F405-47E4-9A8A-DE544031D1F0\Compiler\QNX650_520\target\qnx6/ppcbe/lib/crtn.o
                [!provide]                        PROVIDE (__stack, 0x0)
                [!provide]                        PROVIDE (___stack, 0x0)
                [!provide]                        PROVIDE (__executable_start, 0x48040000)
                0x0000000048040134                . = (0x48040000 + SIZEOF_HEADERS)

.interp         0x0000000048040134       0x14
 *(.interp)
 .interp        0x0000000048040134       0x14 C:\ProgramData\dSPACE\A8EFD7E5-F405-47E4-9A8A-DE544031D1F0\Compiler\QNX650_520\target\qnx6/ppcbe/lib/crt1.o

.note           0x0000000048040150       0x18
 .note          0x0000000048040150       0x18 C:\ProgramData\dSPACE\A8EFD7E5-F405-47E4-9A8A-DE544031D1F0\Compiler\QNX650_520\target\qnx6/ppcbe/lib/crtn.o

.note.gnu.build-id
                0x0000000048040168       0x20
 *(.note.gnu.build-id)
 .note.gnu.build-id
                0x0000000048040168       0x20 C:\ProgramData\dSPACE\A8EFD7E5-F405-47E4-9A8A-DE544031D1F0\Compiler\QNX650_520\target\qnx6/ppcbe/lib/crt1.o

.hash           0x0000000048040188      0x380
 *(.hash)
 .hash          0x0000000048040188      0x380 C:\ProgramData\dSPACE\A8EFD7E5-F405-47E4-9A8A-DE544031D1F0\Compiler\QNX650_520\target\qnx6/ppcbe/lib/crt1.o

.gnu.hash
 *(.gnu.hash)

.dynsym         0x0000000048040508      0x7d0
 *(.dynsym)
 .dynsym        0x0000000048040508      0x7d0 C:\ProgramData\dSPACE\A8EFD7E5-F405-47E4-9A8A-DE544031D1F0\Compiler\QNX650_520\target\qnx6/ppcbe/lib/crt1.o

.dynstr         0x0000000048040cd8      0x9e9
 *(.dynstr)
 .dynstr        0x0000000048040cd8      0x9e9 C:\ProgramData\dSPACE\A8EFD7E5-F405-47E4-9A8A-DE544031D1F0\Compiler\QNX650_520\target\qnx6/ppcbe/lib/crt1.o

.gnu.version    0x00000000480416c2        0x0
 *(.gnu.version)
 .gnu.version   0x00000000480416c2        0x0 C:\ProgramData\dSPACE\A8EFD7E5-F405-47E4-9A8A-DE544031D1F0\Compiler\QNX650_520\target\qnx6/ppcbe/lib/crt1.o

.gnu.version_d  0x00000000480416c4        0x0
 *(.gnu.version_d)
 .gnu.version_d
                0x00000000480416c4        0x0 C:\ProgramData\dSPACE\A8EFD7E5-F405-47E4-9A8A-DE544031D1F0\Compiler\QNX650_520\target\qnx6/ppcbe/lib/crt1.o

.gnu.version_r  0x00000000480416c4        0x0
 *(.gnu.version_r)
 .gnu.version_r
                0x00000000480416c4        0x0 C:\ProgramData\dSPACE\A8EFD7E5-F405-47E4-9A8A-DE544031D1F0\Compiler\QNX650_520\target\qnx6/ppcbe/lib/crt1.o

.rel.dyn
 *(.rel.init)
 *(.rel.text .rel.text.* .rel.gnu.linkonce.t.*)
 *(.rel.fini)
 *(.rel.rodata .rel.rodata.* .rel.gnu.linkonce.r.*)
 *(.rel.data.rel.ro* .rel.gnu.linkonce.d.rel.ro.*)
 *(.rel.data .rel.data.* .rel.gnu.linkonce.d.*)
 *(.rel.tdata .rel.tdata.* .rel.gnu.linkonce.td.*)
 *(.rel.tbss .rel.tbss.* .rel.gnu.linkonce.tb.*)
 *(.rel.ctors)
 *(.rel.dtors)
 *(.rel.got)
 *(.rel.sdata .rel.sdata.* .rel.gnu.linkonce.s.*)
 *(.rel.sbss .rel.sbss.* .rel.gnu.linkonce.sb.*)
 *(.rel.sdata2 .rel.sdata2.* .rel.gnu.linkonce.s2.*)
 *(.rel.sbss2 .rel.sbss2.* .rel.gnu.linkonce.sb2.*)
 *(.rel.bss .rel.bss.* .rel.gnu.linkonce.b.*)

.rela.dyn       0x00000000480416c4       0x6c
 *(.rela.init)
 *(.rela.text .rela.text.* .rela.gnu.linkonce.t.*)
 .rela.text     0x00000000480416c4        0x0 C:\ProgramData\dSPACE\A8EFD7E5-F405-47E4-9A8A-DE544031D1F0\Compiler\QNX650_520\target\qnx6/ppcbe/lib/crt1.o
 *(.rela.fini)
 *(.rela.rodata .rela.rodata.* .rela.gnu.linkonce.r.*)
 .rela.rodata   0x00000000480416c4        0x0 C:\ProgramData\dSPACE\A8EFD7E5-F405-47E4-9A8A-DE544031D1F0\Compiler\QNX650_520\target\qnx6/ppcbe/lib/crt1.o
 *(.rela.data .rela.data.* .rela.gnu.linkonce.d.*)
 *(.rela.tdata .rela.tdata.* .rela.gnu.linkonce.td.*)
 *(.rela.tbss .rela.tbss.* .rela.gnu.linkonce.tb.*)
 *(.rela.ctors)
 *(.rela.dtors)
 *(.rela.got)
 .rela.got      0x00000000480416c4       0x48 C:\ProgramData\dSPACE\A8EFD7E5-F405-47E4-9A8A-DE544031D1F0\Compiler\QNX650_520\target\qnx6/ppcbe/lib/crt1.o
 *(.rela.got1)
 *(.rela.got2)
 *(.rela.sdata .rela.sdata.* .rela.gnu.linkonce.s.*)
 *(.rela.sbss .rela.sbss.* .rela.gnu.linkonce.sb.*)
 .rela.sbss     0x000000004804170c        0x0 C:\ProgramData\dSPACE\A8EFD7E5-F405-47E4-9A8A-DE544031D1F0\Compiler\QNX650_520\target\qnx6/ppcbe/lib/crt1.o
 *(.rela.sdata2 .rela.sdata2.* .rela.gnu.linkonce.s2.*)
 *(.rela.sbss2 .rela.sbss2.* .rela.gnu.linkonce.sb2.*)
 *(.rela.bss .rela.bss.* .rela.gnu.linkonce.b.*)
 .rela.bss      0x000000004804170c       0x24 C:\ProgramData\dSPACE\A8EFD7E5-F405-47E4-9A8A-DE544031D1F0\Compiler\QNX650_520\target\qnx6/ppcbe/lib/crt1.o
 .rela.iplt     0x0000000048041730        0x0 C:\ProgramData\dSPACE\A8EFD7E5-F405-47E4-9A8A-DE544031D1F0\Compiler\QNX650_520\target\qnx6/ppcbe/lib/crt1.o

.rel.plt
 *(.rel.plt)

.rela.plt       0x0000000048041730      0x4f8
 *(.rela.plt)
 .rela.plt      0x0000000048041730      0x4f8 C:\ProgramData\dSPACE\A8EFD7E5-F405-47E4-9A8A-DE544031D1F0\Compiler\QNX650_520\target\qnx6/ppcbe/lib/crt1.o

.init           0x0000000048041c28       0x24
 *(.init)
 .init          0x0000000048041c28        0xc C:\ProgramData\dSPACE\A8EFD7E5-F405-47E4-9A8A-DE544031D1F0\Compiler\QNX650_520\target\qnx6/ppcbe/lib/crti.o
                0x0000000048041c28                _init
 .init          0x0000000048041c34        0x4 c:/programdata/dspace/a8efd7e5-f405-47e4-9a8a-de544031d1f0/compiler/qnx650_520/host/win32/x86/usr/bin/../lib/gcc/powerpc-unknown-nto-qnx6.5.0/5.2.0/crtbegin.o
 .init          0x0000000048041c38        0x4 c:/programdata/dspace/a8efd7e5-f405-47e4-9a8a-de544031d1f0/compiler/qnx650_520/host/win32/x86/usr/bin/../lib/gcc/powerpc-unknown-nto-qnx6.5.0/5.2.0/crtend.o
 .init          0x0000000048041c3c       0x10 C:\ProgramData\dSPACE\A8EFD7E5-F405-47E4-9A8A-DE544031D1F0\Compiler\QNX650_520\target\qnx6/ppcbe/lib/crtn.o

.text           0x0000000048041c50     0x6f4c
                0x0000000048041c50                _btext = .
 *(.text .stub .text.* .gnu.linkonce.t.*)
 .text          0x0000000048041c50      0x118 C:\ProgramData\dSPACE\A8EFD7E5-F405-47E4-9A8A-DE544031D1F0\Compiler\QNX650_520\target\qnx6/ppcbe/lib/crt1.o
                0x0000000048041c50                _start
 .text          0x0000000048041d68        0x0 C:\ProgramData\dSPACE\A8EFD7E5-F405-47E4-9A8A-DE544031D1F0\Compiler\QNX650_520\target\qnx6/ppcbe/lib/crti.o
 .text          0x0000000048041d68      0x2b0 c:/programdata/dspace/a8efd7e5-f405-47e4-9a8a-de544031d1f0/compiler/qnx650_520/host/win32/x86/usr/bin/../lib/gcc/powerpc-unknown-nto-qnx6.5.0/5.2.0/crtbegin.o
 *fill*         0x0000000048042018        0x8 00000000
 .text          0x0000000048042020     0x3a34 Ball_and_Plate_MicroLabBox_student.o07
                0x0000000048042130                Ball_and_Pl_MATLABFunction_Init
                0x0000000048042150                Ball_and_Plate_M_MATLABFunction
                0x0000000048042210                Ball_and_Plate__MATLABFunction2
                0x0000000048042260                rt_powd_snf
                0x0000000048042410                Ball_and_P_MATLABFunction1_Init
                0x0000000048042450                Ball_and_Plate__MATLABFunction1
                0x0000000048042ae0                Ball_and__MATLABFunction_o_Init
                0x0000000048042b00                Ball_and_Plate_MATLABFunction_e
                0x0000000048042ba0                Ball_and__EnabledSubsystem_Init
                0x0000000048042bb0                Ball_a_EnabledSubsystem_Disable
                0x0000000048042bd0                Ball_and_EnabledSubsystem_Start
                0x0000000048042be0                Ball_and_Plate_EnabledSubsystem
                0x0000000048042c50                Ball_and_EnabledSubsystem1_Init
                0x0000000048042c60                Ball__EnabledSubsystem1_Disable
                0x0000000048042c70                Ball_an_EnabledSubsystem1_Start
                0x0000000048042c80                Ball_and_Plat_EnabledSubsystem1
                0x0000000048042ce0                Ball_and_Plate_MicroLabBox_student_output
                0x0000000048044250                Ball_and_Plate_MicroLabBox_student_derivatives
                0x00000000480442e0                Ball_and_Plate_MicroLabBox_student_update
                0x00000000480444d0                Ball_and_Plate_MicroLabBox_student_initialize
                0x00000000480458e0                Ball_and_Plate_MicroLabBox_student_terminate
 *fill*         0x0000000048045a54        0xc 00000000
 .text          0x0000000048045a60      0x68c rt_matrx.o07
                0x0000000048045a60                rt_mxCreateCharMatrixFromStrings
                0x0000000048045c70                rt_mxCreateString
                0x0000000048045d40                rt_mxCreateDoubleMatrix
                0x0000000048045e00                rt_mxCreateNumericArray
                0x0000000048045e40                rt_mxDuplicateArray
                0x0000000048045f30                rt_mxGetDimensions
                0x0000000048045fe0                rt_mxGetEps
                0x0000000048045ff0                rt_mxGetString
 *fill*         0x00000000480460ec        0x4 00000000
 .text          0x00000000480460f0       0xc8 rt_printf.o07
                0x00000000480460f0                rtPrintfNoOp
 .text          0x00000000480461b8        0x0 Ball_and_Plate_MicroLabBox_student_data.o07
 .text          0x00000000480461b8      0x3d4 Ball_and_Plate_MicroLabBox_student_trc_ptr.o07
                0x0000000048046558                Ball_and_Plate_MicroLabBox_student_rti_init_trc_pointers
 *fill*         0x000000004804658c        0x4 00000000
 .text          0x0000000048046590       0x5c rtGetInf.o07
                0x0000000048046590                rtGetInf
                0x00000000480465b0                rtGetInfF
                0x00000000480465c0                rtGetMinusInf
                0x00000000480465e0                rtGetMinusInfF
 *fill*         0x00000000480465ec        0x4 00000000
 .text          0x00000000480465f0       0x3c rtGetNaN.o07
                0x00000000480465f0                rtGetNaN
                0x0000000048046620                rtGetNaNF
 *fill*         0x000000004804662c        0x4 00000000
 .text          0x0000000048046630      0x158 rt_nonfinite.o07
                0x0000000048046630                rt_InitInfAndNaN
                0x0000000048046690                rtIsInf
                0x00000000480466c0                rtIsInfF
                0x00000000480466f0                rtIsNaN
                0x0000000048046740                rtIsNaNF
 *fill*         0x0000000048046788        0x8 00000000
 .text          0x0000000048046790       0xf8 rt_zcfcn.o07
                0x0000000048046790                rt_ZCFcn
 *fill*         0x0000000048046888        0x8 00000000
 .text          0x0000000048046890      0x2e0 dleadlag.o07
                0x0000000048046b30                dleadlag
 .text          0x0000000048046b70      0x280 dlowpass1.o07
                0x0000000048046db0                dlowpass1
 .text          0x0000000048046df0      0x774 rti_sim_engine.o07
                0x00000000480474f0                rtk_idle_function
                0x0000000048047500                rti_th_timertask1_trigger_source
                0x0000000048047550                initConditions
                0x0000000048047560                initVariables
 *fill*         0x0000000048047564        0xc 00000000
 .text.startup  0x0000000048047570      0xa20 rti_sim_engine.o07
                0x0000000048047570                main
 .text          0x0000000048047f90       0x40 rti_init_c.o07
                0x0000000048047f90                rti_init
 .text          0x0000000048047fd0       0x44 rt_sim.o07
                0x0000000048047fd0                rt_SimInitTimingEngine
                0x0000000048048000                rt_SimGetNextSampleHit
                0x0000000048048010                rt_SimUpdateDiscreteTaskSampleHits
 *fill*         0x0000000048048014        0xc 00000000
 .text          0x0000000048048020       0xd4 rti_assert.o07
                0x0000000048048020                rti_assertion_handler
                0x00000000480480b0                rti_assertion_mode_msg
 .text          0x00000000480480f4        0x0 C:\Program Files\dSPACE RCPHIL 2020-B\DS1202\Lib/librtversion.a(RtVersion.o)
 *fill*         0x00000000480480f4        0xc 00000000
 .text          0x0000000048048100        0x4 C:\Program Files\dSPACE RCPHIL 2020-B\DS1202\Lib/librtglobals.a(DsEESPort.o)
                0x0000000048048100                DsEesPort_init()
 .text          0x0000000048048104       0x20 C:\Program Files\dSPACE RCPHIL 2020-B\DS1202\Lib/libm_fastpow.a(w_pow.o)
                0x0000000048048104                pow
 .text          0x0000000048048124      0x85c C:\Program Files\dSPACE RCPHIL 2020-B\DS1202\Lib/libm_fastpow.a(e_pow.o)
                0x0000000048048124                __ieee754_pow
 .text          0x0000000048048980      0x188 C:\Program Files\dSPACE RCPHIL 2020-B\DS1202\Lib/libm_fastpow.a(s_scalbn.o)
                0x0000000048048980                scalbn
 .text          0x0000000048048b08       0x94 c:/programdata/dspace/a8efd7e5-f405-47e4-9a8a-de544031d1f0/compiler/qnx650_520/host/win32/x86/usr/bin/../lib/gcc/powerpc-unknown-nto-qnx6.5.0/5.2.0/crtend.o
 .text          0x0000000048048b9c        0x0 C:\ProgramData\dSPACE\A8EFD7E5-F405-47E4-9A8A-DE544031D1F0\Compiler\QNX650_520\target\qnx6/ppcbe/lib/crtn.o
 *(.gnu.warning)
 *(.glink)
 .glink         0x0000000048048b9c        0x0 C:\ProgramData\dSPACE\A8EFD7E5-F405-47E4-9A8A-DE544031D1F0\Compiler\QNX650_520\target\qnx6/ppcbe/lib/crt1.o

.fini           0x0000000048048b9c       0x20
 *(.fini)
 .fini          0x0000000048048b9c        0xc C:\ProgramData\dSPACE\A8EFD7E5-F405-47E4-9A8A-DE544031D1F0\Compiler\QNX650_520\target\qnx6/ppcbe/lib/crti.o
                0x0000000048048b9c                _fini
 .fini          0x0000000048048ba8        0x4 c:/programdata/dspace/a8efd7e5-f405-47e4-9a8a-de544031d1f0/compiler/qnx650_520/host/win32/x86/usr/bin/../lib/gcc/powerpc-unknown-nto-qnx6.5.0/5.2.0/crtbegin.o
 .fini          0x0000000048048bac       0x10 C:\ProgramData\dSPACE\A8EFD7E5-F405-47E4-9A8A-DE544031D1F0\Compiler\QNX650_520\target\qnx6/ppcbe/lib/crtn.o
                [!provide]                        PROVIDE (__etext, .)
                0x0000000048048bbc                PROVIDE (_etext, .)
                [!provide]                        PROVIDE (etext, .)

.rodata         0x0000000048048bc0      0x908
 *(.rodata .rodata.* .gnu.linkonce.r.*)
 .rodata        0x0000000048048bc0       0x84 Ball_and_Plate_MicroLabBox_student.o07
                0x0000000048048c40                Ball_and_Plate_MicroLabBox_student_M
 .rodata.cst4   0x0000000048048c44       0x44 Ball_and_Plate_MicroLabBox_student.o07
 .rodata.cst8   0x0000000048048c88       0x50 Ball_and_Plate_MicroLabBox_student.o07
 .rodata.str1.4
                0x0000000048048cd8      0x21a Ball_and_Plate_MicroLabBox_student.o07
 *fill*         0x0000000048048ef2        0x2 
 .rodata.cst4   0x0000000048048ef4       0x1c rt_matrx.o07
 .rodata.str1.4
                0x0000000048048f10        0xf rt_printf.o07
 *fill*         0x0000000048048f1f        0x1 
 .rodata.cst4   0x0000000048048f20        0x8 rtGetInf.o07
 .rodata.cst4   0x0000000048048f28        0x4 rtGetNaN.o07
 .rodata        0x0000000048048f2c       0x13 rt_zcfcn.o07
 .rodata.cst4   0x0000000048048f3f        0x4 rt_zcfcn.o07
 .rodata.cst4   0x0000000048048f3f        0xc dleadlag.o07
 *fill*         0x0000000048048f3f        0x1 
 .rodata.cst8   0x0000000048048f40       0x10 dleadlag.o07
                                         0x18 (size before relaxing)
 .rodata.cst4   0x0000000048048f50        0xc dlowpass1.o07
 .rodata.cst8   0x0000000048048f50       0x18 dlowpass1.o07
 .rodata        0x0000000048048f50        0xc rti_sim_engine.o07
                0x0000000048048f50                rtiDataSetStorageEnabled
                0x0000000048048f54                p_dsts_sum_of_reset_time
                0x0000000048048f58                p_msg_last_error_no
 .rodata.cst4   0x0000000048048f5c        0x4 rti_sim_engine.o07
                                          0x8 (size before relaxing)
 .rodata.cst8   0x0000000048048f60        0x8 rti_sim_engine.o07
 .rodata.str1.4
                0x0000000048048f60      0x330 rti_sim_engine.o07
 .rodata.cst4   0x0000000048049290        0x4 rt_sim.o07
                                          0x8 (size before relaxing)
 .rodata.str1.4
                0x0000000048049294       0x71 rt_sim.o07
 *fill*         0x0000000048049305        0x3 
 .rodata.str1.4
                0x0000000048049308       0x70 rti_assert.o07
                                         0x6d (size before relaxing)
 .rodata        0x0000000048049378       0x30 C:\Program Files\dSPACE RCPHIL 2020-B\DS1202\Lib/libm_fastpow.a(e_pow.o)
 .rodata.cst4   0x00000000480493a8        0x8 C:\Program Files\dSPACE RCPHIL 2020-B\DS1202\Lib/libm_fastpow.a(e_pow.o)
 .rodata.cst8   0x00000000480493b0       0xe8 C:\Program Files\dSPACE RCPHIL 2020-B\DS1202\Lib/libm_fastpow.a(e_pow.o)
 .rodata.cst8   0x0000000048049498       0x30 C:\Program Files\dSPACE RCPHIL 2020-B\DS1202\Lib/libm_fastpow.a(s_scalbn.o)

.rodata1
 *(.rodata1)

.sdata2         0x00000000480494c8        0x0
                0x0000000000008000                PROVIDE (_SDA2_BASE_, 0x8000)
 *(.sdata2 .sdata2.* .gnu.linkonce.s2.*)
 .sdata2        0x00000000480494c8        0x0 C:\ProgramData\dSPACE\A8EFD7E5-F405-47E4-9A8A-DE544031D1F0\Compiler\QNX650_520\target\qnx6/ppcbe/lib/crt1.o

.sbss2
 *(.sbss2 .sbss2.* .gnu.linkonce.sb2.*)

.eh_frame_hdr   0x00000000480494c8       0x14
 *(.eh_frame_hdr)
 .eh_frame_hdr  0x00000000480494c8       0x14 C:\Program Files\dSPACE RCPHIL 2020-B\DS1202\Lib/librtglobals.a(DsEESPort.o)

.eh_frame       0x00000000480494dc       0x2c
 *(.eh_frame)
 .eh_frame      0x00000000480494dc        0x0 C:\ProgramData\dSPACE\A8EFD7E5-F405-47E4-9A8A-DE544031D1F0\Compiler\QNX650_520\target\qnx6/ppcbe/lib/crt1.o
 .eh_frame      0x00000000480494dc        0x0 c:/programdata/dspace/a8efd7e5-f405-47e4-9a8a-de544031d1f0/compiler/qnx650_520/host/win32/x86/usr/bin/../lib/gcc/powerpc-unknown-nto-qnx6.5.0/5.2.0/crtbegin.o
 .eh_frame      0x00000000480494dc       0x28 C:\Program Files\dSPACE RCPHIL 2020-B\DS1202\Lib/librtglobals.a(DsEESPort.o)
 .eh_frame      0x0000000048049504        0x4 c:/programdata/dspace/a8efd7e5-f405-47e4-9a8a-de544031d1f0/compiler/qnx650_520/host/win32/x86/usr/bin/../lib/gcc/powerpc-unknown-nto-qnx6.5.0/5.2.0/crtend.o

.gcc_except_table
 *(.gcc_except_table .gcc_except_table.*)
                0x0000000048049508                . = (ALIGN (0x1000) - ((0x1000 - .) & 0xfff))
                0x000000004804a508                . = DATA_SEGMENT_ALIGN (0x1000, 0x1000)

.eh_frame
 *(.eh_frame)

.gcc_except_table
 *(.gcc_except_table .gcc_except_table.*)

.tdata
 *(.tdata .tdata.* .gnu.linkonce.td.*)

.tbss
 *(.tbss .tbss.* .gnu.linkonce.tb.*)
 *(.tcommon)

.preinit_array  0x000000004804a508        0x0
                0x000000004804a508                PROVIDE (__preinit_array_start, .)
 *(.preinit_array)
                0x000000004804a508                PROVIDE (__preinit_array_end, .)

.init_array     0x000000004804a508        0x0
                0x000000004804a508                PROVIDE (__init_array_start, .)
 *(SORT(.init_array.*))
 *(.init_array)
                0x000000004804a508                PROVIDE (__init_array_end, .)

.fini_array     0x000000004804a508        0x0
                0x000000004804a508                PROVIDE (__fini_array_start, .)
 *(.fini_array)
 *(SORT(.fini_array.*))
                0x000000004804a508                PROVIDE (__fini_array_end, .)

.ctors          0x000000004804a508        0x8
 *crtbegin.o(.ctors)
 .ctors         0x000000004804a508        0x4 c:/programdata/dspace/a8efd7e5-f405-47e4-9a8a-de544031d1f0/compiler/qnx650_520/host/win32/x86/usr/bin/../lib/gcc/powerpc-unknown-nto-qnx6.5.0/5.2.0/crtbegin.o
 *crtbegin?.o(.ctors)
 *(EXCLUDE_FILE(*crtend?.o *crtend.o) .ctors)
 *(SORT(.ctors.*))
 *(.ctors)
 .ctors         0x000000004804a50c        0x4 c:/programdata/dspace/a8efd7e5-f405-47e4-9a8a-de544031d1f0/compiler/qnx650_520/host/win32/x86/usr/bin/../lib/gcc/powerpc-unknown-nto-qnx6.5.0/5.2.0/crtend.o

.dtors          0x000000004804a510        0x8
 *crtbegin.o(.dtors)
 .dtors         0x000000004804a510        0x4 c:/programdata/dspace/a8efd7e5-f405-47e4-9a8a-de544031d1f0/compiler/qnx650_520/host/win32/x86/usr/bin/../lib/gcc/powerpc-unknown-nto-qnx6.5.0/5.2.0/crtbegin.o
 *crtbegin?.o(.dtors)
 *(EXCLUDE_FILE(*crtend?.o *crtend.o) .dtors)
 *(SORT(.dtors.*))
 *(.dtors)
 .dtors         0x000000004804a514        0x4 c:/programdata/dspace/a8efd7e5-f405-47e4-9a8a-de544031d1f0/compiler/qnx650_520/host/win32/x86/usr/bin/../lib/gcc/powerpc-unknown-nto-qnx6.5.0/5.2.0/crtend.o
                0x000000004804a514                __DTOR_END__

.jcr            0x000000004804a518        0x4
 *(.jcr)
 .jcr           0x000000004804a518        0x0 c:/programdata/dspace/a8efd7e5-f405-47e4-9a8a-de544031d1f0/compiler/qnx650_520/host/win32/x86/usr/bin/../lib/gcc/powerpc-unknown-nto-qnx6.5.0/5.2.0/crtbegin.o
 .jcr           0x000000004804a518        0x4 c:/programdata/dspace/a8efd7e5-f405-47e4-9a8a-de544031d1f0/compiler/qnx650_520/host/win32/x86/usr/bin/../lib/gcc/powerpc-unknown-nto-qnx6.5.0/5.2.0/crtend.o

.data.rel.ro
 *(.data.rel.ro.local* .gnu.linkonce.d.rel.ro.local.*)
 *(.data.rel.ro* .gnu.linkonce.d.rel.ro.*)

.fixup
 *(.fixup)

.got1
 *(.got1)

.got2
 *(.got2)

.dynamic        0x000000004804a51c      0x100
 *(.dynamic)
 .dynamic       0x000000004804a51c      0x100 C:\ProgramData\dSPACE\A8EFD7E5-F405-47E4-9A8A-DE544031D1F0\Compiler\QNX650_520\target\qnx6/ppcbe/lib/crt1.o
                0x000000004804a51c                _DYNAMIC

.got
 *(.got)
                0x000000004804a61c                . = DATA_SEGMENT_RELRO_END (., 0x0)

.plt
 *(.plt)

.data           0x000000004804a620   0x49a118
 *(.data .data.* .gnu.linkonce.d.*)
 .data          0x000000004804a620        0x0 C:\ProgramData\dSPACE\A8EFD7E5-F405-47E4-9A8A-DE544031D1F0\Compiler\QNX650_520\target\qnx6/ppcbe/lib/crt1.o
 .data          0x000000004804a620        0x0 C:\ProgramData\dSPACE\A8EFD7E5-F405-47E4-9A8A-DE544031D1F0\Compiler\QNX650_520\target\qnx6/ppcbe/lib/crti.o
 .data          0x000000004804a620        0x0 c:/programdata/dspace/a8efd7e5-f405-47e4-9a8a-de544031d1f0/compiler/qnx650_520/host/win32/x86/usr/bin/../lib/gcc/powerpc-unknown-nto-qnx6.5.0/5.2.0/crtbegin.o
 .data.rel.local
                0x000000004804a620        0x4 c:/programdata/dspace/a8efd7e5-f405-47e4-9a8a-de544031d1f0/compiler/qnx650_520/host/win32/x86/usr/bin/../lib/gcc/powerpc-unknown-nto-qnx6.5.0/5.2.0/crtbegin.o
                0x000000004804a620                __dso_handle
 .data          0x000000004804a624        0x0 Ball_and_Plate_MicroLabBox_student.o07
 .data          0x000000004804a624        0x0 rt_matrx.o07
 .data          0x000000004804a624        0x0 rt_printf.o07
 *fill*         0x000000004804a624        0x4 
 .data          0x000000004804a628   0x49a0f0 Ball_and_Plate_MicroLabBox_student_data.o07
                0x000000004804a628                Ball_and_Plate_MicroLabBox_student_P
 .data          0x00000000484e4718        0x0 Ball_and_Plate_MicroLabBox_student_trc_ptr.o07
 .data          0x00000000484e4718        0x0 rtGetInf.o07
 .data          0x00000000484e4718        0x0 rtGetNaN.o07
 .data          0x00000000484e4718        0x0 rt_nonfinite.o07
 .data          0x00000000484e4718        0x0 rt_zcfcn.o07
 .data          0x00000000484e4718        0x0 dleadlag.o07
 .data          0x00000000484e4718        0x0 dlowpass1.o07
 .data          0x00000000484e4718       0x14 rti_sim_engine.o07
                0x00000000484e4718                simState
                0x00000000484e4728                lastSimState
 .data          0x00000000484e472c        0x0 rti_init_c.o07
 .data          0x00000000484e472c        0x0 rt_sim.o07
 .data          0x00000000484e472c        0x0 rti_assert.o07
 .data          0x00000000484e472c        0x0 C:\Program Files\dSPACE RCPHIL 2020-B\DS1202\Lib/librtversion.a(RtVersion.o)
 .data          0x00000000484e472c        0x0 C:\Program Files\dSPACE RCPHIL 2020-B\DS1202\Lib/librtglobals.a(DsEESPort.o)
 .data.rel      0x00000000484e472c        0xc C:\Program Files\dSPACE RCPHIL 2020-B\DS1202\Lib/librtglobals.a(DsEESPort.o)
                0x00000000484e472c                p_xilapi_eesport_errorswitching_uint32_T
                0x00000000484e4730                p_xilapi_eesport_erroractivated_uint32_T
                0x00000000484e4734                p_xilapi_eesport_activeerrorset_uint32_T
 .data          0x00000000484e4738        0x0 C:\Program Files\dSPACE RCPHIL 2020-B\DS1202\Lib/libm_fastpow.a(w_pow.o)
 .data          0x00000000484e4738        0x0 C:\Program Files\dSPACE RCPHIL 2020-B\DS1202\Lib/libm_fastpow.a(e_pow.o)
 .data          0x00000000484e4738        0x0 C:\Program Files\dSPACE RCPHIL 2020-B\DS1202\Lib/libm_fastpow.a(s_scalbn.o)
 .data          0x00000000484e4738        0x0 c:/programdata/dspace/a8efd7e5-f405-47e4-9a8a-de544031d1f0/compiler/qnx650_520/host/win32/x86/usr/bin/../lib/gcc/powerpc-unknown-nto-qnx6.5.0/5.2.0/crtend.o
 .data          0x00000000484e4738        0x0 C:\ProgramData\dSPACE\A8EFD7E5-F405-47E4-9A8A-DE544031D1F0\Compiler\QNX650_520\target\qnx6/ppcbe/lib/crtn.o

.tm_clone_table
                0x00000000484e4738        0x0
 .tm_clone_table
                0x00000000484e4738        0x0 c:/programdata/dspace/a8efd7e5-f405-47e4-9a8a-de544031d1f0/compiler/qnx650_520/host/win32/x86/usr/bin/../lib/gcc/powerpc-unknown-nto-qnx6.5.0/5.2.0/crtbegin.o
 .tm_clone_table
                0x00000000484e4738        0x0 c:/programdata/dspace/a8efd7e5-f405-47e4-9a8a-de544031d1f0/compiler/qnx650_520/host/win32/x86/usr/bin/../lib/gcc/powerpc-unknown-nto-qnx6.5.0/5.2.0/crtend.o

.data1
 *(.data1)

.got            0x00000000484e4738       0x54
 *(.got)
 .got           0x00000000484e4738       0x54 C:\ProgramData\dSPACE\A8EFD7E5-F405-47E4-9A8A-DE544031D1F0\Compiler\QNX650_520\target\qnx6/ppcbe/lib/crt1.o
                0x00000000484e4780                _GLOBAL_OFFSET_TABLE_

.sdata          0x00000000484e478c        0x0
                0x0000000000008000                PROVIDE (_SDA_BASE_, 0x8000)
 *(.sdata .sdata.* .gnu.linkonce.s.*)
 .sdata         0x00000000484e478c        0x0 C:\ProgramData\dSPACE\A8EFD7E5-F405-47E4-9A8A-DE544031D1F0\Compiler\QNX650_520\target\qnx6/ppcbe/lib/crt1.o
                0x00000000484e478c                _edata = .
                [!provide]                        PROVIDE (edata, .)
                0x00000000484e478c                __bss_start = .

.sbss           0x00000000484e478c        0x0
                [!provide]                        PROVIDE (__sbss_start, .)
                [!provide]                        PROVIDE (___sbss_start, .)
 *(.dynsbss)
 .dynsbss       0x00000000484e478c        0x0 C:\ProgramData\dSPACE\A8EFD7E5-F405-47E4-9A8A-DE544031D1F0\Compiler\QNX650_520\target\qnx6/ppcbe/lib/crt1.o
 *(.sbss .sbss.* .gnu.linkonce.sb.*)
 *(.scommon)
                [!provide]                        PROVIDE (__sbss_end, .)
                [!provide]                        PROVIDE (___sbss_end, .)

.plt            0x00000000484e478c      0x540
 *(.plt)
 .plt           0x00000000484e478c      0x540 C:\ProgramData\dSPACE\A8EFD7E5-F405-47E4-9A8A-DE544031D1F0\Compiler\QNX650_520\target\qnx6/ppcbe/lib/crt1.o
                0x00000000484e47d4                DsIoEth_getLinkState
                0x00000000484e47dc                ts_reset
                0x00000000484e47e4                __register_frame_info
                0x00000000484e47ec                DioCl2EncoderIn_create
                0x00000000484e47f4                msg_error_clear
                0x00000000484e47fc                dsrtt_set_current_time
                0x00000000484e4804                sqrt
                0x00000000484e480c                DsIoEth_recvfrom
                0x00000000484e4814                calloc
                0x00000000484e481c                DioCl2EncoderIn_read
                0x00000000484e4824                rtk_current_task_absolute_time_ptr_get
                0x00000000484e482c                DsTimeSync_simstateRun
                0x00000000484e4834                DacCl1AnalogOut_create
                0x00000000484e483c                DioCl2EncoderIn_setEncPosition
                0x00000000484e4844                DioCl2EncoderIn_stop
                0x00000000484e484c                floor
                0x00000000484e4854                memcpy
                0x00000000484e485c                rtk_setup_temp_overrun_handling
                0x00000000484e4864                DsIoEth_close
                0x00000000484e486c                DsIoEth_open
                0x00000000484e4874                DsIoEth_setAddrFilter
                0x00000000484e487c                DioCl2EncoderIn_setIndexMode
                0x00000000484e4884                DsIoEth_setNetMask
                0x00000000484e488c                SrtkIntBase_requestTaskMode
                0x00000000484e4894                rtk_reset_tasks
                0x00000000484e489c                __cxa_finalize
                0x00000000484e48a4                malloc
                0x00000000484e48ac                _init_array
                0x00000000484e48b4                rtk_set_task_type
                0x00000000484e48bc                DsTimeSync_baserate
                0x00000000484e48c4                rtk_task_name_set
                0x00000000484e48cc                tan
                0x00000000484e48d4                DioCl2EncoderIn_write
                0x00000000484e48dc                DacCl1AnalogOut_apply
                0x00000000484e48e4                strlen
                0x00000000484e48ec                dsrtt_script_service_post_computation
                0x00000000484e48f4                rtk_create_task
                0x00000000484e48fc                msg_warning_printf
                0x00000000484e4904                msg_last_error_number
                0x00000000484e490c                DioCl2EncoderIn_start
                0x00000000484e4914                dsparam_copy_data_set
                0x00000000484e491c                SrtkPreload_preloadRegion
                0x00000000484e4924                msg_error_set
                0x00000000484e492c                rtk_enable_services
                0x00000000484e4934                SrtkDaq_Init
                0x00000000484e493c                rtk_task_task_calls_get
                0x00000000484e4944                DsTimeSync_setCurrentTimePtr
                0x00000000484e494c                SrtkIntBase_enableIntGlobal
                0x00000000484e4954                vsprintf
                0x00000000484e495c                DsIoEth_getIpAddress
                0x00000000484e4964                DacCl1AnalogOut_write
                0x00000000484e496c                rtk_overrun_flag_clear
                0x00000000484e4974                rtk_bind_interrupt
                0x00000000484e497c                DacCl1AnalogOut_stop
                0x00000000484e4984                _init_libc
                0x00000000484e498c                DioCl2EncoderIn_setGatedMode
                0x00000000484e4994                dsrtt_init
                0x00000000484e499c                SrtkApp_terminate
                0x00000000484e49a4                DioCl2EncoderIn_setMaxPosition
                0x00000000484e49ac                DioCl2EncoderIn_setMinPosition
                0x00000000484e49b4                msg_info_set
                0x00000000484e49bc                DsIoEth_setIpAddress
                0x00000000484e49c4                dsrtt_script_service_pre_computation
                0x00000000484e49cc                DacCl1AnalogOut_start
                0x00000000484e49d4                msg_error_printf
                0x00000000484e49dc                DsIoEth_setGatewayAddress
                0x00000000484e49e4                DioCl2EncoderIn_setEncPosValidity
                0x00000000484e49ec                memset
                0x00000000484e49f4                _Sin
                0x00000000484e49fc                DioCl2EncoderIn_getEncPosition
                0x00000000484e4a04                rtk_leave_idle_mode
                0x00000000484e4a0c                DsIoEth_getRecvFramesDropped
                0x00000000484e4a14                __wrap_exit
                0x00000000484e4a1c                __wrap_atexit
                0x00000000484e4a24                DioCl2EncoderIn_setMeasurementInterval
                0x00000000484e4a2c                DacCl1AnalogOut_setOutputValue
                0x00000000484e4a34                _fini_array
                0x00000000484e4a3c                SrtkDaq_Background
                0x00000000484e4a44                _preinit_array
                0x00000000484e4a4c                SrtkApp_init
                0x00000000484e4a54                SrtkDaq_Service
                0x00000000484e4a5c                rtk_task_task_name_get
                0x00000000484e4a64                SrtkSim_notifyStateTransition
                0x00000000484e4a6c                DioCl2EncoderIn_apply
                0x00000000484e4a74                DioCl2EncoderIn_getEncVelocity
                0x00000000484e4a7c                msg_info_printf
                0x00000000484e4a84                msg_set
                0x00000000484e4a8c                DsIoEth_ntohs
                0x00000000484e4a94                DsIoEth_getPortState
                0x00000000484e4a9c                rtk_get_subentry
                0x00000000484e4aa4                DsIoEth_htons
                0x00000000484e4aac                dsrtt_set_step_size
                0x00000000484e4ab4                rtk_enter_idle_mode
                0x00000000484e4abc                rtk_initialize
                0x00000000484e4ac4                DacCl1AnalogOut_setOutputHighZ
                0x00000000484e4acc                DsIoEth_create
                0x00000000484e4ad4                DsIoEth_getMgmtEvent
                0x00000000484e4adc                DioCl2EncoderIn_setEncoderLines
                0x00000000484e4ae4                SrtkApp_background
                0x00000000484e4aec                rtk_default_overrun_fcn
                0x00000000484e4af4                vcm_module_register
                0x00000000484e4afc                DsTimeSync_simstateStop
                0x00000000484e4b04                DsIoEth_setRecvFrameSize
                0x00000000484e4b0c                SrtkIntBase_disableIntGlobal
                0x00000000484e4b14                SrtkSim_registerState
                0x00000000484e4b1c                __deregister_frame_info

.bss            0x00000000484e4cd0     0x2a8c
 *(.dynbss)
 .dynbss        0x00000000484e4cd0       0x14 C:\ProgramData\dSPACE\A8EFD7E5-F405-47E4-9A8A-DE544031D1F0\Compiler\QNX650_520\target\qnx6/ppcbe/lib/crt1.o
                0x00000000484e4cd0                errno
                0x00000000484e4cd8                dsts_sum_of_reseted_time
                0x00000000484e4ce0                msg_last_error_no
 *(.bss .bss.* .gnu.linkonce.b.*)
 .bss           0x00000000484e4ce4        0x0 C:\ProgramData\dSPACE\A8EFD7E5-F405-47E4-9A8A-DE544031D1F0\Compiler\QNX650_520\target\qnx6/ppcbe/lib/crt1.o
 .bss           0x00000000484e4ce4        0x0 C:\ProgramData\dSPACE\A8EFD7E5-F405-47E4-9A8A-DE544031D1F0\Compiler\QNX650_520\target\qnx6/ppcbe/lib/crti.o
 .bss           0x00000000484e4ce4       0x20 c:/programdata/dspace/a8efd7e5-f405-47e4-9a8a-de544031d1f0/compiler/qnx650_520/host/win32/x86/usr/bin/../lib/gcc/powerpc-unknown-nto-qnx6.5.0/5.2.0/crtbegin.o
 *fill*         0x00000000484e4d04        0x4 
 .bss           0x00000000484e4d08     0x24d0 Ball_and_Plate_MicroLabBox_student.o07
                0x00000000484e4d08                Ball_and_Plate_MicroLabBox_student_M_
                0x00000000484e6c18                Ball_and_Plate_MicroLabBox_student_B
                0x00000000484e6fa0                Ball_and_Plate_MicroLabBox_student_Y
                0x00000000484e6fb8                Ball_and_Plate_MicroLabBox_student_DW
                0x00000000484e71b8                Ball_and_Plate_MicroLabBox_student_PrevZCX
                0x00000000484e71c0                Ball_and_Plate_MicroLabBox_student_X
 .bss           0x00000000484e71d8        0x8 rt_matrx.o07
 .bss           0x00000000484e71e0      0x400 rt_printf.o07
 .bss           0x00000000484e75e0        0x0 Ball_and_Plate_MicroLabBox_student_data.o07
 .bss           0x00000000484e75e0       0xe0 Ball_and_Plate_MicroLabBox_student_trc_ptr.o07
                0x00000000484e75e0                p_0_Ball_and_Plate_MicroLabBox_student_real_T_0
                0x00000000484e75e4                p_0_Ball_and_Plate_MicroLabBox_student_uint32_T_1
                0x00000000484e75e8                p_0_Ball_and_Plate_MicroLabBox_student_uint16_T_2
                0x00000000484e75ec                p_0_Ball_and_Plate_MicroLabBox_student_uint8_T_3
                0x00000000484e75f0                p_0_Ball_and_Plate_MicroLabBox_student_boolean_T_4
                0x00000000484e75f4                p_0_Ball_and_Plate_MicroLabBox_student_real_T_5
                0x00000000484e75f8                p_0_Ball_and_Plate_MicroLabBox_student_real_T_6
                0x00000000484e75fc                p_0_Ball_and_Plate_MicroLabBox_student_real_T_7
                0x00000000484e7600                p_0_Ball_and_Plate_MicroLabBox_student_real_T_8
                0x00000000484e7604                p_0_Ball_and_Plate_MicroLabBox_student_real_T_9
                0x00000000484e7608                p_0_Ball_and_Plate_MicroLabBox_student_real_T_10
                0x00000000484e760c                p_0_Ball_and_Plate_MicroLabBox_student_real_T_11
                0x00000000484e7610                p_0_Ball_and_Plate_MicroLabBox_student_real_T_12
                0x00000000484e7614                p_0_Ball_and_Plate_MicroLabBox_student_real_T_13
                0x00000000484e7618                p_0_Ball_and_Plate_MicroLabBox_student_real_T_14
                0x00000000484e761c                p_0_Ball_and_Plate_MicroLabBox_student_real_T_15
                0x00000000484e7620                p_0_Ball_and_Plate_MicroLabBox_student_real_T_16
                0x00000000484e7624                p_0_Ball_and_Plate_MicroLabBox_student_real_T_17
                0x00000000484e7628                p_0_Ball_and_Plate_MicroLabBox_student_real_T_18
                0x00000000484e762c                p_0_Ball_and_Plate_MicroLabBox_student_real_T_19
                0x00000000484e7630                p_0_Ball_and_Plate_MicroLabBox_student_real_T_20
                0x00000000484e7634                p_0_Ball_and_Plate_MicroLabBox_student_real_T_21
                0x00000000484e7638                p_0_Ball_and_Plate_MicroLabBox_student_real_T_22
                0x00000000484e763c                p_0_Ball_and_Plate_MicroLabBox_student_real_T_23
                0x00000000484e7640                p_1_Ball_and_Plate_MicroLabBox_student_real_T_0
                0x00000000484e7644                p_1_Ball_and_Plate_MicroLabBox_student_real_T_1
                0x00000000484e7648                p_1_Ball_and_Plate_MicroLabBox_student_real_T_2
                0x00000000484e764c                p_1_Ball_and_Plate_MicroLabBox_student_real_T_3
                0x00000000484e7650                p_1_Ball_and_Plate_MicroLabBox_student_real_T_4
                0x00000000484e7654                p_1_Ball_and_Plate_MicroLabBox_student_real_T_5
                0x00000000484e7658                p_1_Ball_and_Plate_MicroLabBox_student_real_T_6
                0x00000000484e765c                p_2_Ball_and_Plate_MicroLabBox_student_real_T_0
                0x00000000484e7660                p_2_Ball_and_Plate_MicroLabBox_student_int8_T_1
                0x00000000484e7664                p_2_Ball_and_Plate_MicroLabBox_student_boolean_T_2
                0x00000000484e7668                p_2_Ball_and_Plate_MicroLabBox_student_boolean_T_3
                0x00000000484e766c                p_2_Ball_and_Plate_MicroLabBox_student_real_T_4
                0x00000000484e7670                p_2_Ball_and_Plate_MicroLabBox_student_real_T_5
                0x00000000484e7674                p_2_Ball_and_Plate_MicroLabBox_student_real_T_6
                0x00000000484e7678                p_2_Ball_and_Plate_MicroLabBox_student_boolean_T_7
                0x00000000484e767c                p_2_Ball_and_Plate_MicroLabBox_student_real_T_8
                0x00000000484e7680                p_2_Ball_and_Plate_MicroLabBox_student_boolean_T_9
                0x00000000484e7684                p_2_Ball_and_Plate_MicroLabBox_student_boolean_T_10
                0x00000000484e7688                p_2_Ball_and_Plate_MicroLabBox_student_real_T_11
                0x00000000484e768c                p_2_Ball_and_Plate_MicroLabBox_student_real_T_12
                0x00000000484e7690                p_2_Ball_and_Plate_MicroLabBox_student_boolean_T_13
                0x00000000484e7694                p_2_Ball_and_Plate_MicroLabBox_student_real_T_14
                0x00000000484e7698                p_2_Ball_and_Plate_MicroLabBox_student_boolean_T_15
                0x00000000484e769c                p_2_Ball_and_Plate_MicroLabBox_student_boolean_T_16
                0x00000000484e76a0                p_2_Ball_and_Plate_MicroLabBox_student_real_T_17
                0x00000000484e76a4                p_2_Ball_and_Plate_MicroLabBox_student_real_T_18
                0x00000000484e76a8                p_2_Ball_and_Plate_MicroLabBox_student_boolean_T_19
                0x00000000484e76ac                p_2_Ball_and_Plate_MicroLabBox_student_real_T_20
                0x00000000484e76b0                p_3_Ball_and_Plate_MicroLabBox_student_real_T_0
                0x00000000484e76b4                p_5_Ball_and_Plate_MicroLabBox_student_real_T_0
                0x00000000484e76b8                p_5_Ball_and_Plate_MicroLabBox_student_uint32_T_1
                0x00000000484e76bc                p_5_Ball_and_Plate_MicroLabBox_student_real_T_2
 .bss           0x00000000484e76c0        0x0 rtGetInf.o07
 .bss           0x00000000484e76c0        0x0 rtGetNaN.o07
 .bss           0x00000000484e76c0       0x2c rt_nonfinite.o07
                0x00000000484e76c0                rtNaN
                0x00000000484e76c8                rtNaNF
                0x00000000484e76d0                rtInf
                0x00000000484e76d8                rtInfF
                0x00000000484e76e0                rtMinusInf
                0x00000000484e76e8                rtMinusInfF
 .bss           0x00000000484e76ec        0x0 rt_zcfcn.o07
 .bss           0x00000000484e76ec        0x0 dleadlag.o07
 .bss           0x00000000484e76ec        0x0 dlowpass1.o07
 *fill*         0x00000000484e76ec        0x4 
 .bss           0x00000000484e76f0       0x54 rti_sim_engine.o07
                0x00000000484e76f0                currentTime
                0x00000000484e76f4                finalTime
                0x00000000484e76f8                modelStepSize
                0x00000000484e7700                pRTIDacC1AnalogOut_Ch_1
                0x00000000484e7704                pRTIEmcEncoder_Unit_1_DioCl_2_Port_1_Ch1
                0x00000000484e7708                pRTIDacC1AnalogOut_Ch_2
                0x00000000484e770c                pRTIEmcEncoder_Unit_2_DioCl_2_Port_1_Ch3
                0x00000000484e7710                pRTIDacC1AnalogOut_Ch_3
                0x00000000484e7714                pRTIEmcEncoder_Unit_3_DioCl_2_Port_1_Ch5
                0x00000000484e7718                taskMode
                0x00000000484e771c                pRti_TIMERA_STime
                0x00000000484e7720                pRti_TIMERA_TTime
                0x00000000484e7724                pRti_TIMERA_TState
                0x00000000484e7728                pRti_TIMERA_OType
                0x00000000484e772c                pRti_TIMERA_OMax
                0x00000000484e7730                pRti_TIMERA_ORpt
                0x00000000484e7734                pRti_TIMERA_OCnt
                0x00000000484e7738                pRti_TIMERA_TCnt
                0x00000000484e773c                pRti_TIMERA_Prio
                0x00000000484e7740                rtiAssertionMode
 .bss           0x00000000484e7744        0x4 rti_init_c.o07
 .bss           0x00000000484e7748        0x0 rt_sim.o07
 .bss           0x00000000484e7748        0x0 rti_assert.o07
 .bss           0x00000000484e7748        0x0 C:\Program Files\dSPACE RCPHIL 2020-B\DS1202\Lib/librtversion.a(RtVersion.o)
 .bss           0x00000000484e7748       0x14 C:\Program Files\dSPACE RCPHIL 2020-B\DS1202\Lib/librtglobals.a(DsEESPort.o)
                0x00000000484e7748                xilapi_eesport_trigger_uint32_T
                0x00000000484e774c                xilapi_eesport_flags_uint32_T
                0x00000000484e7750                xilapi_eesport_errorswitching_uint32_T
                0x00000000484e7754                xilapi_eesport_erroractivated_uint32_T
                0x00000000484e7758                xilapi_eesport_activeerrorset_uint32_T
 .bss           0x00000000484e775c        0x0 C:\Program Files\dSPACE RCPHIL 2020-B\DS1202\Lib/libm_fastpow.a(w_pow.o)
 .bss           0x00000000484e775c        0x0 C:\Program Files\dSPACE RCPHIL 2020-B\DS1202\Lib/libm_fastpow.a(e_pow.o)
 .bss           0x00000000484e775c        0x0 C:\Program Files\dSPACE RCPHIL 2020-B\DS1202\Lib/libm_fastpow.a(s_scalbn.o)
 .bss           0x00000000484e775c        0x0 c:/programdata/dspace/a8efd7e5-f405-47e4-9a8a-de544031d1f0/compiler/qnx650_520/host/win32/x86/usr/bin/../lib/gcc/powerpc-unknown-nto-qnx6.5.0/5.2.0/crtend.o
 .bss           0x00000000484e775c        0x0 C:\ProgramData\dSPACE\A8EFD7E5-F405-47E4-9A8A-DE544031D1F0\Compiler\QNX650_520\target\qnx6/ppcbe/lib/crtn.o
 *(COMMON)
                0x00000000484e775c                . = ALIGN ((. != 0x0)?0x4:0x1)

.iplt           0x00000000484e7760        0x0
 .iplt          0x00000000484e7760        0x0 C:\ProgramData\dSPACE\A8EFD7E5-F405-47E4-9A8A-DE544031D1F0\Compiler\QNX650_520\target\qnx6/ppcbe/lib/crt1.o
                0x00000000484e7760                . = ALIGN (0x4)
                0x00000000484e7760                . = ALIGN (0x4)
                0x00000000484e7760                __end = .
                0x00000000484e7760                _end = .
                [!provide]                        PROVIDE (end, .)
                0x00000000484e7760                . = DATA_SEGMENT_END (.)

.stab
 *(.stab)

.stabstr
 *(.stabstr)

.stab.excl
 *(.stab.excl)

.stab.exclstr
 *(.stab.exclstr)

.stab.index
 *(.stab.index)

.stab.indexstr
 *(.stab.indexstr)

.comment        0x0000000000000000       0x47
 *(.comment)
 .comment       0x0000000000000000       0x11 c:/programdata/dspace/a8efd7e5-f405-47e4-9a8a-de544031d1f0/compiler/qnx650_520/host/win32/x86/usr/bin/../lib/gcc/powerpc-unknown-nto-qnx6.5.0/5.2.0/crtbegin.o
                                         0x12 (size before relaxing)
 .comment       0x0000000000000011       0x12 Ball_and_Plate_MicroLabBox_student.o07
 .comment       0x0000000000000011       0x12 rt_matrx.o07
 .comment       0x0000000000000011       0x12 rt_printf.o07
 .comment       0x0000000000000011       0x12 Ball_and_Plate_MicroLabBox_student_data.o07
 .comment       0x0000000000000011       0x12 Ball_and_Plate_MicroLabBox_student_trc_ptr.o07
 .comment       0x0000000000000011       0x12 rtGetInf.o07
 .comment       0x0000000000000011       0x12 rtGetNaN.o07
 .comment       0x0000000000000011       0x12 rt_nonfinite.o07
 .comment       0x0000000000000011       0x12 rt_zcfcn.o07
 .comment       0x0000000000000011       0x12 dleadlag.o07
 .comment       0x0000000000000011       0x12 dlowpass1.o07
 .comment       0x0000000000000011       0x12 rti_sim_engine.o07
 .comment       0x0000000000000011       0x12 rti_init_c.o07
 .comment       0x0000000000000011       0x12 rt_sim.o07
 .comment       0x0000000000000011       0x12 rti_assert.o07
 .comment       0x0000000000000011       0x12 C:\Program Files\dSPACE RCPHIL 2020-B\DS1202\Lib/librtversion.a(RtVersion.o)
 .comment       0x0000000000000011       0x12 C:\Program Files\dSPACE RCPHIL 2020-B\DS1202\Lib/librtglobals.a(DsEESPort.o)
 .comment       0x0000000000000011       0x12 C:\Program Files\dSPACE RCPHIL 2020-B\DS1202\Lib/libm_fastpow.a(w_pow.o)
 .comment       0x0000000000000023       0x12 C:\Program Files\dSPACE RCPHIL 2020-B\DS1202\Lib/libm_fastpow.a(e_pow.o)
 .comment       0x0000000000000035       0x12 C:\Program Files\dSPACE RCPHIL 2020-B\DS1202\Lib/libm_fastpow.a(s_scalbn.o)
 .comment       0x0000000000000047       0x12 c:/programdata/dspace/a8efd7e5-f405-47e4-9a8a-de544031d1f0/compiler/qnx650_520/host/win32/x86/usr/bin/../lib/gcc/powerpc-unknown-nto-qnx6.5.0/5.2.0/crtend.o

.PPC.EMB.apuinfo
                0x0000000000000000       0x18
 .PPC.EMB.apuinfo
                0x0000000000000000       0x18 Ball_and_Plate_MicroLabBox_student.o07
 .PPC.EMB.apuinfo
                0x0000000000000018       0x18 rt_matrx.o07
 .PPC.EMB.apuinfo
                0x0000000000000030       0x18 rt_nonfinite.o07
 .PPC.EMB.apuinfo
                0x0000000000000048       0x18 rt_zcfcn.o07
 .PPC.EMB.apuinfo
                0x0000000000000060       0x18 rti_sim_engine.o07

.debug
 *(.debug)

.line
 *(.line)

.debug_srcinfo
 *(.debug_srcinfo)

.debug_sfnames
 *(.debug_sfnames)

.debug_aranges
 *(.debug_aranges)

.debug_pubnames
 *(.debug_pubnames)

.debug_info
 *(.debug_info .gnu.linkonce.wi.*)

.debug_abbrev
 *(.debug_abbrev)

.debug_line
 *(.debug_line)

.debug_frame
 *(.debug_frame)

.debug_str
 *(.debug_str)

.debug_loc
 *(.debug_loc)

.debug_macinfo
 *(.debug_macinfo)

.debug_weaknames
 *(.debug_weaknames)

.debug_funcnames
 *(.debug_funcnames)

.debug_typenames
 *(.debug_typenames)

.debug_varnames
 *(.debug_varnames)

.debug_pubtypes
 *(.debug_pubtypes)

.debug_ranges
 *(.debug_ranges)

.gnu.attributes
                0x0000000000000000       0x14
 *(.gnu.attributes)
 .gnu.attributes
                0x0000000000000000       0x10 Ball_and_Plate_MicroLabBox_student.o07
 .gnu.attributes
                0x0000000000000010       0x10 rt_matrx.o07
 .gnu.attributes
                0x0000000000000020       0x10 rt_printf.o07
 .gnu.attributes
                0x0000000000000030       0x10 rtGetInf.o07
 .gnu.attributes
                0x0000000000000040       0x10 rtGetNaN.o07
 .gnu.attributes
                0x0000000000000050       0x10 rt_nonfinite.o07
 .gnu.attributes
                0x0000000000000060       0x10 rt_zcfcn.o07
 .gnu.attributes
                0x0000000000000070       0x10 dleadlag.o07
 .gnu.attributes
                0x0000000000000080       0x10 dlowpass1.o07
 .gnu.attributes
                0x0000000000000090       0x10 rti_sim_engine.o07
 .gnu.attributes
                0x00000000000000a0       0x10 rt_sim.o07
 .gnu.attributes
                0x00000000000000b0       0x10 rti_assert.o07
 .gnu.attributes
                0x00000000000000c0       0x14 C:\Program Files\dSPACE RCPHIL 2020-B\DS1202\Lib/libm_fastpow.a(w_pow.o)
 .gnu.attributes
                0x00000000000000d4       0x14 C:\Program Files\dSPACE RCPHIL 2020-B\DS1202\Lib/libm_fastpow.a(e_pow.o)
 .gnu.attributes
                0x00000000000000e8       0x14 C:\Program Files\dSPACE RCPHIL 2020-B\DS1202\Lib/libm_fastpow.a(s_scalbn.o)

/DISCARD/
 *(.note.GNU-stack)
 *(.gnu_debuglink)
OUTPUT(Ball_and_Plate_MicroLabBox_student.ppc elf32-powerpc)
